Component: ARM Compiler 5.06 update 7 (build 960) Tool: armlink [4d3601]

==============================================================================

Section Cross References

    startup_stm32f303xc.o(RESET) refers to startup_stm32f303xc.o(STACK) for __initial_sp
    startup_stm32f303xc.o(RESET) refers to startup_stm32f303xc.o(.text) for Reset_Handler
    startup_stm32f303xc.o(RESET) refers to stm32f3xx_it.o(i.NMI_Handler) for NMI_Handler
    startup_stm32f303xc.o(RESET) refers to stm32f3xx_it.o(i.HardFault_Handler) for HardFault_Handler
    startup_stm32f303xc.o(RESET) refers to stm32f3xx_it.o(i.MemManage_Handler) for MemManage_Handler
    startup_stm32f303xc.o(RESET) refers to stm32f3xx_it.o(i.BusFault_Handler) for BusFault_Handler
    startup_stm32f303xc.o(RESET) refers to stm32f3xx_it.o(i.UsageFault_Handler) for UsageFault_Handler
    startup_stm32f303xc.o(RESET) refers to stm32f3xx_it.o(i.SVC_Handler) for SVC_Handler
    startup_stm32f303xc.o(RESET) refers to stm32f3xx_it.o(i.DebugMon_Handler) for DebugMon_Handler
    startup_stm32f303xc.o(RESET) refers to stm32f3xx_it.o(i.PendSV_Handler) for PendSV_Handler
    startup_stm32f303xc.o(RESET) refers to stm32f3xx_it.o(i.SysTick_Handler) for SysTick_Handler
    startup_stm32f303xc.o(RESET) refers to stm32f3xx_it.o(i.USB_LP_CAN_RX0_IRQHandler) for USB_LP_CAN_RX0_IRQHandler
    startup_stm32f303xc.o(.text) refers to system_stm32f3xx.o(i.SystemInit) for SystemInit
    startup_stm32f303xc.o(.text) refers to entry.o(.ARM.Collect$$$$00000000) for __main
    main.o(i.GPIO_PINS_RESET) refers to stm32f3xx_hal_gpio.o(i.HAL_GPIO_WritePin) for HAL_GPIO_WritePin
    main.o(i.MX_ADC1_Init) refers to memseta.o(.text) for __aeabi_memclr4
    main.o(i.MX_ADC1_Init) refers to stm32f3xx_hal_adc_ex.o(i.HAL_ADC_Init) for HAL_ADC_Init
    main.o(i.MX_ADC1_Init) refers to stm32f3xx_hal_adc_ex.o(i.HAL_ADCEx_MultiModeConfigChannel) for HAL_ADCEx_MultiModeConfigChannel
    main.o(i.MX_ADC1_Init) refers to stm32f3xx_hal_adc_ex.o(i.HAL_ADC_ConfigChannel) for HAL_ADC_ConfigChannel
    main.o(i.MX_ADC1_Init) refers to main.o(.bss) for .bss
    main.o(i.MX_ADC2_Init) refers to memseta.o(.text) for __aeabi_memclr4
    main.o(i.MX_ADC2_Init) refers to stm32f3xx_hal_adc_ex.o(i.HAL_ADC_Init) for HAL_ADC_Init
    main.o(i.MX_ADC2_Init) refers to stm32f3xx_hal_adc_ex.o(i.HAL_ADC_ConfigChannel) for HAL_ADC_ConfigChannel
    main.o(i.MX_ADC2_Init) refers to main.o(.bss) for .bss
    main.o(i.MX_GPIO_Init) refers to memseta.o(.text) for __aeabi_memclr4
    main.o(i.MX_GPIO_Init) refers to stm32f3xx_hal_gpio.o(i.HAL_GPIO_WritePin) for HAL_GPIO_WritePin
    main.o(i.MX_GPIO_Init) refers to stm32f3xx_hal_gpio.o(i.HAL_GPIO_Init) for HAL_GPIO_Init
    main.o(i.SystemClock_Config) refers to memseta.o(.text) for __aeabi_memclr4
    main.o(i.SystemClock_Config) refers to stm32f3xx_hal_rcc.o(i.HAL_RCC_OscConfig) for HAL_RCC_OscConfig
    main.o(i.SystemClock_Config) refers to stm32f3xx_hal_rcc.o(i.HAL_RCC_ClockConfig) for HAL_RCC_ClockConfig
    main.o(i.SystemClock_Config) refers to stm32f3xx_hal_rcc_ex.o(i.HAL_RCCEx_PeriphCLKConfig) for HAL_RCCEx_PeriphCLKConfig
    main.o(i.main) refers to stm32f3xx_hal.o(i.HAL_Init) for HAL_Init
    main.o(i.main) refers to main.o(i.SystemClock_Config) for SystemClock_Config
    main.o(i.main) refers to main.o(i.MX_GPIO_Init) for MX_GPIO_Init
    main.o(i.main) refers to usb_device.o(i.MX_USB_DEVICE_Init) for MX_USB_DEVICE_Init
    main.o(i.main) refers to main.o(i.MX_ADC1_Init) for MX_ADC1_Init
    main.o(i.main) refers to main.o(i.MX_ADC2_Init) for MX_ADC2_Init
    main.o(i.main) refers to stm32f3xx_hal_adc_ex.o(i.HAL_ADC_Start) for HAL_ADC_Start
    main.o(i.main) refers to stm32f3xx_hal_adc_ex.o(i.HAL_ADC_PollForConversion) for HAL_ADC_PollForConversion
    main.o(i.main) refers to stm32f3xx_hal_adc_ex.o(i.HAL_ADC_GetValue) for HAL_ADC_GetValue
    main.o(i.main) refers to dfltui.o(.text) for __aeabi_ui2d
    main.o(i.main) refers to stm32f3xx_hal_adc_ex.o(i.HAL_ADC_Stop) for HAL_ADC_Stop
    main.o(i.main) refers to dmul.o(.text) for __aeabi_dmul
    main.o(i.main) refers to ddiv.o(.text) for __aeabi_ddiv
    main.o(i.main) refers to printfa.o(i.__0sprintf) for __2sprintf
    main.o(i.main) refers to strlen.o(.text) for strlen
    main.o(i.main) refers to usbd_cdc_if.o(i.CDC_Transmit_FS) for CDC_Transmit_FS
    main.o(i.main) refers to stm32f3xx_hal.o(i.HAL_Delay) for HAL_Delay
    main.o(i.main) refers to stm32f3xx_hal_gpio.o(i.HAL_GPIO_WritePin) for HAL_GPIO_WritePin
    main.o(i.main) refers to main.o(i.GPIO_PINS_RESET) for GPIO_PINS_RESET
    main.o(i.main) refers to main.o(.bss) for .bss
    stm32f3xx_it.o(i.SysTick_Handler) refers to stm32f3xx_hal.o(i.HAL_IncTick) for HAL_IncTick
    stm32f3xx_it.o(i.USB_LP_CAN_RX0_IRQHandler) refers to stm32f3xx_hal_pcd.o(i.HAL_PCD_IRQHandler) for HAL_PCD_IRQHandler
    stm32f3xx_it.o(i.USB_LP_CAN_RX0_IRQHandler) refers to usbd_conf.o(.bss) for hpcd_USB_FS
[...]
    ..\Drivers\STM32F3xx_HAL_Driver\Src\stm32f3xx_hal_flash.c 0x00000000   Number         0  stm32f3xx_hal_flash.o ABSOLUTE
    ..\Drivers\STM32F3xx_HAL_Driver\Src\stm32f3xx_hal_flash_ex.c 0x00000000   Number         0  stm32f3xx_hal_flash_ex.o ABSOLUTE
    ..\Drivers\STM32F3xx_HAL_Driver\Src\stm32f3xx_hal_gpio.c 0x00000000   Number         0  stm32f3xx_hal_gpio.o ABSOLUTE
    ..\Drivers\STM32F3xx_HAL_Driver\Src\stm32f3xx_hal_i2c.c 0x00000000   Number         0  stm32f3xx_hal_i2c.o ABSOLUTE
    ..\Drivers\STM32F3xx_HAL_Driver\Src\stm32f3xx_hal_i2c_ex.c 0x00000000   Number         0  stm32f3xx_hal_i2c_ex.o ABSOLUTE
    ..\Drivers\STM32F3xx_HAL_Driver\Src\stm32f3xx_hal_pcd.c 0x00000000   Number         0  stm32f3xx_hal_pcd.o ABSOLUTE
    ..\Drivers\STM32F3xx_HAL_Driver\Src\stm32f3xx_hal_pcd_ex.c 0x00000000   Number         0  stm32f3xx_hal_pcd_ex.o ABSOLUTE
    ..\Drivers\STM32F3xx_HAL_Driver\Src\stm32f3xx_hal_pwr.c 0x00000000   Number         0  stm32f3xx_hal_pwr.o ABSOLUTE
    ..\Drivers\STM32F3xx_HAL_Driver\Src\stm32f3xx_hal_pwr_ex.c 0x00000000   Number         0  stm32f3xx_hal_pwr_ex.o ABSOLUTE
    ..\Drivers\STM32F3xx_HAL_Driver\Src\stm32f3xx_hal_rcc.c 0x00000000   Number         0  stm32f3xx_hal_rcc.o ABSOLUTE
    ..\Drivers\STM32F3xx_HAL_Driver\Src\stm32f3xx_hal_rcc_ex.c 0x00000000   Number         0  stm32f3xx_hal_rcc_ex.o ABSOLUTE
    ..\Drivers\STM32F3xx_HAL_Driver\Src\stm32f3xx_hal_tim.c 0x00000000   Number         0  stm32f3xx_hal_tim.o ABSOLUTE
    ..\Drivers\STM32F3xx_HAL_Driver\Src\stm32f3xx_hal_tim_ex.c 0x00000000   Number         0  stm32f3xx_hal_tim_ex.o ABSOLUTE
    ..\Drivers\STM32F3xx_HAL_Driver\Src\stm32f3xx_ll_usb.c 0x00000000   Number         0  stm32f3xx_ll_usb.o ABSOLUTE
    ..\Middlewares\ST\STM32_USB_Device_Library\Class\CDC\Src\usbd_cdc.c 0x00000000   Number         0  usbd_cdc.o ABSOLUTE
    ..\Middlewares\ST\STM32_USB_Device_Library\Core\Src\usbd_core.c 0x00000000   Number         0  usbd_core.o ABSOLUTE
    ..\Middlewares\ST\STM32_USB_Device_Library\Core\Src\usbd_ctlreq.c 0x00000000   Number         0  usbd_ctlreq.o ABSOLUTE
    ..\Middlewares\ST\STM32_USB_Device_Library\Core\Src\usbd_ioreq.c 0x00000000   Number         0  usbd_ioreq.o ABSOLUTE
    ..\USB_DEVICE\App\usb_device.c           0x00000000   Number         0  usb_device.o ABSOLUTE
    ..\USB_DEVICE\App\usbd_cdc_if.c          0x00000000   Number         0  usbd_cdc_if.o ABSOLUTE
    ..\USB_DEVICE\App\usbd_desc.c            0x00000000   Number         0  usbd_desc.o ABSOLUTE
    ..\USB_DEVICE\Target\usbd_conf.c         0x00000000   Number         0  usbd_conf.o ABSOLUTE
    cdrcmple.s                               0x00000000   Number         0  cdrcmple.o ABSOLUTE
    dc.s                                     0x00000000   Number         0  dc.o ABSOLUTE
    handlers.s                               0x00000000   Number         0  handlers.o ABSOLUTE
    init.s                                   0x00000000   Number         0  init.o ABSOLUTE
    startup_stm32f303xc.s                    0x00000000   Number         0  startup_stm32f303xc.o ABSOLUTE
    RESET                                    0x08000000   Section      392  startup_stm32f303xc.o(RESET)
    .ARM.Collect$$$$00000000                 0x08000188   Section        0  entry.o(.ARM.Collect$$$$00000000)
    .ARM.Collect$$$$00000001                 0x08000188   Section        4  entry2.o(.ARM.Collect$$$$00000001)
    .ARM.Collect$$$$00000004                 0x0800018c   Section        4  entry5.o(.ARM.Collect$$$$00000004)
    .ARM.Collect$$$$00000008                 0x08000190   Section        0  entry7b.o(.ARM.Collect$$$$00000008)
    .ARM.Collect$$$$0000000A                 0x08000190   Section        0  entry8b.o(.ARM.Collect$$$$0000000A)
    .ARM.Collect$$$$0000000B                 0x08000190   Section        8  entry9a.o(.ARM.Collect$$$$0000000B)
    .ARM.Collect$$$$0000000E                 0x08000198   Section        4  entry12b.o(.ARM.Collect$$$$0000000E)
    .ARM.Collect$$$$0000000F                 0x0800019c   Section        0  entry10a.o(.ARM.Collect$$$$0000000F)
    .ARM.Collect$$$$00000011                 0x0800019c   Section        0  entry11a.o(.ARM.Collect$$$$00000011)
    .ARM.Collect$$$$00002712                 0x0800019c   Section        4  entry2.o(.ARM.Collect$$$$00002712)
    __lit__00000000                          0x0800019c   Data           4  entry2.o(.ARM.Collect$$$$00002712)
    .text                                    0x080001a0   Section       36  startup_stm32f303xc.o(.text)
    $v0                                      0x080001a0   Number         0  startup_stm32f303xc.o(.text)
    .text                                    0x080001c4   Section        0  uldiv.o(.text)
    .text                                    0x08000226   Section        0  llushr.o(.text)
    .text                                    0x08000246   Section        0  memcpya.o(.text)
    .text                                    0x0800026a   Section        0  memseta.o(.text)
    .text                                    0x0800028e   Section        0  strncpy.o(.text)
    .text                                    0x080002a6   Section        0  strlen.o(.text)
    .text                                    0x080002b4   Section        0  dmul.o(.text)
    .text                                    0x08000398   Section        0  ddiv.o(.text)
    .text                                    0x08000476   Section        0  dfltui.o(.text)
    .text                                    0x08000490   Section        0  uidiv.o(.text)
    .text                                    0x080004bc   Section        0  llshl.o(.text)
    .text                                    0x080004da   Section        0  iusefp.o(.text)
    .text                                    0x080004da   Section        0  depilogue.o(.text)
    .text                                    0x08000594   Section        0  dadd.o(.text)
    .text                                    0x080006e2   Section        0  dfixul.o(.text)
    .text                                    0x08000714   Section       48  cdrcmple.o(.text)
    .text                                    0x08000744   Section       36  init.o(.text)
    .text                                    0x08000768   Section        0  llsshr.o(.text)
    .text                                    0x0800078c   Section        0  __dczerorl2.o(.text)
    i.ADC_ConversionStop                     0x080007e4   Section        0  stm32f3xx_hal_adc_ex.o(i.ADC_ConversionStop)
    ADC_ConversionStop                       0x080007e5   Thumb Code   182  stm32f3xx_hal_adc_ex.o(i.ADC_ConversionStop)
    i.ADC_Disable                            0x080008a0   Section        0  stm32f3xx_hal_adc_ex.o(i.ADC_Disable)
    ADC_Disable                              0x080008a1   Thumb Code    98  stm32f3xx_hal_adc_ex.o(i.ADC_Disable)
    i.ADC_Enable                             0x08000904   Section        0  stm32f3xx_hal_adc_ex.o(i.ADC_Enable)
    ADC_Enable                               0x08000905   Thumb Code    92  stm32f3xx_hal_adc_ex.o(i.ADC_Enable)
    i.BusFault_Handler                       0x08000964   Section        0  stm32f3xx_it.o(i.BusFault_Handler)
    i.CDC_Control_FS                         0x08000966   Section        0  usbd_cdc_if.o(i.CDC_Control_FS)
    CDC_Control_FS                           0x08000967   Thumb Code     4  usbd_cdc_if.o(i.CDC_Control_FS)
    i.CDC_DeInit_FS                          0x0800096a   Section        0  usbd_cdc_if.o(i.CDC_DeInit_FS)
    CDC_DeInit_FS                            0x0800096b   Thumb Code     4  usbd_cdc_if.o(i.CDC_DeInit_FS)
    i.CDC_Init_FS                            0x08000970   Section        0  usbd_cdc_if.o(i.CDC_Init_FS)
    CDC_Init_FS                              0x08000971   Thumb Code    24  usbd_cdc_if.o(i.CDC_Init_FS)
    i.CDC_Receive_FS                         0x08000994   Section        0  usbd_cdc_if.o(i.CDC_Receive_FS)
    CDC_Receive_FS                           0x08000995   Thumb Code    32  usbd_cdc_if.o(i.CDC_Receive_FS)
    i.CDC_Transmit_FS                        0x080009bc   Section        0  usbd_cdc_if.o(i.CDC_Transmit_FS)
    i.DebugMon_Handler                       0x080009e8   Section        0  stm32f3xx_it.o(i.DebugMon_Handler)
    i.Error_Handler                          0x080009ea   Section        0  main.o(i.Error_Handler)
    i.GPIO_PINS_RESET                        0x080009f0   Section        0  main.o(i.GPIO_PINS_RESET)
    i.HAL_ADCEx_MultiModeConfigChannel       0x08000a14   Section        0  stm32f3xx_hal_adc_ex.o(i.HAL_ADCEx_MultiModeConfigChannel)
    i.HAL_ADC_ConfigChannel                  0x08000b2c   Section        0  stm32f3xx_hal_adc_ex.o(i.HAL_ADC_ConfigChannel)
    i.HAL_ADC_GetValue                       0x08000ec0   Section        0  stm32f3xx_hal_adc_ex.o(i.HAL_ADC_GetValue)
    i.HAL_ADC_Init                           0x08000ec8   Section        0  stm32f3xx_hal_adc_ex.o(i.HAL_ADC_Init)
    i.HAL_ADC_MspInit                        0x08001114   Section        0  stm32f3xx_hal_msp.o(i.HAL_ADC_MspInit)
    i.HAL_ADC_PollForConversion              0x080011b0   Section        0  stm32f3xx_hal_adc_ex.o(i.HAL_ADC_PollForConversion)
    i.HAL_ADC_Start                          0x080012c8   Section        0  stm32f3xx_hal_adc_ex.o(i.HAL_ADC_Start)
    i.HAL_ADC_Stop                           0x08001418   Section        0  stm32f3xx_hal_adc_ex.o(i.HAL_ADC_Stop)
    i.HAL_Delay                              0x08001458   Section        0  stm32f3xx_hal.o(i.HAL_Delay)
    i.HAL_GPIO_Init                          0x0800147c   Section        0  stm32f3xx_hal_gpio.o(i.HAL_GPIO_Init)
    i.HAL_GPIO_WritePin                      0x08001634   Section        0  stm32f3xx_hal_gpio.o(i.HAL_GPIO_WritePin)
    i.HAL_GetTick                            0x08001640   Section        0  stm32f3xx_hal.o(i.HAL_GetTick)
    i.HAL_IncTick                            0x0800164c   Section        0  stm32f3xx_hal.o(i.HAL_IncTick)
    i.HAL_Init                               0x0800165c   Section        0  stm32f3xx_hal.o(i.HAL_Init)
    i.HAL_InitTick                           0x08001680   Section        0  stm32f3xx_hal.o(i.HAL_InitTick)
    i.HAL_MspInit                            0x080016c0   Section        0  stm32f3xx_hal_msp.o(i.HAL_MspInit)
    i.HAL_NVIC_EnableIRQ                     0x080016ec   Section        0  stm32f3xx_hal_cortex.o(i.HAL_NVIC_EnableIRQ)
    i.HAL_NVIC_SetPriority                   0x08001708   Section        0  stm32f3xx_hal_cortex.o(i.HAL_NVIC_SetPriority)
    i.HAL_NVIC_SetPriorityGrouping           0x08001748   Section        0  stm32f3xx_hal_cortex.o(i.HAL_NVIC_SetPriorityGrouping)
    i.HAL_PCDEx_PMAConfig                    0x0800176c   Section        0  stm32f3xx_hal_pcd_ex.o(i.HAL_PCDEx_PMAConfig)
    i.HAL_PCDEx_SetConnectionState           0x080017a8   Section        0  usbd_conf.o(i.HAL_PCDEx_SetConnectionState)
    i.HAL_PCD_DataInStageCallback            0x080017aa   Section        0  usbd_conf.o(i.HAL_PCD_DataInStageCallback)
    i.HAL_PCD_DataOutStageCallback           0x080017bc   Section        0  usbd_conf.o(i.HAL_PCD_DataOutStageCallback)
    i.HAL_PCD_EP_Close                       0x080017d0   Section        0  stm32f3xx_hal_pcd.o(i.HAL_PCD_EP_Close)
    i.HAL_PCD_EP_ClrStall                    0x0800181c   Section        0  stm32f3xx_hal_pcd.o(i.HAL_PCD_EP_ClrStall)
    i.HAL_PCD_EP_DB_Receive                  0x08001878   Section        0  stm32f3xx_hal_pcd.o(i.HAL_PCD_EP_DB_Receive)
    HAL_PCD_EP_DB_Receive                    0x08001879   Thumb Code   230  stm32f3xx_hal_pcd.o(i.HAL_PCD_EP_DB_Receive)
    i.HAL_PCD_EP_DB_Transmit                 0x0800195e   Section        0  stm32f3xx_hal_pcd.o(i.HAL_PCD_EP_DB_Transmit)
    HAL_PCD_EP_DB_Transmit                   0x0800195f   Thumb Code   544  stm32f3xx_hal_pcd.o(i.HAL_PCD_EP_DB_Transmit)
    i.HAL_PCD_EP_GetRxCount                  0x08001b7e   Section        0  stm32f3xx_hal_pcd.o(i.HAL_PCD_EP_GetRxCount)
    i.HAL_PCD_EP_Open                        0x08001b90   Section        0  stm32f3xx_hal_pcd.o(i.HAL_PCD_EP_Open)
    i.HAL_PCD_EP_Receive                     0x08001bf0   Section        0  stm32f3xx_hal_pcd.o(i.HAL_PCD_EP_Receive)
    i.HAL_PCD_EP_SetStall                    0x08001c22   Section        0  stm32f3xx_hal_pcd.o(i.HAL_PCD_EP_SetStall)
    i.HAL_PCD_EP_Transmit                    0x08001c82   Section        0  stm32f3xx_hal_pcd.o(i.HAL_PCD_EP_Transmit)
    i.HAL_PCD_IRQHandler                     0x08001cb6   Section        0  stm32f3xx_hal_pcd.o(i.HAL_PCD_IRQHandler)
    i.HAL_PCD_Init                           0x08001db6   Section        0  stm32f3xx_hal_pcd.o(i.HAL_PCD_Init)
    i.HAL_PCD_MspInit                        0x08001e5c   Section        0  usbd_conf.o(i.HAL_PCD_MspInit)
    i.HAL_PCD_ResetCallback                  0x08001ed0   Section        0  usbd_conf.o(i.HAL_PCD_ResetCallback)
    i.HAL_PCD_ResumeCallback                 0x08001ef6   Section        0  usbd_conf.o(i.HAL_PCD_ResumeCallback)
    i.HAL_PCD_SOFCallback                    0x08001efe   Section        0  usbd_conf.o(i.HAL_PCD_SOFCallback)
    i.HAL_PCD_SetAddress                     0x08001f06   Section        0  stm32f3xx_hal_pcd.o(i.HAL_PCD_SetAddress)
    i.HAL_PCD_SetupStageCallback             0x08001f2e   Section        0  usbd_conf.o(i.HAL_PCD_SetupStageCallback)
    i.HAL_PCD_Start                          0x08001f3c   Section        0  stm32f3xx_hal_pcd.o(i.HAL_PCD_Start)
    i.HAL_PCD_SuspendCallback                0x08001f70   Section        0  usbd_conf.o(i.HAL_PCD_SuspendCallback)
    i.HAL_RCCEx_PeriphCLKConfig              0x08001f94   Section        0  stm32f3xx_hal_rcc_ex.o(i.HAL_RCCEx_PeriphCLKConfig)
    i.HAL_RCC_ClockConfig                    0x080021ac   Section        0  stm32f3xx_hal_rcc.o(i.HAL_RCC_ClockConfig)
    i.HAL_RCC_GetSysClockFreq                0x080022f4   Section        0  stm32f3xx_hal_rcc.o(i.HAL_RCC_GetSysClockFreq)
    i.HAL_RCC_OscConfig                      0x08002360   Section        0  stm32f3xx_hal_rcc.o(i.HAL_RCC_OscConfig)
    i.HAL_SYSTICK_Config                     0x08002928   Section        0  stm32f3xx_hal_cortex.o(i.HAL_SYSTICK_Config)
    i.HardFault_Handler                      0x08002950   Section        0  stm32f3xx_it.o(i.HardFault_Handler)
    i.IntToUnicode                           0x08002954   Section        0  usbd_desc.o(i.IntToUnicode)
    IntToUnicode                             0x08002955   Thumb Code    56  usbd_desc.o(i.IntToUnicode)
    i.MX_ADC1_Init                           0x0800298c   Section        0  main.o(i.MX_ADC1_Init)
    MX_ADC1_Init                             0x0800298d   Thumb Code   120  main.o(i.MX_ADC1_Init)
    i.MX_ADC2_Init                           0x08002a08   Section        0  main.o(i.MX_ADC2_Init)
    MX_ADC2_Init                             0x08002a09   Thumb Code    96  main.o(i.MX_ADC2_Init)
    i.MX_GPIO_Init                           0x08002a70   Section        0  main.o(i.MX_GPIO_Init)
    MX_GPIO_Init                             0x08002a71   Thumb Code   142  main.o(i.MX_GPIO_Init)
    i.MX_USB_DEVICE_Init                     0x08002b08   Section        0  usb_device.o(i.MX_USB_DEVICE_Init)
    i.MemManage_Handler                      0x08002b5c   Section        0  stm32f3xx_it.o(i.MemManage_Handler)
    i.NMI_Handler                            0x08002b5e   Section        0  stm32f3xx_it.o(i.NMI_Handler)
    i.PCD_EP_ISR_Handler                     0x08002b60   Section        0  stm32f3xx_hal_pcd.o(i.PCD_EP_ISR_Handler)
    PCD_EP_ISR_Handler                       0x08002b61   Thumb Code   764  stm32f3xx_hal_pcd.o(i.PCD_EP_ISR_Handler)
    i.PendSV_Handler                         0x08002e5c   Section        0  stm32f3xx_it.o(i.PendSV_Handler)
    i.SVC_Handler                            0x08002e5e   Section        0  stm32f3xx_it.o(i.SVC_Handler)
    i.SysTick_Handler                        0x08002e60   Section        0  stm32f3xx_it.o(i.SysTick_Handler)
    i.SystemClock_Config                     0x08002e64   Section        0  main.o(i.SystemClock_Config)
    i.SystemInit                             0x08002ee4   Section        0  system_stm32f3xx.o(i.SystemInit)
    i.USBD_CDC_DataIn                        0x08002ef4   Section        0  usbd_cdc.o(i.USBD_CDC_DataIn)
    USBD_CDC_DataIn                          0x08002ef5   Thumb Code    70  usbd_cdc.o(i.USBD_CDC_DataIn)
    i.USBD_CDC_DataOut                       0x08002f3a   Section        0  usbd_cdc.o(i.USBD_CDC_DataOut)
    USBD_CDC_DataOut                         0x08002f3b   Thumb Code    46  usbd_cdc.o(i.USBD_CDC_DataOut)
    i.USBD_CDC_DeInit                        0x08002f68   Section        0  usbd_cdc.o(i.USBD_CDC_DeInit)
    USBD_CDC_DeInit                          0x08002f69   Thumb Code    68  usbd_cdc.o(i.USBD_CDC_DeInit)
    i.USBD_CDC_EP0_RxReady                   0x08002fac   Section        0  usbd_cdc.o(i.USBD_CDC_EP0_RxReady)
    USBD_CDC_EP0_RxReady                     0x08002fad   Thumb Code    36  usbd_cdc.o(i.USBD_CDC_EP0_RxReady)
    i.USBD_CDC_GetDeviceQualifierDescriptor  0x08002fd0   Section        0  usbd_cdc.o(i.USBD_CDC_GetDeviceQualifierDescriptor)
    i.USBD_CDC_GetFSCfgDesc                  0x08002fdc   Section        0  usbd_cdc.o(i.USBD_CDC_GetFSCfgDesc)
    USBD_CDC_GetFSCfgDesc                    0x08002fdd   Thumb Code     8  usbd_cdc.o(i.USBD_CDC_GetFSCfgDesc)
    i.USBD_CDC_GetHSCfgDesc                  0x08002fe8   Section        0  usbd_cdc.o(i.USBD_CDC_GetHSCfgDesc)
    USBD_CDC_GetHSCfgDesc                    0x08002fe9   Thumb Code     8  usbd_cdc.o(i.USBD_CDC_GetHSCfgDesc)
    i.USBD_CDC_GetOtherSpeedCfgDesc          0x08002ff4   Section        0  usbd_cdc.o(i.USBD_CDC_GetOtherSpeedCfgDesc)
    USBD_CDC_GetOtherSpeedCfgDesc            0x08002ff5   Thumb Code     8  usbd_cdc.o(i.USBD_CDC_GetOtherSpeedCfgDesc)
    i.USBD_CDC_Init                          0x08003000   Section        0  usbd_cdc.o(i.USBD_CDC_Init)
    USBD_CDC_Init                            0x08003001   Thumb Code   148  usbd_cdc.o(i.USBD_CDC_Init)
    i.USBD_CDC_ReceivePacket                 0x08003094   Section        0  usbd_cdc.o(i.USBD_CDC_ReceivePacket)
    i.USBD_CDC_RegisterInterface             0x080030bc   Section        0  usbd_cdc.o(i.USBD_CDC_RegisterInterface)
    i.USBD_CDC_SetRxBuffer                   0x080030cc   Section        0  usbd_cdc.o(i.USBD_CDC_SetRxBuffer)
    i.USBD_CDC_SetTxBuffer                   0x080030d8   Section        0  usbd_cdc.o(i.USBD_CDC_SetTxBuffer)
    i.USBD_CDC_Setup                         0x080030e8   Section        0  usbd_cdc.o(i.USBD_CDC_Setup)
    USBD_CDC_Setup                           0x080030e9   Thumb Code   172  usbd_cdc.o(i.USBD_CDC_Setup)
    i.USBD_CDC_TransmitPacket                0x08003194   Section        0  usbd_cdc.o(i.USBD_CDC_TransmitPacket)
    i.USBD_ClrClassConfig                    0x080031ca   Section        0  usbd_core.o(i.USBD_ClrClassConfig)
    i.USBD_CtlContinueRx                     0x080031d8   Section        0  usbd_ioreq.o(i.USBD_CtlContinueRx)
    i.USBD_CtlContinueSendData               0x080031e8   Section        0  usbd_ioreq.o(i.USBD_CtlContinueSendData)
    i.USBD_CtlError                          0x080031f8   Section        0  usbd_ctlreq.o(i.USBD_CtlError)
    i.USBD_CtlPrepareRx                      0x0800320e   Section        0  usbd_ioreq.o(i.USBD_CtlPrepareRx)
    i.USBD_CtlReceiveStatus                  0x0800322c   Section        0  usbd_ioreq.o(i.USBD_CtlReceiveStatus)
    i.USBD_CtlSendData                       0x08003242   Section        0  usbd_ioreq.o(i.USBD_CtlSendData)
    i.USBD_CtlSendStatus                     0x0800325c   Section        0  usbd_ioreq.o(i.USBD_CtlSendStatus)
    i.USBD_FS_ConfigStrDescriptor            0x08003274   Section        0  usbd_desc.o(i.USBD_FS_ConfigStrDescriptor)
    i.USBD_FS_DeviceDescriptor               0x08003294   Section        0  usbd_desc.o(i.USBD_FS_DeviceDescriptor)
    i.USBD_FS_InterfaceStrDescriptor         0x080032a0   Section        0  usbd_desc.o(i.USBD_FS_InterfaceStrDescriptor)
    i.USBD_FS_LangIDStrDescriptor            0x080032c4   Section        0  usbd_desc.o(i.USBD_FS_LangIDStrDescriptor)
    i.USBD_FS_ManufacturerStrDescriptor      0x080032d0   Section        0  usbd_desc.o(i.USBD_FS_ManufacturerStrDescriptor)
    i.USBD_FS_ProductStrDescriptor           0x080032f8   Section        0  usbd_desc.o(i.USBD_FS_ProductStrDescriptor)
    i.USBD_FS_SerialStrDescriptor            0x08003324   Section        0  usbd_desc.o(i.USBD_FS_SerialStrDescriptor)
    i.USBD_GetDescriptor                     0x0800335c   Section        0  usbd_ctlreq.o(i.USBD_GetDescriptor)
    USBD_GetDescriptor                       0x0800335d   Thumb Code   232  usbd_ctlreq.o(i.USBD_GetDescriptor)
    i.USBD_GetString                         0x08003444   Section        0  usbd_ctlreq.o(i.USBD_GetString)
    i.USBD_Get_USB_Status                    0x0800348c   Section        0  usbd_conf.o(i.USBD_Get_USB_Status)
    USBD_Get_USB_Status                      0x0800348d   Thumb Code    24  usbd_conf.o(i.USBD_Get_USB_Status)
    i.USBD_Init                              0x080034a4   Section        0  usbd_core.o(i.USBD_Init)
    i.USBD_LL_ClearStallEP                   0x080034ce   Section        0  usbd_conf.o(i.USBD_LL_ClearStallEP)
    i.USBD_LL_CloseEP                        0x080034e0   Section        0  usbd_conf.o(i.USBD_LL_CloseEP)
    i.USBD_LL_DataInStage                    0x080034f2   Section        0  usbd_core.o(i.USBD_LL_DataInStage)
    i.USBD_LL_DataOutStage                   0x080035b8   Section        0  usbd_core.o(i.USBD_LL_DataOutStage)
    i.USBD_LL_GetRxDataSize                  0x0800363a   Section        0  usbd_conf.o(i.USBD_LL_GetRxDataSize)
    i.USBD_LL_Init                           0x08003644   Section        0  usbd_conf.o(i.USBD_LL_Init)
    i.USBD_LL_IsStallEP                      0x080036c4   Section        0  usbd_conf.o(i.USBD_LL_IsStallEP)
    i.USBD_LL_OpenEP                         0x080036e4   Section        0  usbd_conf.o(i.USBD_LL_OpenEP)
    i.USBD_LL_PrepareReceive                 0x080036fc   Section        0  usbd_conf.o(i.USBD_LL_PrepareReceive)
    i.USBD_LL_Reset                          0x0800370e   Section        0  usbd_core.o(i.USBD_LL_Reset)
    i.USBD_LL_Resume                         0x0800375e   Section        0  usbd_core.o(i.USBD_LL_Resume)
    i.USBD_LL_SOF                            0x08003772   Section        0  usbd_core.o(i.USBD_LL_SOF)
    i.USBD_LL_SetSpeed                       0x0800378a   Section        0  usbd_core.o(i.USBD_LL_SetSpeed)
    i.USBD_LL_SetUSBAddress                  0x08003790   Section        0  usbd_conf.o(i.USBD_LL_SetUSBAddress)
    i.USBD_LL_SetupStage                     0x080037a2   Section        0  usbd_core.o(i.USBD_LL_SetupStage)
    i.USBD_LL_StallEP                        0x080037fc   Section        0  usbd_conf.o(i.USBD_LL_StallEP)
    i.USBD_LL_Start                          0x0800380e   Section        0  usbd_conf.o(i.USBD_LL_Start)
    i.USBD_LL_Suspend                        0x08003820   Section        0  usbd_core.o(i.USBD_LL_Suspend)
    i.USBD_LL_Transmit                       0x08003832   Section        0  usbd_conf.o(i.USBD_LL_Transmit)
    i.USBD_ParseSetupRequest                 0x08003844   Section        0  usbd_ctlreq.o(i.USBD_ParseSetupRequest)
    i.USBD_RegisterClass                     0x0800386c   Section        0  usbd_core.o(i.USBD_RegisterClass)
    i.USBD_SetClassConfig                    0x0800387c   Section        0  usbd_core.o(i.USBD_SetClassConfig)
    i.USBD_SetConfig                         0x08003894   Section        0  usbd_ctlreq.o(i.USBD_SetConfig)
    USBD_SetConfig                           0x08003895   Thumb Code   128  usbd_ctlreq.o(i.USBD_SetConfig)
    i.USBD_Start                             0x08003918   Section        0  usbd_core.o(i.USBD_Start)
    i.USBD_StdDevReq                         0x08003922   Section        0  usbd_ctlreq.o(i.USBD_StdDevReq)
    i.USBD_StdEPReq                          0x08003a34   Section        0  usbd_ctlreq.o(i.USBD_StdEPReq)
    i.USBD_StdItfReq                         0x08003b84   Section        0  usbd_ctlreq.o(i.USBD_StdItfReq)
    i.USBD_static_free                       0x08003bd2   Section        0  usbd_conf.o(i.USBD_static_free)
    i.USBD_static_malloc                     0x08003bd4   Section        0  usbd_conf.o(i.USBD_static_malloc)
    i.USB_ActivateEndpoint                   0x08003bdc   Section        0  stm32f3xx_ll_usb.o(i.USB_ActivateEndpoint)
    i.USB_DeactivateEndpoint                 0x08003e34   Section        0  stm32f3xx_ll_usb.o(i.USB_DeactivateEndpoint)
    i.USB_DevConnect                         0x08003f42   Section        0  stm32f3xx_ll_usb.o(i.USB_DevConnect)
    i.USB_DevInit                            0x08003f46   Section        0  stm32f3xx_ll_usb.o(i.USB_DevInit)
    i.USB_DisableGlobalInt                   0x08003f58   Section        0  stm32f3xx_ll_usb.o(i.USB_DisableGlobalInt)
    i.USB_EPClearStall                       0x08003f66   Section        0  stm32f3xx_ll_usb.o(i.USB_EPClearStall)
    i.USB_EPSetStall                         0x08003fde   Section        0  stm32f3xx_ll_usb.o(i.USB_EPSetStall)
    i.USB_EPStartXfer                        0x08004010   Section        0  stm32f3xx_ll_usb.o(i.USB_EPStartXfer)
    i.USB_EnableGlobalInt                    0x080044de   Section        0  stm32f3xx_ll_usb.o(i.USB_EnableGlobalInt)
    i.USB_LP_CAN_RX0_IRQHandler              0x080044f0   Section        0  stm32f3xx_it.o(i.USB_LP_CAN_RX0_IRQHandler)
    i.USB_ReadInterrupts                     0x080044fc   Section        0  stm32f3xx_ll_usb.o(i.USB_ReadInterrupts)
    i.USB_ReadPMA                            0x08004504   Section        0  stm32f3xx_ll_usb.o(i.USB_ReadPMA)
    i.USB_SetDevAddress                      0x08004530   Section        0  stm32f3xx_ll_usb.o(i.USB_SetDevAddress)
    i.USB_WritePMA                           0x0800453c   Section        0  stm32f3xx_ll_usb.o(i.USB_WritePMA)
    i.UsageFault_Handler                     0x08004562   Section        0  stm32f3xx_it.o(i.UsageFault_Handler)
    i.__0sprintf                             0x08004564   Section        0  printfa.o(i.__0sprintf)
    i.__NVIC_SetPriority                     0x0800458c   Section        0  stm32f3xx_hal_cortex.o(i.__NVIC_SetPriority)
    __NVIC_SetPriority                       0x0800458d   Thumb Code    32  stm32f3xx_hal_cortex.o(i.__NVIC_SetPriority)
    i.__scatterload_copy                     0x080045ac   Section       14  handlers.o(i.__scatterload_copy)
    i.__scatterload_null                     0x080045ba   Section        2  handlers.o(i.__scatterload_null)
    i.__scatterload_zeroinit                 0x080045bc   Section       14  handlers.o(i.__scatterload_zeroinit)
    i._fp_digits                             0x080045cc   Section        0  printfa.o(i._fp_digits)
    _fp_digits                               0x080045cd   Thumb Code   366  printfa.o(i._fp_digits)
    i._printf_core                           0x08004750   Section        0  printfa.o(i._printf_core)
    _printf_core                             0x08004751   Thumb Code  1704  printfa.o(i._printf_core)
    i._printf_post_padding                   0x08004e04   Section        0  printfa.o(i._printf_post_padding)
    _printf_post_padding                     0x08004e05   Thumb Code    36  printfa.o(i._printf_post_padding)
    i._printf_pre_padding                    0x08004e28   Section        0  printfa.o(i._printf_pre_padding)
    _printf_pre_padding                      0x08004e29   Thumb Code    46  printfa.o(i._printf_pre_padding)
    i._sputc                                 0x08004e56   Section        0  printfa.o(i._sputc)
    _sputc                                   0x08004e57   Thumb Code    10  printfa.o(i._sputc)
    i.main                                   0x08004e60   Section        0  main.o(i.main)
    .constdata                               0x08004fb8   Section       32  stm32f3xx_hal_rcc.o(.constdata)
    .constdata                               0x08004fd8   Section       16  system_stm32f3xx.o(.constdata)
    .data                                    0x20000000   Section        4  stm32f3xx_hal_msp.o(.data)
    HAL_RCC_ADC12_CLK_ENABLED                0x20000000   Data           4  stm32f3xx_hal_msp.o(.data)
    .data                                    0x20000004   Section       28  usbd_desc.o(.data)
    .data                                    0x20000020   Section       50  usbd_desc.o(.data)
    .data                                    0x20000054   Section       16  usbd_cdc_if.o(.data)
    .data                                    0x20000064   Section       12  stm32f3xx_hal.o(.data)
    .data                                    0x20000070   Section        4  system_stm32f3xx.o(.data)
    .data                                    0x20000074   Section        1  usbd_ctlreq.o(.data)
    cfgidx                                   0x20000074   Data           1  usbd_ctlreq.o(.data)
    .data                                    0x20000078   Section      215  usbd_cdc.o(.data)
    USBD_CDC_DeviceQualifierDesc             0x20000078   Data          10  usbd_cdc.o(.data)
    .data                                    0x20000150   Section       56  usbd_cdc.o(.data)
    .bss                                     0x20000188   Section      192  main.o(.bss)
    .bss                                     0x20000248   Section      708  usb_device.o(.bss)
    .bss                                     0x2000050c   Section      256  usbd_desc.o(.bss)
    .bss                                     0x2000060c   Section     2000  usbd_cdc_if.o(.bss)
    .bss                                     0x20000ddc   Section     1036  usbd_conf.o(.bss)
    mem                                      0x20000ddc   Data         288  usbd_conf.o(.bss)
    STACK                                    0x200011e8   Section     1024  startup_stm32f303xc.o(STACK)

    Global Symbols

    Symbol Name                              Value     Ov Type        Size  Object(Section)

    BuildAttributes$$THM_ISAv4$E$P$D$K$B$S$7EM$VFPi3$EXTD16$VFPS$VFMA$PE$A:L22UL41UL21$X:L11$S22US41US21$IEEE1$IW$USESV6$~STKCKD$USESV7$~SHL$OSPACE$ROPI$EBA8$MICROLIB$REQ8$PRES8$EABIv2 0x00000000   Number         0  anon$$obj.o ABSOLUTE
    __ARM_use_no_argv                        0x00000000   Number         0  main.o ABSOLUTE
    _printf_a                                0x00000000   Number         0  stubs.o ABSOLUTE
    _printf_c                                0x00000000   Number         0  stubs.o ABSOLUTE
    _printf_charcount                        0x00000000   Number         0  stubs.o ABSOLUTE
    _printf_d                                0x00000000   Number         0  stubs.o ABSOLUTE
    _printf_e                                0x00000000   Number         0  stubs.o ABSOLUTE
    _printf_f                                0x00000000   Number         0  stubs.o ABSOLUTE
    _printf_flags                            0x00000000   Number         0  stubs.o ABSOLUTE
    _printf_fp_dec                           0x00000000   Number         0  stubs.o ABSOLUTE
    _printf_fp_hex                           0x00000000   Number         0  stubs.o ABSOLUTE
    _printf_g                                0x00000000   Number         0  stubs.o ABSOLUTE
    _printf_i                                0x00000000   Number         0  stubs.o ABSOLUTE
    _printf_int_dec                          0x00000000   Number         0  stubs.o ABSOLUTE
    _printf_l                                0x00000000   Number         0  stubs.o ABSOLUTE
    _printf_lc                               0x00000000   Number         0  stubs.o ABSOLUTE
    _printf_ll                               0x00000000   Number         0  stubs.o ABSOLUTE
    _printf_lld                              0x00000000   Number         0  stubs.o ABSOLUTE
    _printf_lli                              0x00000000   Number         0  stubs.o ABSOLUTE
    _printf_llo                              0x00000000   Number         0  stubs.o ABSOLUTE
    _printf_llu                              0x00000000   Number         0  stubs.o ABSOLUTE
    _printf_llx                              0x00000000   Number         0  stubs.o ABSOLUTE
    _printf_longlong_dec                     0x00000000   Number         0  stubs.o ABSOLUTE
    _printf_longlong_hex                     0x00000000   Number         0  stubs.o ABSOLUTE
    _printf_longlong_oct                     0x00000000   Number         0  stubs.o ABSOLUTE
    _printf_ls                               0x00000000   Number         0  stubs.o ABSOLUTE
    _printf_mbtowc                           0x00000000   Number         0  stubs.o ABSOLUTE
    _printf_n                                0x00000000   Number         0  stubs.o ABSOLUTE
    _printf_o                                0x00000000   Number         0  stubs.o ABSOLUTE
    _printf_p                                0x00000000   Number         0  stubs.o ABSOLUTE
    _printf_percent                          0x00000000   Number         0  stubs.o ABSOLUTE
    _printf_pre_padding                      0x00000000   Number         0  stubs.o ABSOLUTE
    _printf_return_value                     0x00000000   Number         0  stubs.o ABSOLUTE
    _printf_s                                0x00000000   Number         0  stubs.o ABSOLUTE
    _printf_sizespec                         0x00000000   Number         0  stubs.o ABSOLUTE
    _printf_str                              0x00000000   Number         0  stubs.o ABSOLUTE
    _printf_truncate_signed                  0x00000000   Number         0  stubs.o ABSOLUTE
    _printf_truncate_unsigned                0x00000000   Number         0  stubs.o ABSOLUTE
    _printf_u                                0x00000000   Number         0  stubs.o ABSOLUTE
    _printf_wc                               0x00000000   Number         0  stubs.o ABSOLUTE
    _printf_wctomb                           0x00000000   Number         0  stubs.o ABSOLUTE
    _printf_widthprec                        0x00000000   Number         0  stubs.o ABSOLUTE
    _printf_x                                0x00000000   Number         0  stubs.o ABSOLUTE
    __arm_fini_                               - Undefined Weak Reference
    __cpp_initialize__aeabi_                  - Undefined Weak Reference
    __cxa_finalize                            - Undefined Weak Reference
    _clock_init                               - Undefined Weak Reference
    _microlib_exit                            - Undefined Weak Reference
    __Vectors_Size                           0x00000188   Number         0  startup_stm32f303xc.o ABSOLUTE
    __Vectors                                0x08000000   Data           4  startup_stm32f303xc.o(RESET)
    __Vectors_End                            0x08000188   Data           0  startup_stm32f303xc.o(RESET)
    __main                                   0x08000189   Thumb Code     0  entry.o(.ARM.Collect$$$$00000000)
    _main_stk                                0x08000189   Thumb Code     0  entry2.o(.ARM.Collect$$$$00000001)
    _main_scatterload                        0x0800018d   Thumb Code     0  entry5.o(.ARM.Collect$$$$00000004)
    __main_after_scatterload                 0x08000191   Thumb Code     0  entry5.o(.ARM.Collect$$$$00000004)
    _main_clock                              0x08000191   Thumb Code     0  entry7b.o(.ARM.Collect$$$$00000008)
    _main_cpp_init                           0x08000191   Thumb Code     0  entry8b.o(.ARM.Collect$$$$0000000A)
    _main_init                               0x08000191   Thumb Code     0  entry9a.o(.ARM.Collect$$$$0000000B)
    __rt_lib_shutdown_fini                   0x08000199   Thumb Code     0  entry12b.o(.ARM.Collect$$$$0000000E)
    __rt_final_cpp                           0x0800019d   Thumb Code     0  entry10a.o(.ARM.Collect$$$$0000000F)
    __rt_final_exit                          0x0800019d   Thumb Code     0  entry11a.o(.ARM.Collect$$$$00000011)
    Reset_Handler                            0x080001a1   Thumb Code     8  startup_stm32f303xc.o(.text)
    ADC1_2_IRQHandler                        0x080001bb   Thumb Code     0  startup_stm32f303xc.o(.text)
    ADC3_IRQHandler                          0x080001bb   Thumb Code     0  startup_stm32f303xc.o(.text)
    ADC4_IRQHandler                          0x080001bb   Thumb Code     0  startup_stm32f303xc.o(.text)
    CAN_RX1_IRQHandler                       0x080001bb   Thumb Code     0  startup_stm32f303xc.o(.text)
    CAN_SCE_IRQHandler                       0x080001bb   Thumb Code     0  startup_stm32f303xc.o(.text)
    COMP1_2_3_IRQHandler                     0x080001bb   Thumb Code     0  startup_stm32f303xc.o(.text)
    COMP4_5_6_IRQHandler                     0x080001bb   Thumb Code     0  startup_stm32f303xc.o(.text)
    COMP7_IRQHandler                         0x080001bb   Thumb Code     0  startup_stm32f303xc.o(.text)
    DMA1_Channel1_IRQHandler                 0x080001bb   Thumb Code     0  startup_stm32f303xc.o(.text)
    DMA1_Channel2_IRQHandler                 0x080001bb   Thumb Code     0  startup_stm32f303xc.o(.text)
    DMA1_Channel3_IRQHandler                 0x080001bb   Thumb Code     0  startup_stm32f303xc.o(.text)
    DMA1_Channel4_IRQHandler                 0x080001bb   Thumb Code     0  startup_stm32f303xc.o(.text)
    DMA1_Channel5_IRQHandler                 0x080001bb   Thumb Code     0  startup_stm32f303xc.o(.text)
    DMA1_Channel6_IRQHandler                 0x080001bb   Thumb Code     0  startup_stm32f303xc.o(.text)
    DMA1_Channel7_IRQHandler                 0x080001bb   Thumb Code     0  startup_stm32f303xc.o(.text)
    DMA2_Channel1_IRQHandler                 0x080001bb   Thumb Code     0  startup_stm32f303xc.o(.text)
    DMA2_Channel2_IRQHandler                 0x080001bb   Thumb Code     0  startup_stm32f303xc.o(.text)
    DMA2_Channel3_IRQHandler                 0x080001bb   Thumb Code     0  startup_stm32f303xc.o(.text)
    DMA2_Channel4_IRQHandler                 0x080001bb   Thumb Code     0  startup_stm32f303xc.o(.text)
    DMA2_Channel5_IRQHandler                 0x080001bb   Thumb Code     0  startup_stm32f303xc.o(.text)
    EXTI0_IRQHandler                         0x080001bb   Thumb Code     0  startup_stm32f303xc.o(.text)
    EXTI15_10_IRQHandler                     0x080001bb   Thumb Code     0  startup_stm32f303xc.o(.text)
    EXTI1_IRQHandler                         0x080001bb   Thumb Code     0  startup_stm32f303xc.o(.text)
    EXTI2_TSC_IRQHandler                     0x080001bb   Thumb Code     0  startup_stm32f303xc.o(.text)
    EXTI3_IRQHandler                         0x080001bb   Thumb Code     0  startup_stm32f303xc.o(.text)
    EXTI4_IRQHandler                         0x080001bb   Thumb Code     0  startup_stm32f303xc.o(.text)
    EXTI9_5_IRQHandler                       0x080001bb   Thumb Code     0  startup_stm32f303xc.o(.text)
    FLASH_IRQHandler                         0x080001bb   Thumb Code     0  startup_stm32f303xc.o(.text)
    FPU_IRQHandler                           0x080001bb   Thumb Code     0  startup_stm32f303xc.o(.text)
    I2C1_ER_IRQHandler                       0x080001bb   Thumb Code     0  startup_stm32f303xc.o(.text)
    I2C1_EV_IRQHandler                       0x080001bb   Thumb Code     0  startup_stm32f303xc.o(.text)
    I2C2_ER_IRQHandler                       0x080001bb   Thumb Code     0  startup_stm32f303xc.o(.text)
    I2C2_EV_IRQHandler                       0x080001bb   Thumb Code     0  startup_stm32f303xc.o(.text)
    PVD_IRQHandler                           0x080001bb   Thumb Code     0  startup_stm32f303xc.o(.text)
    RCC_IRQHandler                           0x080001bb   Thumb Code     0  startup_stm32f303xc.o(.text)
    RTC_Alarm_IRQHandler                     0x080001bb   Thumb Code     0  startup_stm32f303xc.o(.text)
    RTC_WKUP_IRQHandler                      0x080001bb   Thumb Code     0  startup_stm32f303xc.o(.text)
    SPI1_IRQHandler                          0x080001bb   Thumb Code     0  startup_stm32f303xc.o(.text)
    SPI2_IRQHandler                          0x080001bb   Thumb Code     0  startup_stm32f303xc.o(.text)
    SPI3_IRQHandler                          0x080001bb   Thumb Code     0  startup_stm32f303xc.o(.text)
    TAMP_STAMP_IRQHandler                    0x080001bb   Thumb Code     0  startup_stm32f303xc.o(.text)
    TIM1_BRK_TIM15_IRQHandler                0x080001bb   Thumb Code     0  startup_stm32f303xc.o(.text)
    TIM1_CC_IRQHandler                       0x080001bb   Thumb Code     0  startup_stm32f303xc.o(.text)
    TIM1_TRG_COM_TIM17_IRQHandler            0x080001bb   Thumb Code     0  startup_stm32f303xc.o(.text)
    TIM1_UP_TIM16_IRQHandler                 0x080001bb   Thumb Code     0  startup_stm32f303xc.o(.text)
    TIM2_IRQHandler                          0x080001bb   Thumb Code     0  startup_stm32f303xc.o(.text)
    TIM3_IRQHandler                          0x080001bb   Thumb Code     0  startup_stm32f303xc.o(.text)
    TIM4_IRQHandler                          0x080001bb   Thumb Code     0  startup_stm32f303xc.o(.text)
    TIM6_DAC_IRQHandler                      0x080001bb   Thumb Code     0  startup_stm32f303xc.o(.text)
    TIM7_IRQHandler                          0x080001bb   Thumb Code     0  startup_stm32f303xc.o(.text)
    TIM8_BRK_IRQHandler                      0x080001bb   Thumb Code     0  startup_stm32f303xc.o(.text)
    TIM8_CC_IRQHandler                       0x080001bb   Thumb Code     0  startup_stm32f303xc.o(.text)
    TIM8_TRG_COM_IRQHandler                  0x080001bb   Thumb Code     0  startup_stm32f303xc.o(.text)
    TIM8_UP_IRQHandler                       0x080001bb   Thumb Code     0  startup_stm32f303xc.o(.text)
    UART4_IRQHandler                         0x080001bb   Thumb Code     0  startup_stm32f303xc.o(.text)
    UART5_IRQHandler                         0x080001bb   Thumb Code     0  startup_stm32f303xc.o(.text)
    USART1_IRQHandler                        0x080001bb   Thumb Code     0  startup_stm32f303xc.o(.text)
    USART2_IRQHandler                        0x080001bb   Thumb Code     0  startup_stm32f303xc.o(.text)
    USART3_IRQHandler                        0x080001bb   Thumb Code     0  startup_stm32f303xc.o(.text)
    USBWakeUp_IRQHandler                     0x080001bb   Thumb Code     0  startup_stm32f303xc.o(.text)
    USBWakeUp_RMP_IRQHandler                 0x080001bb   Thumb Code     0  startup_stm32f303xc.o(.text)
    USB_HP_CAN_TX_IRQHandler                 0x080001bb   Thumb Code     0  startup_stm32f303xc.o(.text)
    USB_HP_IRQHandler                        0x080001bb   Thumb Code     0  startup_stm32f303xc.o(.text)
    USB_LP_IRQHandler                        0x080001bb   Thumb Code     0  startup_stm32f303xc.o(.text)
    WWDG_IRQHandler                          0x080001bb   Thumb Code     0  startup_stm32f303xc.o(.text)
    __aeabi_uldivmod                         0x080001c5   Thumb Code    98  uldiv.o(.text)
    __aeabi_llsr                             0x08000227   Thumb Code    32  llushr.o(.text)
    _ll_ushift_r                             0x08000227   Thumb Code     0  llushr.o(.text)
    __aeabi_memcpy                           0x08000247   Thumb Code    36  memcpya.o(.text)
    __aeabi_memcpy4                          0x08000247   Thumb Code     0  memcpya.o(.text)
    __aeabi_memcpy8                          0x08000247   Thumb Code     0  memcpya.o(.text)
    __aeabi_memset                           0x0800026b   Thumb Code    14  memseta.o(.text)
    __aeabi_memset4                          0x0800026b   Thumb Code     0  memseta.o(.text)
    __aeabi_memset8                          0x0800026b   Thumb Code     0  memseta.o(.text)
    __aeabi_memclr                           0x08000279   Thumb Code     4  memseta.o(.text)
    __aeabi_memclr4                          0x08000279   Thumb Code     0  memseta.o(.text)
    __aeabi_memclr8                          0x08000279   Thumb Code     0  memseta.o(.text)
    _memset$wrapper                          0x0800027d   Thumb Code    18  memseta.o(.text)
    strncpy                                  0x0800028f   Thumb Code    24  strncpy.o(.text)
    strlen                                   0x080002a7   Thumb Code    14  strlen.o(.text)
    __aeabi_dmul                             0x080002b5   Thumb Code   228  dmul.o(.text)
    __aeabi_ddiv                             0x08000399   Thumb Code   222  ddiv.o(.text)
    __aeabi_ui2d                             0x08000477   Thumb Code    26  dfltui.o(.text)
    __aeabi_uidiv                            0x08000491   Thumb Code     0  uidiv.o(.text)
    __aeabi_uidivmod                         0x08000491   Thumb Code    44  uidiv.o(.text)
    __aeabi_llsl                             0x080004bd   Thumb Code    30  llshl.o(.text)
    _ll_shift_l                              0x080004bd   Thumb Code     0  llshl.o(.text)
    __I$use$fp                               0x080004db   Thumb Code     0  iusefp.o(.text)
    _double_round                            0x080004db   Thumb Code    30  depilogue.o(.text)
    _double_epilogue                         0x080004f9   Thumb Code   156  depilogue.o(.text)
    __aeabi_dadd                             0x08000595   Thumb Code   322  dadd.o(.text)
    __aeabi_dsub                             0x080006d7   Thumb Code     6  dadd.o(.text)
    __aeabi_drsub                            0x080006dd   Thumb Code     6  dadd.o(.text)
    __aeabi_d2ulz                            0x080006e3   Thumb Code    48  dfixul.o(.text)
    __aeabi_cdrcmple                         0x08000715   Thumb Code    48  cdrcmple.o(.text)
    __scatterload                            0x08000745   Thumb Code    28  init.o(.text)
    __scatterload_rt2                        0x08000745   Thumb Code     0  init.o(.text)
    __aeabi_lasr                             0x08000769   Thumb Code    36  llsshr.o(.text)
    _ll_sshift_r                             0x08000769   Thumb Code     0  llsshr.o(.text)
    __decompress                             0x0800078d   Thumb Code     0  __dczerorl2.o(.text)
    __decompress1                            0x0800078d   Thumb Code    86  __dczerorl2.o(.text)
    BusFault_Handler                         0x08000965   Thumb Code     2  stm32f3xx_it.o(i.BusFault_Handler)
    CDC_Transmit_FS                          0x080009bd   Thumb Code    38  usbd_cdc_if.o(i.CDC_Transmit_FS)
    DebugMon_Handler                         0x080009e9   Thumb Code     2  stm32f3xx_it.o(i.DebugMon_Handler)
    Error_Handler                            0x080009eb   Thumb Code     4  main.o(i.Error_Handler)
    GPIO_PINS_RESET                          0x080009f1   Thumb Code    32  main.o(i.GPIO_PINS_RESET)
    HAL_ADCEx_MultiModeConfigChannel         0x08000a15   Thumb Code   258  stm32f3xx_hal_adc_ex.o(i.HAL_ADCEx_MultiModeConfigChannel)
    HAL_ADC_ConfigChannel                    0x08000b2d   Thumb Code   884  stm32f3xx_hal_adc_ex.o(i.HAL_ADC_ConfigChannel)
    HAL_ADC_GetValue                         0x08000ec1   Thumb Code     6  stm32f3xx_hal_adc_ex.o(i.HAL_ADC_GetValue)
    HAL_ADC_Init                             0x08000ec9   Thumb Code   550  stm32f3xx_hal_adc_ex.o(i.HAL_ADC_Init)
    HAL_ADC_MspInit                          0x08001115   Thumb Code   144  stm32f3xx_hal_msp.o(i.HAL_ADC_MspInit)
    HAL_ADC_PollForConversion                0x080011b1   Thumb Code   264  stm32f3xx_hal_adc_ex.o(i.HAL_ADC_PollForConversion)
    HAL_ADC_Start                            0x080012c9   Thumb Code   322  stm32f3xx_hal_adc_ex.o(i.HAL_ADC_Start)
    HAL_ADC_Stop                             0x08001419   Thumb Code    62  stm32f3xx_hal_adc_ex.o(i.HAL_ADC_Stop)
    HAL_Delay                                0x08001459   Thumb Code    32  stm32f3xx_hal.o(i.HAL_Delay)
    HAL_GPIO_Init                            0x0800147d   Thumb Code   412  stm32f3xx_hal_gpio.o(i.HAL_GPIO_Init)
    HAL_GPIO_WritePin                        0x08001635   Thumb Code    10  stm32f3xx_hal_gpio.o(i.HAL_GPIO_WritePin)
    HAL_GetTick                              0x08001641   Thumb Code     6  stm32f3xx_hal.o(i.HAL_GetTick)
    HAL_IncTick                              0x0800164d   Thumb Code    12  stm32f3xx_hal.o(i.HAL_IncTick)
    HAL_Init                                 0x0800165d   Thumb Code    32  stm32f3xx_hal.o(i.HAL_Init)
    HAL_InitTick                             0x08001681   Thumb Code    54  stm32f3xx_hal.o(i.HAL_InitTick)
    HAL_MspInit                              0x080016c1   Thumb Code    38  stm32f3xx_hal_msp.o(i.HAL_MspInit)
    HAL_NVIC_EnableIRQ                       0x080016ed   Thumb Code    26  stm32f3xx_hal_cortex.o(i.HAL_NVIC_EnableIRQ)
    HAL_NVIC_SetPriority                     0x08001709   Thumb Code    60  stm32f3xx_hal_cortex.o(i.HAL_NVIC_SetPriority)
    HAL_NVIC_SetPriorityGrouping             0x08001749   Thumb Code    26  stm32f3xx_hal_cortex.o(i.HAL_NVIC_SetPriorityGrouping)
    HAL_PCDEx_PMAConfig                      0x0800176d   Thumb Code    60  stm32f3xx_hal_pcd_ex.o(i.HAL_PCDEx_PMAConfig)
    HAL_PCDEx_SetConnectionState             0x080017a9   Thumb Code     2  usbd_conf.o(i.HAL_PCDEx_SetConnectionState)
    HAL_PCD_DataInStageCallback              0x080017ab   Thumb Code    18  usbd_conf.o(i.HAL_PCD_DataInStageCallback)
    HAL_PCD_DataOutStageCallback             0x080017bd   Thumb Code    20  usbd_conf.o(i.HAL_PCD_DataOutStageCallback)
    HAL_PCD_EP_Close                         0x080017d1   Thumb Code    76  stm32f3xx_hal_pcd.o(i.HAL_PCD_EP_Close)
    HAL_PCD_EP_ClrStall                      0x0800181d   Thumb Code    92  stm32f3xx_hal_pcd.o(i.HAL_PCD_EP_ClrStall)
    HAL_PCD_EP_GetRxCount                    0x08001b7f   Thumb Code    18  stm32f3xx_hal_pcd.o(i.HAL_PCD_EP_GetRxCount)
    HAL_PCD_EP_Open                          0x08001b91   Thumb Code    96  stm32f3xx_hal_pcd.o(i.HAL_PCD_EP_Open)
    HAL_PCD_EP_Receive                       0x08001bf1   Thumb Code    50  stm32f3xx_hal_pcd.o(i.HAL_PCD_EP_Receive)
    HAL_PCD_EP_SetStall                      0x08001c23   Thumb Code    96  stm32f3xx_hal_pcd.o(i.HAL_PCD_EP_SetStall)
    HAL_PCD_EP_Transmit                      0x08001c83   Thumb Code    52  stm32f3xx_hal_pcd.o(i.HAL_PCD_EP_Transmit)
    HAL_PCD_IRQHandler                       0x08001cb7   Thumb Code   256  stm32f3xx_hal_pcd.o(i.HAL_PCD_IRQHandler)
    HAL_PCD_Init                             0x08001db7   Thumb Code   166  stm32f3xx_hal_pcd.o(i.HAL_PCD_Init)
    HAL_PCD_MspInit                          0x08001e5d   Thumb Code   108  usbd_conf.o(i.HAL_PCD_MspInit)
    HAL_PCD_ResetCallback                    0x08001ed1   Thumb Code    38  usbd_conf.o(i.HAL_PCD_ResetCallback)
    HAL_PCD_ResumeCallback                   0x08001ef7   Thumb Code     8  usbd_conf.o(i.HAL_PCD_ResumeCallback)
    HAL_PCD_SOFCallback                      0x08001eff   Thumb Code     8  usbd_conf.o(i.HAL_PCD_SOFCallback)
    HAL_PCD_SetAddress                       0x08001f07   Thumb Code    40  stm32f3xx_hal_pcd.o(i.HAL_PCD_SetAddress)
    HAL_PCD_SetupStageCallback               0x08001f2f   Thumb Code    14  usbd_conf.o(i.HAL_PCD_SetupStageCallback)
    HAL_PCD_Start                            0x08001f3d   Thumb Code    50  stm32f3xx_hal_pcd.o(i.HAL_PCD_Start)
    HAL_PCD_SuspendCallback                  0x08001f71   Thumb Code    30  usbd_conf.o(i.HAL_PCD_SuspendCallback)
    HAL_RCCEx_PeriphCLKConfig                0x08001f95   Thumb Code   522  stm32f3xx_hal_rcc_ex.o(i.HAL_RCCEx_PeriphCLKConfig)
    HAL_RCC_ClockConfig                      0x080021ad   Thumb Code   308  stm32f3xx_hal_rcc.o(i.HAL_RCC_ClockConfig)
    HAL_RCC_GetSysClockFreq                  0x080022f5   Thumb Code    92  stm32f3xx_hal_rcc.o(i.HAL_RCC_GetSysClockFreq)
    HAL_RCC_OscConfig                        0x08002361   Thumb Code  1480  stm32f3xx_hal_rcc.o(i.HAL_RCC_OscConfig)
    HAL_SYSTICK_Config                       0x08002929   Thumb Code    40  stm32f3xx_hal_cortex.o(i.HAL_SYSTICK_Config)
    HardFault_Handler                        0x08002951   Thumb Code     2  stm32f3xx_it.o(i.HardFault_Handler)
    MX_USB_DEVICE_Init                       0x08002b09   Thumb Code    66  usb_device.o(i.MX_USB_DEVICE_Init)
    MemManage_Handler                        0x08002b5d   Thumb Code     2  stm32f3xx_it.o(i.MemManage_Handler)
    NMI_Handler                              0x08002b5f   Thumb Code     2  stm32f3xx_it.o(i.NMI_Handler)
    PendSV_Handler                           0x08002e5d   Thumb Code     2  stm32f3xx_it.o(i.PendSV_Handler)
    SVC_Handler                              0x08002e5f   Thumb Code     2  stm32f3xx_it.o(i.SVC_Handler)
    SysTick_Handler                          0x08002e61   Thumb Code     4  stm32f3xx_it.o(i.SysTick_Handler)
    SystemClock_Config                       0x08002e65   Thumb Code   124  main.o(i.SystemClock_Config)
    SystemInit                               0x08002ee5   Thumb Code    12  system_stm32f3xx.o(i.SystemInit)
    USBD_CDC_GetDeviceQualifierDescriptor    0x08002fd1   Thumb Code     8  usbd_cdc.o(i.USBD_CDC_GetDeviceQualifierDescriptor)
    USBD_CDC_ReceivePacket                   0x08003095   Thumb Code    40  usbd_cdc.o(i.USBD_CDC_ReceivePacket)
    USBD_CDC_RegisterInterface               0x080030bd   Thumb Code    16  usbd_cdc.o(i.USBD_CDC_RegisterInterface)
    USBD_CDC_SetRxBuffer                     0x080030cd   Thumb Code    12  usbd_cdc.o(i.USBD_CDC_SetRxBuffer)
    USBD_CDC_SetTxBuffer                     0x080030d9   Thumb Code    16  usbd_cdc.o(i.USBD_CDC_SetTxBuffer)
    USBD_CDC_TransmitPacket                  0x08003195   Thumb Code    54  usbd_cdc.o(i.USBD_CDC_TransmitPacket)
    USBD_ClrClassConfig                      0x080031cb   Thumb Code    14  usbd_core.o(i.USBD_ClrClassConfig)
    USBD_CtlContinueRx                       0x080031d9   Thumb Code    16  usbd_ioreq.o(i.USBD_CtlContinueRx)
    USBD_CtlContinueSendData                 0x080031e9   Thumb Code    16  usbd_ioreq.o(i.USBD_CtlContinueSendData)
    USBD_CtlError                            0x080031f9   Thumb Code    22  usbd_ctlreq.o(i.USBD_CtlError)
    USBD_CtlPrepareRx                        0x0800320f   Thumb Code    30  usbd_ioreq.o(i.USBD_CtlPrepareRx)
    USBD_CtlReceiveStatus                    0x0800322d   Thumb Code    22  usbd_ioreq.o(i.USBD_CtlReceiveStatus)
    USBD_CtlSendData                         0x08003243   Thumb Code    26  usbd_ioreq.o(i.USBD_CtlSendData)
    USBD_CtlSendStatus                       0x0800325d   Thumb Code    22  usbd_ioreq.o(i.USBD_CtlSendStatus)
    USBD_FS_ConfigStrDescriptor              0x08003275   Thumb Code    16  usbd_desc.o(i.USBD_FS_ConfigStrDescriptor)
    USBD_FS_DeviceDescriptor                 0x08003295   Thumb Code     8  usbd_desc.o(i.USBD_FS_DeviceDescriptor)
    USBD_FS_InterfaceStrDescriptor           0x080032a1   Thumb Code    16  usbd_desc.o(i.USBD_FS_InterfaceStrDescriptor)
    USBD_FS_LangIDStrDescriptor              0x080032c5   Thumb Code     8  usbd_desc.o(i.USBD_FS_LangIDStrDescriptor)
    USBD_FS_ManufacturerStrDescriptor        0x080032d1   Thumb Code    16  usbd_desc.o(i.USBD_FS_ManufacturerStrDescriptor)
    USBD_FS_ProductStrDescriptor             0x080032f9   Thumb Code    16  usbd_desc.o(i.USBD_FS_ProductStrDescriptor)
    USBD_FS_SerialStrDescriptor              0x08003325   Thumb Code    48  usbd_desc.o(i.USBD_FS_SerialStrDescriptor)
    USBD_GetString                           0x08003445   Thumb Code    72  usbd_ctlreq.o(i.USBD_GetString)
    USBD_Init                                0x080034a5   Thumb Code    42  usbd_core.o(i.USBD_Init)
    USBD_LL_ClearStallEP                     0x080034cf   Thumb Code    18  usbd_conf.o(i.USBD_LL_ClearStallEP)
    USBD_LL_CloseEP                          0x080034e1   Thumb Code    18  usbd_conf.o(i.USBD_LL_CloseEP)
    USBD_LL_DataInStage                      0x080034f3   Thumb Code   198  usbd_core.o(i.USBD_LL_DataInStage)
    USBD_LL_DataOutStage                     0x080035b9   Thumb Code   130  usbd_core.o(i.USBD_LL_DataOutStage)
    USBD_LL_GetRxDataSize                    0x0800363b   Thumb Code     8  usbd_conf.o(i.USBD_LL_GetRxDataSize)
    USBD_LL_Init                             0x08003645   Thumb Code   118  usbd_conf.o(i.USBD_LL_Init)
    USBD_LL_IsStallEP                        0x080036c5   Thumb Code    32  usbd_conf.o(i.USBD_LL_IsStallEP)
    USBD_LL_OpenEP                           0x080036e5   Thumb Code    24  usbd_conf.o(i.USBD_LL_OpenEP)
    USBD_LL_PrepareReceive                   0x080036fd   Thumb Code    18  usbd_conf.o(i.USBD_LL_PrepareReceive)
    USBD_LL_Reset                            0x0800370f   Thumb Code    80  usbd_core.o(i.USBD_LL_Reset)
    USBD_LL_Resume                           0x0800375f   Thumb Code    20  usbd_core.o(i.USBD_LL_Resume)
    USBD_LL_SOF                              0x08003773   Thumb Code    24  usbd_core.o(i.USBD_LL_SOF)
    USBD_LL_SetSpeed                         0x0800378b   Thumb Code     6  usbd_core.o(i.USBD_LL_SetSpeed)
    USBD_LL_SetUSBAddress                    0x08003791   Thumb Code    18  usbd_conf.o(i.USBD_LL_SetUSBAddress)
    USBD_LL_SetupStage                       0x080037a3   Thumb Code    90  usbd_core.o(i.USBD_LL_SetupStage)
    USBD_LL_StallEP                          0x080037fd   Thumb Code    18  usbd_conf.o(i.USBD_LL_StallEP)
    USBD_LL_Start                            0x0800380f   Thumb Code    18  usbd_conf.o(i.USBD_LL_Start)
    USBD_LL_Suspend                          0x08003821   Thumb Code    18  usbd_core.o(i.USBD_LL_Suspend)
    USBD_LL_Transmit                         0x08003833   Thumb Code    18  usbd_conf.o(i.USBD_LL_Transmit)
    USBD_ParseSetupRequest                   0x08003845   Thumb Code    40  usbd_ctlreq.o(i.USBD_ParseSetupRequest)
    USBD_RegisterClass                       0x0800386d   Thumb Code    16  usbd_core.o(i.USBD_RegisterClass)
    USBD_SetClassConfig                      0x0800387d   Thumb Code    22  usbd_core.o(i.USBD_SetClassConfig)
    USBD_Start                               0x08003919   Thumb Code    10  usbd_core.o(i.USBD_Start)
    USBD_StdDevReq                           0x08003923   Thumb Code   274  usbd_ctlreq.o(i.USBD_StdDevReq)
    USBD_StdEPReq                            0x08003a35   Thumb Code   336  usbd_ctlreq.o(i.USBD_StdEPReq)
    USBD_StdItfReq                           0x08003b85   Thumb Code    78  usbd_ctlreq.o(i.USBD_StdItfReq)
    USBD_static_free                         0x08003bd3   Thumb Code     2  usbd_conf.o(i.USBD_static_free)
    USBD_static_malloc                       0x08003bd5   Thumb Code     4  usbd_conf.o(i.USBD_static_malloc)
    USB_ActivateEndpoint                     0x08003bdd   Thumb Code   600  stm32f3xx_ll_usb.o(i.USB_ActivateEndpoint)
    USB_DeactivateEndpoint                   0x08003e35   Thumb Code   270  stm32f3xx_ll_usb.o(i.USB_DeactivateEndpoint)
    USB_DevConnect                           0x08003f43   Thumb Code     4  stm32f3xx_ll_usb.o(i.USB_DevConnect)
    USB_DevInit                              0x08003f47   Thumb Code    18  stm32f3xx_ll_usb.o(i.USB_DevInit)
    USB_DisableGlobalInt                     0x08003f59   Thumb Code    14  stm32f3xx_ll_usb.o(i.USB_DisableGlobalInt)
    USB_EPClearStall                         0x08003f67   Thumb Code   120  stm32f3xx_ll_usb.o(i.USB_EPClearStall)
    USB_EPSetStall                           0x08003fdf   Thumb Code    50  stm32f3xx_ll_usb.o(i.USB_EPSetStall)
    USB_EPStartXfer                          0x08004011   Thumb Code  1230  stm32f3xx_ll_usb.o(i.USB_EPStartXfer)
    USB_EnableGlobalInt                      0x080044df   Thumb Code    18  stm32f3xx_ll_usb.o(i.USB_EnableGlobalInt)
    USB_LP_CAN_RX0_IRQHandler                0x080044f1   Thumb Code     6  stm32f3xx_it.o(i.USB_LP_CAN_RX0_IRQHandler)
    USB_ReadInterrupts                       0x080044fd   Thumb Code     6  stm32f3xx_ll_usb.o(i.USB_ReadInterrupts)
    USB_ReadPMA                              0x08004505   Thumb Code    44  stm32f3xx_ll_usb.o(i.USB_ReadPMA)
    USB_SetDevAddress                        0x08004531   Thumb Code    12  stm32f3xx_ll_usb.o(i.USB_SetDevAddress)
    USB_WritePMA                             0x0800453d   Thumb Code    38  stm32f3xx_ll_usb.o(i.USB_WritePMA)
    UsageFault_Handler                       0x08004563   Thumb Code     2  stm32f3xx_it.o(i.UsageFault_Handler)
    __0sprintf                               0x08004565   Thumb Code    34  printfa.o(i.__0sprintf)
    __1sprintf                               0x08004565   Thumb Code     0  printfa.o(i.__0sprintf)
    __2sprintf                               0x08004565   Thumb Code     0  printfa.o(i.__0sprintf)
    __c89sprintf                             0x08004565   Thumb Code     0  printfa.o(i.__0sprintf)
    sprintf                                  0x08004565   Thumb Code     0  printfa.o(i.__0sprintf)
    __scatterload_copy                       0x080045ad   Thumb Code    14  handlers.o(i.__scatterload_copy)
    __scatterload_null                       0x080045bb   Thumb Code     2  handlers.o(i.__scatterload_null)
    __scatterload_zeroinit                   0x080045bd   Thumb Code    14  handlers.o(i.__scatterload_zeroinit)
    main                                     0x08004e61   Thumb Code   294  main.o(i.main)
    aPLLMULFactorTable                       0x08004fb8   Data          16  stm32f3xx_hal_rcc.o(.constdata)
    aPredivFactorTable                       0x08004fc8   Data          16  stm32f3xx_hal_rcc.o(.constdata)
    AHBPrescTable                            0x08004fd8   Data          16  system_stm32f3xx.o(.constdata)
    Region$$Table$$Base                      0x08004fe8   Number         0  anon$$obj.o(Region$$Table)
    Region$$Table$$Limit                     0x08005008   Number         0  anon$$obj.o(Region$$Table)
    FS_Desc                                  0x20000004   Data          28  usbd_desc.o(.data)
    USBD_LangIDDesc                          0x20000020   Data           4  usbd_desc.o(.data)
    USBD_FS_DeviceDesc                       0x20000024   Data          18  usbd_desc.o(.data)
    USBD_StringSerial                        0x20000038   Data          26  usbd_desc.o(.data)
    USBD_Interface_fops_FS                   0x20000054   Data          16  usbd_cdc_if.o(.data)
    uwTickFreq                               0x20000064   Data           1  stm32f3xx_hal.o(.data)
    uwTickPrio                               0x20000068   Data           4  stm32f3xx_hal.o(.data)
    uwTick                                   0x2000006c   Data           4  stm32f3xx_hal.o(.data)
    SystemCoreClock                          0x20000070   Data           4  system_stm32f3xx.o(.data)
    USBD_CDC_CfgHSDesc                       0x20000084   Data          67  usbd_cdc.o(.data)
    USBD_CDC_CfgFSDesc                       0x200000c8   Data          67  usbd_cdc.o(.data)
    USBD_CDC_OtherSpeedCfgDesc               0x2000010c   Data          67  usbd_cdc.o(.data)
    USBD_CDC                                 0x20000150   Data          56  usbd_cdc.o(.data)
    str_rx                                   0x20000188   Data          32  main.o(.bss)
    hadc1                                    0x200001a8   Data          80  main.o(.bss)
    hadc2                                    0x200001f8   Data          80  main.o(.bss)
    hUsbDeviceFS                             0x20000248   Data         708  usb_device.o(.bss)
    USBD_StrDesc                             0x2000050c   Data         256  usbd_desc.o(.bss)
    UserRxBufferFS                           0x2000060c   Data        1000  usbd_cdc_if.o(.bss)
    UserTxBufferFS                           0x200009f4   Data        1000  usbd_cdc_if.o(.bss)
    hpcd_USB_FS                              0x20000efc   Data         748  usbd_conf.o(.bss)
    __initial_sp                             0x200015e8   Data           0  startup_stm32f303xc.o(STACK)



==============================================================================

Memory Map of the image

  Image Entry point : 0x08000189

  Load Region LR_IROM1 (Base: 0x08000000, Size: 0x00005190, Max: 0x00040000, ABSOLUTE, COMPRESSED[0x000050c8])

    Execution Region ER_IROM1 (Exec base: 0x08000000, Load base: 0x08000000, Size: 0x00005008, Max: 0x00040000, ABSOLUTE)

    Exec Addr    Load Addr    Size         Type   Attr      Idx    E Section Name        Object

    0x08000000   0x08000000   0x00000188   Data   RO            3    RESET               startup_stm32f303xc.o
    0x08000188   0x08000188   0x00000000   Code   RO         3512  * .ARM.Collect$$$$00000000  mc_w.l(entry.o)
    0x08000188   0x08000188   0x00000004   Code   RO         3796    .ARM.Collect$$$$00000001  mc_w.l(entry2.o)
    0x0800018c   0x0800018c   0x00000004   Code   RO         3799    .ARM.Collect$$$$00000004  mc_w.l(entry5.o)
    0x08000190   0x08000190   0x00000000   Code   RO         3801    .ARM.Collect$$$$00000008  mc_w.l(entry7b.o)
    0x08000190   0x08000190   0x00000000   Code   RO         3803    .ARM.Collect$$$$0000000A  mc_w.l(entry8b.o)
    0x08000190   0x08000190   0x00000008   Code   RO         3804    .ARM.Collect$$$$0000000B  mc_w.l(entry9a.o)
    0x08000198   0x08000198   0x00000004   Code   RO         3811    .ARM.Collect$$$$0000000E  mc_w.l(entry12b.o)
    0x0800019c   0x0800019c   0x00000000   Code   RO         3806    .ARM.Collect$$$$0000000F  mc_w.l(entry10a.o)
    0x0800019c   0x0800019c   0x00000000   Code   RO         3808    .ARM.Collect$$$$00000011  mc_w.l(entry11a.o)
    0x0800019c   0x0800019c   0x00000004   Code   RO         3797    .ARM.Collect$$$$00002712  mc_w.l(entry2.o)
    0x080001a0   0x080001a0   0x00000024   Code   RO            4    .text               startup_stm32f303xc.o
    0x080001c4   0x080001c4   0x00000062   Code   RO         3515    .text               mc_w.l(uldiv.o)
    0x08000226   0x08000226   0x00000020   Code   RO         3517    .text               mc_w.l(llushr.o)
    0x08000246   0x08000246   0x00000024   Code   RO         3519    .text               mc_w.l(memcpya.o)
    0x0800026a   0x0800026a   0x00000024   Code   RO         3521    .text               mc_w.l(memseta.o)
    0x0800028e   0x0800028e   0x00000018   Code   RO         3523    .text               mc_w.l(strncpy.o)
    0x080002a6   0x080002a6   0x0000000e   Code   RO         3525    .text               mc_w.l(strlen.o)
    0x080002b4   0x080002b4   0x000000e4   Code   RO         3790    .text               mf_w.l(dmul.o)
    0x08000398   0x08000398   0x000000de   Code   RO         3792    .text               mf_w.l(ddiv.o)
    0x08000476   0x08000476   0x0000001a   Code   RO         3794    .text               mf_w.l(dfltui.o)
    0x08000490   0x08000490   0x0000002c   Code   RO         3815    .text               mc_w.l(uidiv.o)
    0x080004bc   0x080004bc   0x0000001e   Code   RO         3817    .text               mc_w.l(llshl.o)
    0x080004da   0x080004da   0x00000000   Code   RO         3819    .text               mc_w.l(iusefp.o)
    0x080004da   0x080004da   0x000000ba   Code   RO         3820    .text               mf_w.l(depilogue.o)
    0x08000594   0x08000594   0x0000014e   Code   RO         3822    .text               mf_w.l(dadd.o)
    0x080006e2   0x080006e2   0x00000030   Code   RO         3824    .text               mf_w.l(dfixul.o)
    0x08000712   0x08000712   0x00000002   PAD
    0x08000714   0x08000714   0x00000030   Code   RO         3826    .text               mf_w.l(cdrcmple.o)
    0x08000744   0x08000744   0x00000024   Code   RO         3828    .text               mc_w.l(init.o)
    0x08000768   0x08000768   0x00000024   Code   RO         3831    .text               mc_w.l(llsshr.o)
    0x0800078c   0x0800078c   0x00000056   Code   RO         3842    .text               mc_w.l(__dczerorl2.o)
    0x080007e2   0x080007e2   0x00000002   PAD
    0x080007e4   0x080007e4   0x000000bc   Code   RO         2808    i.ADC_ConversionStop  stm32f3xx_hal_adc_ex.o
    0x080008a0   0x080008a0   0x00000062   Code   RO         2812    i.ADC_Disable       stm32f3xx_hal_adc_ex.o
    0x08000902   0x08000902   0x00000002   PAD
    0x08000904   0x08000904   0x00000060   Code   RO         2813    i.ADC_Enable        stm32f3xx_hal_adc_ex.o
    0x08000964   0x08000964   0x00000002   Code   RO          216    i.BusFault_Handler  stm32f3xx_it.o
    0x08000966   0x08000966   0x00000004   Code   RO          453    i.CDC_Control_FS    usbd_cdc_if.o
    0x0800096a   0x0800096a   0x00000004   Code   RO          454    i.CDC_DeInit_FS     usbd_cdc_if.o
    0x0800096e   0x0800096e   0x00000002   PAD
    0x08000970   0x08000970   0x00000024   Code   RO          455    i.CDC_Init_FS       usbd_cdc_if.o
    0x08000994   0x08000994   0x00000028   Code   RO          456    i.CDC_Receive_FS    usbd_cdc_if.o
    0x080009bc   0x080009bc   0x0000002c   Code   RO          457    i.CDC_Transmit_FS   usbd_cdc_if.o
    0x080009e8   0x080009e8   0x00000002   Code   RO          217    i.DebugMon_Handler  stm32f3xx_it.o
    0x080009ea   0x080009ea   0x00000004   Code   RO           13    i.Error_Handler     main.o
    0x080009ee   0x080009ee   0x00000002   PAD
    0x080009f0   0x080009f0   0x00000024   Code   RO           14    i.GPIO_PINS_RESET   main.o
    0x08000a14   0x08000a14   0x00000118   Code   RO         2828    i.HAL_ADCEx_MultiModeConfigChannel  stm32f3xx_hal_adc_ex.o
    0x08000b2c   0x08000b2c   0x00000394   Code   RO         2837    i.HAL_ADC_ConfigChannel  stm32f3xx_hal_adc_ex.o
    0x08000ec0   0x08000ec0   0x00000006   Code   RO         2839    i.HAL_ADC_GetValue  stm32f3xx_hal_adc_ex.o
    0x08000ec6   0x08000ec6   0x00000002   PAD
    0x08000ec8   0x08000ec8   0x0000024c   Code   RO         2841    i.HAL_ADC_Init      stm32f3xx_hal_adc_ex.o
    0x08001114   0x08001114   0x0000009c   Code   RO          299    i.HAL_ADC_MspInit   stm32f3xx_hal_msp.o
    0x080011b0   0x080011b0   0x00000118   Code   RO         2842    i.HAL_ADC_PollForConversion  stm32f3xx_hal_adc_ex.o
    0x080012c8   0x080012c8   0x00000150   Code   RO         2844    i.HAL_ADC_Start     stm32f3xx_hal_adc_ex.o
    0x08001418   0x08001418   0x0000003e   Code   RO         2847    i.HAL_ADC_Stop      stm32f3xx_hal_adc_ex.o
    0x08001456   0x08001456   0x00000002   PAD
    0x08001458   0x08001458   0x00000024   Code   RO         1129    i.HAL_Delay         stm32f3xx_hal.o
    0x0800147c   0x0800147c   0x000001b8   Code   RO         1446    i.HAL_GPIO_Init     stm32f3xx_hal_gpio.o
    0x08001634   0x08001634   0x0000000a   Code   RO         1450    i.HAL_GPIO_WritePin  stm32f3xx_hal_gpio.o
    0x0800163e   0x0800163e   0x00000002   PAD
    0x08001640   0x08001640   0x0000000c   Code   RO         1133    i.HAL_GetTick       stm32f3xx_hal.o
    0x0800164c   0x0800164c   0x00000010   Code   RO         1139    i.HAL_IncTick       stm32f3xx_hal.o
    0x0800165c   0x0800165c   0x00000024   Code   RO         1140    i.HAL_Init          stm32f3xx_hal.o
    0x08001680   0x08001680   0x00000040   Code   RO         1141    i.HAL_InitTick      stm32f3xx_hal.o
    0x080016c0   0x080016c0   0x0000002c   Code   RO          300    i.HAL_MspInit       stm32f3xx_hal_msp.o
    0x080016ec   0x080016ec   0x0000001a   Code   RO         1614    i.HAL_NVIC_EnableIRQ  stm32f3xx_hal_cortex.o
    0x08001706   0x08001706   0x00000002   PAD
    0x08001708   0x08001708   0x00000040   Code   RO         1620    i.HAL_NVIC_SetPriority  stm32f3xx_hal_cortex.o
    0x08001748   0x08001748   0x00000024   Code   RO         1621    i.HAL_NVIC_SetPriorityGrouping  stm32f3xx_hal_cortex.o
    0x0800176c   0x0800176c   0x0000003c   Code   RO         1082    i.HAL_PCDEx_PMAConfig  stm32f3xx_hal_pcd_ex.o
    0x080017a8   0x080017a8   0x00000002   Code   RO          505    i.HAL_PCDEx_SetConnectionState  usbd_conf.o
    0x080017aa   0x080017aa   0x00000012   Code   RO          507    i.HAL_PCD_DataInStageCallback  usbd_conf.o
    0x080017bc   0x080017bc   0x00000014   Code   RO          508    i.HAL_PCD_DataOutStageCallback  usbd_conf.o
    0x080017d0   0x080017d0   0x0000004c   Code   RO          858    i.HAL_PCD_EP_Close  stm32f3xx_hal_pcd.o
    0x0800181c   0x0800181c   0x0000005c   Code   RO          859    i.HAL_PCD_EP_ClrStall  stm32f3xx_hal_pcd.o
    0x08001878   0x08001878   0x000000e6   Code   RO          860    i.HAL_PCD_EP_DB_Receive  stm32f3xx_hal_pcd.o
    0x0800195e   0x0800195e   0x00000220   Code   RO          861    i.HAL_PCD_EP_DB_Transmit  stm32f3xx_hal_pcd.o
    0x08001b7e   0x08001b7e   0x00000012   Code   RO          863    i.HAL_PCD_EP_GetRxCount  stm32f3xx_hal_pcd.o
    0x08001b90   0x08001b90   0x00000060   Code   RO          864    i.HAL_PCD_EP_Open   stm32f3xx_hal_pcd.o
    0x08001bf0   0x08001bf0   0x00000032   Code   RO          865    i.HAL_PCD_EP_Receive  stm32f3xx_hal_pcd.o
    0x08001c22   0x08001c22   0x00000060   Code   RO          866    i.HAL_PCD_EP_SetStall  stm32f3xx_hal_pcd.o
    0x08001c82   0x08001c82   0x00000034   Code   RO          867    i.HAL_PCD_EP_Transmit  stm32f3xx_hal_pcd.o
    0x08001cb6   0x08001cb6   0x00000100   Code   RO          869    i.HAL_PCD_IRQHandler  stm32f3xx_hal_pcd.o
    0x08001db6   0x08001db6   0x000000a6   Code   RO          872    i.HAL_PCD_Init      stm32f3xx_hal_pcd.o
    0x08001e5c   0x08001e5c   0x00000074   Code   RO          513    i.HAL_PCD_MspInit   usbd_conf.o
    0x08001ed0   0x08001ed0   0x00000026   Code   RO          514    i.HAL_PCD_ResetCallback  usbd_conf.o
    0x08001ef6   0x08001ef6   0x00000008   Code   RO          515    i.HAL_PCD_ResumeCallback  usbd_conf.o
    0x08001efe   0x08001efe   0x00000008   Code   RO          516    i.HAL_PCD_SOFCallback  usbd_conf.o
    0x08001f06   0x08001f06   0x00000028   Code   RO          878    i.HAL_PCD_SetAddress  stm32f3xx_hal_pcd.o
    0x08001f2e   0x08001f2e   0x0000000e   Code   RO          517    i.HAL_PCD_SetupStageCallback  usbd_conf.o
    0x08001f3c   0x08001f3c   0x00000032   Code   RO          880    i.HAL_PCD_Start     stm32f3xx_hal_pcd.o
    0x08001f6e   0x08001f6e   0x00000002   PAD
    0x08001f70   0x08001f70   0x00000024   Code   RO          518    i.HAL_PCD_SuspendCallback  usbd_conf.o
    0x08001f94   0x08001f94   0x00000218   Code   RO         1403    i.HAL_RCCEx_PeriphCLKConfig  stm32f3xx_hal_rcc_ex.o
    0x080021ac   0x080021ac   0x00000148   Code   RO         1297    i.HAL_RCC_ClockConfig  stm32f3xx_hal_rcc.o
    0x080022f4   0x080022f4   0x0000006c   Code   RO         1306    i.HAL_RCC_GetSysClockFreq  stm32f3xx_hal_rcc.o
    0x08002360   0x08002360   0x000005c8   Code   RO         1309    i.HAL_RCC_OscConfig  stm32f3xx_hal_rcc.o
    0x08002928   0x08002928   0x00000028   Code   RO         1625    i.HAL_SYSTICK_Config  stm32f3xx_hal_cortex.o
    0x08002950   0x08002950   0x00000002   Code   RO          218    i.HardFault_Handler  stm32f3xx_it.o
    0x08002952   0x08002952   0x00000002   PAD
    0x08002954   0x08002954   0x00000038   Code   RO          367    i.IntToUnicode      usbd_desc.o
    0x0800298c   0x0800298c   0x0000007c   Code   RO           15    i.MX_ADC1_Init      main.o
    0x08002a08   0x08002a08   0x00000068   Code   RO           16    i.MX_ADC2_Init      main.o
    0x08002a70   0x08002a70   0x00000098   Code   RO           17    i.MX_GPIO_Init      main.o
    0x08002b08   0x08002b08   0x00000054   Code   RO          336    i.MX_USB_DEVICE_Init  usb_device.o
    0x08002b5c   0x08002b5c   0x00000002   Code   RO          219    i.MemManage_Handler  stm32f3xx_it.o
    0x08002b5e   0x08002b5e   0x00000002   Code   RO          220    i.NMI_Handler       stm32f3xx_it.o
    0x08002b60   0x08002b60   0x000002fc   Code   RO          884    i.PCD_EP_ISR_Handler  stm32f3xx_hal_pcd.o
    0x08002e5c   0x08002e5c   0x00000002   Code   RO          221    i.PendSV_Handler    stm32f3xx_it.o
    0x08002e5e   0x08002e5e   0x00000002   Code   RO          222    i.SVC_Handler       stm32f3xx_it.o
    0x08002e60   0x08002e60   0x00000004   Code   RO          223    i.SysTick_Handler   stm32f3xx_it.o
    0x08002e64   0x08002e64   0x00000080   Code   RO           18    i.SystemClock_Config  main.o
    0x08002ee4   0x08002ee4   0x00000010   Code   RO         3109    i.SystemInit        system_stm32f3xx.o
    0x08002ef4   0x08002ef4   0x00000046   Code   RO         3409    i.USBD_CDC_DataIn   usbd_cdc.o
    0x08002f3a   0x08002f3a   0x0000002e   Code   RO         3410    i.USBD_CDC_DataOut  usbd_cdc.o
    0x08002f68   0x08002f68   0x00000044   Code   RO         3411    i.USBD_CDC_DeInit   usbd_cdc.o
    0x08002fac   0x08002fac   0x00000024   Code   RO         3412    i.USBD_CDC_EP0_RxReady  usbd_cdc.o
    0x08002fd0   0x08002fd0   0x0000000c   Code   RO         3413    i.USBD_CDC_GetDeviceQualifierDescriptor  usbd_cdc.o
    0x08002fdc   0x08002fdc   0x0000000c   Code   RO         3414    i.USBD_CDC_GetFSCfgDesc  usbd_cdc.o
    0x08002fe8   0x08002fe8   0x0000000c   Code   RO         3415    i.USBD_CDC_GetHSCfgDesc  usbd_cdc.o
    0x08002ff4   0x08002ff4   0x0000000c   Code   RO         3416    i.USBD_CDC_GetOtherSpeedCfgDesc  usbd_cdc.o
    0x08003000   0x08003000   0x00000094   Code   RO         3417    i.USBD_CDC_Init     usbd_cdc.o
    0x08003094   0x08003094   0x00000028   Code   RO         3418    i.USBD_CDC_ReceivePacket  usbd_cdc.o
    0x080030bc   0x080030bc   0x00000010   Code   RO         3419    i.USBD_CDC_RegisterInterface  usbd_cdc.o
    0x080030cc   0x080030cc   0x0000000c   Code   RO         3420    i.USBD_CDC_SetRxBuffer  usbd_cdc.o
    0x080030d8   0x080030d8   0x00000010   Code   RO         3421    i.USBD_CDC_SetTxBuffer  usbd_cdc.o
    0x080030e8   0x080030e8   0x000000ac   Code   RO         3422    i.USBD_CDC_Setup    usbd_cdc.o
    0x08003194   0x08003194   0x00000036   Code   RO         3423    i.USBD_CDC_TransmitPacket  usbd_cdc.o
    0x080031ca   0x080031ca   0x0000000e   Code   RO         3146    i.USBD_ClrClassConfig  usbd_core.o
    0x080031d8   0x080031d8   0x00000010   Code   RO         3349    i.USBD_CtlContinueRx  usbd_ioreq.o
    0x080031e8   0x080031e8   0x00000010   Code   RO         3350    i.USBD_CtlContinueSendData  usbd_ioreq.o
    0x080031f8   0x080031f8   0x00000016   Code   RO         3284    i.USBD_CtlError     usbd_ctlreq.o
    0x0800320e   0x0800320e   0x0000001e   Code   RO         3351    i.USBD_CtlPrepareRx  usbd_ioreq.o
    0x0800322c   0x0800322c   0x00000016   Code   RO         3352    i.USBD_CtlReceiveStatus  usbd_ioreq.o
    0x08003242   0x08003242   0x0000001a   Code   RO         3353    i.USBD_CtlSendData  usbd_ioreq.o
    0x0800325c   0x0800325c   0x00000016   Code   RO         3354    i.USBD_CtlSendStatus  usbd_ioreq.o
    0x08003272   0x08003272   0x00000002   PAD
    0x08003274   0x08003274   0x00000020   Code   RO          368    i.USBD_FS_ConfigStrDescriptor  usbd_desc.o
    0x08003294   0x08003294   0x0000000c   Code   RO          369    i.USBD_FS_DeviceDescriptor  usbd_desc.o
    0x080032a0   0x080032a0   0x00000024   Code   RO          370    i.USBD_FS_InterfaceStrDescriptor  usbd_desc.o
    0x080032c4   0x080032c4   0x0000000c   Code   RO          371    i.USBD_FS_LangIDStrDescriptor  usbd_desc.o
    0x080032d0   0x080032d0   0x00000028   Code   RO          372    i.USBD_FS_ManufacturerStrDescriptor  usbd_desc.o
    0x080032f8   0x080032f8   0x0000002c   Code   RO          373    i.USBD_FS_ProductStrDescriptor  usbd_desc.o
    0x08003324   0x08003324   0x00000038   Code   RO          374    i.USBD_FS_SerialStrDescriptor  usbd_desc.o
    0x0800335c   0x0800335c   0x000000e8   Code   RO         3285    i.USBD_GetDescriptor  usbd_ctlreq.o
    0x08003444   0x08003444   0x00000048   Code   RO         3286    i.USBD_GetString    usbd_ctlreq.o
    0x0800348c   0x0800348c   0x00000018   Code   RO          519    i.USBD_Get_USB_Status  usbd_conf.o
    0x080034a4   0x080034a4   0x0000002a   Code   RO         3148    i.USBD_Init         usbd_core.o
    0x080034ce   0x080034ce   0x00000012   Code   RO          520    i.USBD_LL_ClearStallEP  usbd_conf.o
    0x080034e0   0x080034e0   0x00000012   Code   RO          521    i.USBD_LL_CloseEP   usbd_conf.o
    0x080034f2   0x080034f2   0x000000c6   Code   RO         3149    i.USBD_LL_DataInStage  usbd_core.o
    0x080035b8   0x080035b8   0x00000082   Code   RO         3150    i.USBD_LL_DataOutStage  usbd_core.o
    0x0800363a   0x0800363a   0x00000008   Code   RO          525    i.USBD_LL_GetRxDataSize  usbd_conf.o
    0x08003642   0x08003642   0x00000002   PAD
    0x08003644   0x08003644   0x00000080   Code   RO          526    i.USBD_LL_Init      usbd_conf.o
    0x080036c4   0x080036c4   0x00000020   Code   RO          527    i.USBD_LL_IsStallEP  usbd_conf.o
    0x080036e4   0x080036e4   0x00000018   Code   RO          528    i.USBD_LL_OpenEP    usbd_conf.o
    0x080036fc   0x080036fc   0x00000012   Code   RO          529    i.USBD_LL_PrepareReceive  usbd_conf.o
    0x0800370e   0x0800370e   0x00000050   Code   RO         3155    i.USBD_LL_Reset     usbd_core.o
    0x0800375e   0x0800375e   0x00000014   Code   RO         3156    i.USBD_LL_Resume    usbd_core.o
    0x08003772   0x08003772   0x00000018   Code   RO         3157    i.USBD_LL_SOF       usbd_core.o
    0x0800378a   0x0800378a   0x00000006   Code   RO         3158    i.USBD_LL_SetSpeed  usbd_core.o
    0x08003790   0x08003790   0x00000012   Code   RO          530    i.USBD_LL_SetUSBAddress  usbd_conf.o
    0x080037a2   0x080037a2   0x0000005a   Code   RO         3159    i.USBD_LL_SetupStage  usbd_core.o
    0x080037fc   0x080037fc   0x00000012   Code   RO          531    i.USBD_LL_StallEP   usbd_conf.o
    0x0800380e   0x0800380e   0x00000012   Code   RO          532    i.USBD_LL_Start     usbd_conf.o
    0x08003820   0x08003820   0x00000012   Code   RO         3160    i.USBD_LL_Suspend   usbd_core.o
    0x08003832   0x08003832   0x00000012   Code   RO          534    i.USBD_LL_Transmit  usbd_conf.o
    0x08003844   0x08003844   0x00000028   Code   RO         3287    i.USBD_ParseSetupRequest  usbd_ctlreq.o
    0x0800386c   0x0800386c   0x00000010   Code   RO         3161    i.USBD_RegisterClass  usbd_core.o
    0x0800387c   0x0800387c   0x00000016   Code   RO         3163    i.USBD_SetClassConfig  usbd_core.o
    0x08003892   0x08003892   0x00000002   PAD
    0x08003894   0x08003894   0x00000084   Code   RO         3288    i.USBD_SetConfig    usbd_ctlreq.o
    0x08003918   0x08003918   0x0000000a   Code   RO         3164    i.USBD_Start        usbd_core.o
    0x08003922   0x08003922   0x00000112   Code   RO         3289    i.USBD_StdDevReq    usbd_ctlreq.o
    0x08003a34   0x08003a34   0x00000150   Code   RO         3290    i.USBD_StdEPReq     usbd_ctlreq.o
    0x08003b84   0x08003b84   0x0000004e   Code   RO         3291    i.USBD_StdItfReq    usbd_ctlreq.o
    0x08003bd2   0x08003bd2   0x00000002   Code   RO          535    i.USBD_static_free  usbd_conf.o
    0x08003bd4   0x08003bd4   0x00000008   Code   RO          536    i.USBD_static_malloc  usbd_conf.o
    0x08003bdc   0x08003bdc   0x00000258   Code   RO          717    i.USB_ActivateEndpoint  stm32f3xx_ll_usb.o
    0x08003e34   0x08003e34   0x0000010e   Code   RO          721    i.USB_DeactivateEndpoint  stm32f3xx_ll_usb.o
    0x08003f42   0x08003f42   0x00000004   Code   RO          722    i.USB_DevConnect    stm32f3xx_ll_usb.o
    0x08003f46   0x08003f46   0x00000012   Code   RO          724    i.USB_DevInit       stm32f3xx_ll_usb.o
    0x08003f58   0x08003f58   0x0000000e   Code   RO          725    i.USB_DisableGlobalInt  stm32f3xx_ll_usb.o
    0x08003f66   0x08003f66   0x00000078   Code   RO          726    i.USB_EPClearStall  stm32f3xx_ll_usb.o
    0x08003fde   0x08003fde   0x00000032   Code   RO          727    i.USB_EPSetStall    stm32f3xx_ll_usb.o
    0x08004010   0x08004010   0x000004ce   Code   RO          728    i.USB_EPStartXfer   stm32f3xx_ll_usb.o
    0x080044de   0x080044de   0x00000012   Code   RO          729    i.USB_EnableGlobalInt  stm32f3xx_ll_usb.o
    0x080044f0   0x080044f0   0x0000000c   Code   RO          224    i.USB_LP_CAN_RX0_IRQHandler  stm32f3xx_it.o
    0x080044fc   0x080044fc   0x00000006   Code   RO          730    i.USB_ReadInterrupts  stm32f3xx_ll_usb.o
    0x08004502   0x08004502   0x00000002   PAD
    0x08004504   0x08004504   0x0000002c   Code   RO          731    i.USB_ReadPMA       stm32f3xx_ll_usb.o
    0x08004530   0x08004530   0x0000000c   Code   RO          733    i.USB_SetDevAddress  stm32f3xx_ll_usb.o
    0x0800453c   0x0800453c   0x00000026   Code   RO          735    i.USB_WritePMA      stm32f3xx_ll_usb.o
    0x08004562   0x08004562   0x00000002   Code   RO          225    i.UsageFault_Handler  stm32f3xx_it.o
    0x08004564   0x08004564   0x00000028   Code   RO         3764    i.__0sprintf        mc_w.l(printfa.o)
    0x0800458c   0x0800458c   0x00000020   Code   RO         1627    i.__NVIC_SetPriority  stm32f3xx_hal_cortex.o
    0x080045ac   0x080045ac   0x0000000e   Code   RO         3836    i.__scatterload_copy  mc_w.l(handlers.o)
    0x080045ba   0x080045ba   0x00000002   Code   RO         3837    i.__scatterload_null  mc_w.l(handlers.o)
    0x080045bc   0x080045bc   0x0000000e   Code   RO         3838    i.__scatterload_zeroinit  mc_w.l(handlers.o)
    0x080045ca   0x080045ca   0x00000002   PAD
    0x080045cc   0x080045cc   0x00000184   Code   RO         3769    i._fp_digits        mc_w.l(printfa.o)
    0x08004750   0x08004750   0x000006b4   Code   RO         3770    i._printf_core      mc_w.l(printfa.o)
    0x08004e04   0x08004e04   0x00000024   Code   RO         3771    i._printf_post_padding  mc_w.l(printfa.o)
    0x08004e28   0x08004e28   0x0000002e   Code   RO         3772    i._printf_pre_padding  mc_w.l(printfa.o)
    0x08004e56   0x08004e56   0x0000000a   Code   RO         3774    i._sputc            mc_w.l(printfa.o)
    0x08004e60   0x08004e60   0x00000158   Code   RO           19    i.main              main.o
    0x08004fb8   0x08004fb8   0x00000020   Data   RO         1310    .constdata          stm32f3xx_hal_rcc.o
    0x08004fd8   0x08004fd8   0x00000010   Data   RO         3110    .constdata          system_stm32f3xx.o
    0x08004fe8   0x08004fe8   0x00000020   Data   RO         3834    Region$$Table       anon$$obj.o


    Execution Region RW_IRAM2 (Exec base: 0x10000000, Load base: 0x080050c8, Size: 0x00000000, Max: 0x00002000, ABSOLUTE)

    **** No section assigned to this execution region ****


    Execution Region RW_IRAM1 (Exec base: 0x20000000, Load base: 0x08005008, Size: 0x000015e8, Max: 0x0000a000, ABSOLUTE, COMPRESSED[0x000000c0])

    Exec Addr    Load Addr    Size         Type   Attr      Idx    E Section Name        Object

    0x20000000   COMPRESSED   0x00000004   Data   RW          301    .data               stm32f3xx_hal_msp.o
    0x20000004   COMPRESSED   0x0000001c   Data   RW          376    .data               usbd_desc.o
    0x20000020   COMPRESSED   0x00000032   Data   RW          377    .data               usbd_desc.o
    0x20000052   COMPRESSED   0x00000002   PAD
    0x20000054   COMPRESSED   0x00000010   Data   RW          459    .data               usbd_cdc_if.o
    0x20000064   COMPRESSED   0x0000000c   Data   RW         1147    .data               stm32f3xx_hal.o
    0x20000070   COMPRESSED   0x00000004   Data   RW         3112    .data               system_stm32f3xx.o
    0x20000074   COMPRESSED   0x00000001   Data   RW         3292    .data               usbd_ctlreq.o
    0x20000075   COMPRESSED   0x00000003   PAD
    0x20000078   COMPRESSED   0x000000d7   Data   RW         3424    .data               usbd_cdc.o
    0x2000014f   COMPRESSED   0x00000001   PAD
    0x20000150   COMPRESSED   0x00000038   Data   RW         3425    .data               usbd_cdc.o
    0x20000188        -       0x000000c0   Zero   RW           20    .bss                main.o
    0x20000248        -       0x000002c4   Zero   RW          337    .bss                usb_device.o
    0x2000050c        -       0x00000100   Zero   RW          375    .bss                usbd_desc.o
    0x2000060c        -       0x000007d0   Zero   RW          458    .bss                usbd_cdc_if.o
    0x20000ddc        -       0x0000040c   Zero   RW          537    .bss                usbd_conf.o
    0x200011e8        -       0x00000400   Zero   RW            1    STACK               startup_stm32f303xc.o


==============================================================================

Image component sizes


      Code (inc. data)   RO Data    RW Data    ZI Data      Debug   Object Name

       892         80          0          0        192     589497   main.o
        36          8        392          0       1024        848   startup_stm32f303xc.o
       164         28          0         12          0      13513   stm32f3xx_hal.o
      2850        132          0          0          0      10812   stm32f3xx_hal_adc_ex.o
       198         14          0          0          0      34007   stm32f3xx_hal_cortex.o
       450         28          0          0          0       2472   stm32f3xx_hal_gpio.o
       200         18          0          4          0       1944   stm32f3xx_hal_msp.o
      2530          0          0          0          0      13577   stm32f3xx_hal_pcd.o
        60          0          0          0          0       1214   stm32f3xx_hal_pcd_ex.o
      1916         48         32          0          0       4674   stm32f3xx_hal_rcc.o
       536         14          0          0          0       1604   stm32f3xx_hal_rcc_ex.o
        32          6          0          0          0       4758   stm32f3xx_it.o
      2424          0          0          0          0      14440   stm32f3xx_ll_usb.o
        16          4         16          4          0       1163   system_stm32f3xx.o
        84         18          0          0        708        832   usb_device.o
       726         16          0        271          0      13686   usbd_cdc.o
       128         26          0         16       2000       3551   usbd_cdc_if.o
       612         28          0          0       1036      15313   usbd_conf.o
       670          0          0          0          0      10031   usbd_core.o
      1186         28          0          1          0       8264   usbd_ctlreq.o
       288        104          0         78        256       6261   usbd_desc.o
       132          0          0          0          0       4584   usbd_ioreq.o

    ----------------------------------------------------------------------
     16156        600        472        392       5216     757045   Object Totals
         0          0         32          0          0          0   (incl. Generated)
        26          0          0          6          0          0   (incl. Padding)

    ----------------------------------------------------------------------

      Code (inc. data)   RO Data    RW Data    ZI Data      Debug   Library Member Name

        86          0          0          0          0          0   __dczerorl2.o
         0          0          0          0          0          0   entry.o
         0          0          0          0          0          0   entry10a.o
         0          0          0          0          0          0   entry11a.o
         4          0          0          0          0          0   entry12b.o
         8          4          0          0          0          0   entry2.o
         4          0          0          0          0          0   entry5.o
         0          0          0          0          0          0   entry7b.o
         0          0          0          0          0          0   entry8b.o
         8          4          0          0          0          0   entry9a.o
        30          0          0          0          0          0   handlers.o
        36          8          0          0          0         68   init.o
         0          0          0          0          0          0   iusefp.o
        30          0          0          0          0         68   llshl.o
        36          0          0          0          0         68   llsshr.o
        32          0          0          0          0         68   llushr.o
        36          0          0          0          0         68   memcpya.o
        36          0          0          0          0        108   memseta.o
      2236         86          0          0          0        532   printfa.o
        14          0          0          0          0         68   strlen.o
        24          0          0          0          0         76   strncpy.o
        44          0          0          0          0         80   uidiv.o
        98          0          0          0          0         92   uldiv.o
        48          0          0          0          0         68   cdrcmple.o
       334          0          0          0          0        148   dadd.o
       222          0          0          0          0        100   ddiv.o
       186          0          0          0          0        176   depilogue.o
        48          0          0          0          0         68   dfixul.o
        26          0          0          0          0         76   dfltui.o
       228          0          0          0          0         96   dmul.o

    ----------------------------------------------------------------------
      3860        102          0          0          0       2028   Library Totals
         6          0          0          0          0          0   (incl. Padding)

    ----------------------------------------------------------------------

      Code (inc. data)   RO Data    RW Data    ZI Data      Debug   Library Name

      2762        102          0          0          0       1296   mc_w.l
      1092          0          0          0          0        732   mf_w.l

    ----------------------------------------------------------------------
      3860        102          0          0          0       2028   Library Totals

    ----------------------------------------------------------------------

==============================================================================


      Code (inc. data)   RO Data    RW Data    ZI Data      Debug   

     20016        702        472        392       5216     743817   Grand Totals
     20016        702        472        192       5216     743817   ELF Image Totals (compressed)
     20016        702        472        192          0          0   ROM Totals

==============================================================================

    Total RO  Size (Code + RO Data)                20488 (  20.01kB)
    Total RW  Size (RW Data + ZI Data)              5608 (   5.48kB)
    Total ROM Size (Code + RO Data + RW Data)      20680 (  20.20kB)

==============================================================================

