Component: ARM Compiler 5.06 update 7 (build 960) Tool: armlink [4d3601]

==============================================================================

Section Cross References

    startup_stm32f303xc.o(RESET) refers to startup_stm32f303xc.o(STACK) for __initial_sp
    startup_stm32f303xc.o(RESET) refers to startup_stm32f303xc.o(.text) for Reset_Handler
    startup_stm32f303xc.o(RESET) refers to stm32f3xx_it.o(i.NMI_Handler) for NMI_Handler
    startup_stm32f303xc.o(RESET) refers to stm32f3xx_it.o(i.HardFault_Handler) for HardFault_Handler
    startup_stm32f303xc.o(RESET) refers to stm32f3xx_it.o(i.MemManage_Handler) for MemManage_Handler
    startup_stm32f303xc.o(RESET) refers to stm32f3xx_it.o(i.BusFault_Handler) for BusFault_Handler
    startup_stm32f303xc.o(RESET) refers to stm32f3xx_it.o(i.UsageFault_Handler) for UsageFault_Handler
    startup_stm32f303xc.o(RESET) refers to stm32f3xx_it.o(i.SVC_Handler) for SVC_Handler
    startup_stm32f303xc.o(RESET) refers to stm32f3xx_it.o(i.DebugMon_Handler) for DebugMon_Handler
    startup_stm32f303xc.o(RESET) refers to stm32f3xx_it.o(i.PendSV_Handler) for PendSV_Handler
    startup_stm32f303xc.o(RESET) refers to stm32f3xx_it.o(i.SysTick_Handler) for SysTick_Handler
    startup_stm32f303xc.o(RESET) refers to stm32f3xx_it.o(i.USB_LP_CAN_RX0_IRQHandler) for USB_LP_CAN_RX0_IRQHandler
    startup_stm32f303xc.o(.text) refers to system_stm32f3xx.o(i.SystemInit) for SystemInit
    startup_stm32f303xc.o(.text) refers to entry.o(.ARM.Collect$$$$00000000) for __main
    main.o(i.MX_GPIO_Init) refers to memseta.o(.text) for __aeabi_memclr4
    main.o(i.MX_GPIO_Init) refers to stm32f3xx_hal_gpio.o(i.HAL_GPIO_WritePin) for HAL_GPIO_WritePin
    main.o(i.MX_GPIO_Init) refers to stm32f3xx_hal_gpio.o(i.HAL_GPIO_Init) for HAL_GPIO_Init
    main.o(i.SystemClock_Config) refers to memseta.o(.text) for __aeabi_memclr4
    main.o(i.SystemClock_Config) refers to stm32f3xx_hal_rcc.o(i.HAL_RCC_OscConfig) for HAL_RCC_OscConfig
    main.o(i.SystemClock_Config) refers to stm32f3xx_hal_rcc.o(i.HAL_RCC_ClockConfig) for HAL_RCC_ClockConfig
    main.o(i.SystemClock_Config) refers to stm32f3xx_hal_rcc_ex.o(i.HAL_RCCEx_PeriphCLKConfig) for HAL_RCCEx_PeriphCLKConfig
    main.o(i.main) refers to stm32f3xx_hal.o(i.HAL_Init) for HAL_Init
    main.o(i.main) refers to main.o(i.SystemClock_Config) for SystemClock_Config
    main.o(i.main) refers to main.o(i.MX_GPIO_Init) for MX_GPIO_Init
    main.o(i.main) refers to usb_device.o(i.MX_USB_DEVICE_Init) for MX_USB_DEVICE_Init
    main.o(i.main) refers to strcat.o(.text) for strcat
    main.o(i.main) refers to printf2.o(i.__0sprintf$2) for __2sprintf
    main.o(i.main) refers to strlen.o(.text) for strlen
    main.o(i.main) refers to usbd_cdc_if.o(i.CDC_Transmit_FS) for CDC_Transmit_FS
    main.o(i.main) refers to stm32f3xx_hal_gpio.o(i.HAL_GPIO_WritePin) for HAL_GPIO_WritePin
    main.o(i.main) refers to stm32f3xx_hal.o(i.HAL_Delay) for HAL_Delay
    main.o(i.main) refers to main.o(.bss) for .bss
    stm32f3xx_it.o(i.SysTick_Handler) refers to stm32f3xx_hal.o(i.HAL_IncTick) for HAL_IncTick
    stm32f3xx_it.o(i.USB_LP_CAN_RX0_IRQHandler) refers to stm32f3xx_hal_pcd.o(i.HAL_PCD_IRQHandler) for HAL_PCD_IRQHandler
    stm32f3xx_it.o(i.USB_LP_CAN_RX0_IRQHandler) refers to usbd_conf.o(.bss) for hpcd_USB_FS
    usb_device.o(i.MX_USB_DEVICE_Init) refers to usbd_core.o(i.USBD_Init) for USBD_Init
    usb_device.o(i.MX_USB_DEVICE_Init) refers to main.o(i.Error_Handler) for Error_Handler
    usb_device.o(i.MX_USB_DEVICE_Init) refers to usbd_core.o(i.USBD_RegisterClass) for USBD_RegisterClass
    usb_device.o(i.MX_USB_DEVICE_Init) refers to usbd_cdc.o(i.USBD_CDC_RegisterInterface) for USBD_CDC_RegisterInterface
    usb_device.o(i.MX_USB_DEVICE_Init) refers to usbd_core.o(i.USBD_Start) for USBD_Start
    usb_device.o(i.MX_USB_DEVICE_Init) refers to usbd_desc.o(.data) for FS_Desc
    usb_device.o(i.MX_USB_DEVICE_Init) refers to usb_device.o(.bss) for .bss
    usb_device.o(i.MX_USB_DEVICE_Init) refers to usbd_cdc.o(.data) for USBD_CDC
    usb_device.o(i.MX_USB_DEVICE_Init) refers to usbd_cdc_if.o(.data) for USBD_Interface_fops_FS
    usbd_desc.o(i.USBD_FS_ConfigStrDescriptor) refers to usbd_ctlreq.o(i.USBD_GetString) for USBD_GetString
    usbd_desc.o(i.USBD_FS_ConfigStrDescriptor) refers to usbd_desc.o(.bss) for .bss
    usbd_desc.o(i.USBD_FS_DeviceDescriptor) refers to usbd_desc.o(.data) for .data
    usbd_desc.o(i.USBD_FS_InterfaceStrDescriptor) refers to usbd_ctlreq.o(i.USBD_GetString) for USBD_GetString
    usbd_desc.o(i.USBD_FS_InterfaceStrDescriptor) refers to usbd_desc.o(.bss) for .bss
    usbd_desc.o(i.USBD_FS_LangIDStrDescriptor) refers to usbd_desc.o(.data) for .data
    usbd_desc.o(i.USBD_FS_ManufacturerStrDescriptor) refers to usbd_ctlreq.o(i.USBD_GetString) for USBD_GetString
    usbd_desc.o(i.USBD_FS_ManufacturerStrDescriptor) refers to usbd_desc.o(.bss) for .bss
[...]
    Removing usbd_core.o(i.USBD_LL_DevConnected), (4 bytes).
    Removing usbd_core.o(i.USBD_LL_DevDisconnected), (22 bytes).
    Removing usbd_core.o(i.USBD_LL_IsoINIncomplete), (4 bytes).
    Removing usbd_core.o(i.USBD_LL_IsoOUTIncomplete), (4 bytes).
    Removing usbd_core.o(i.USBD_RunTestMode), (4 bytes).
    Removing usbd_core.o(i.USBD_Stop), (26 bytes).
    Removing usbd_ctlreq.o(.rev16_text), (4 bytes).
    Removing usbd_ctlreq.o(.revsh_text), (4 bytes).
    Removing usbd_ctlreq.o(.rrx_text), (6 bytes).
    Removing usbd_ioreq.o(.rev16_text), (4 bytes).
    Removing usbd_ioreq.o(.revsh_text), (4 bytes).
    Removing usbd_ioreq.o(.rrx_text), (6 bytes).
    Removing usbd_ioreq.o(i.USBD_GetRxCount), (4 bytes).
    Removing usbd_cdc.o(.rev16_text), (4 bytes).
    Removing usbd_cdc.o(.revsh_text), (4 bytes).
    Removing usbd_cdc.o(.rrx_text), (6 bytes).
    Removing dadd.o(.text), (334 bytes).
    Removing dmul.o(.text), (228 bytes).
    Removing ddiv.o(.text), (222 bytes).
    Removing dfixul.o(.text), (48 bytes).
    Removing cdrcmple.o(.text), (48 bytes).
    Removing depilogue.o(.text), (186 bytes).

355 unused section(s) (total 21661 bytes) removed from the image.

==============================================================================

Image Symbol Table

    Local Symbols

    Symbol Name                              Value     Ov Type        Size  Object(Section)

    ../Core/Src/main.c                       0x00000000   Number         0  main.o ABSOLUTE
    ../Core/Src/stm32f3xx_hal_msp.c          0x00000000   Number         0  stm32f3xx_hal_msp.o ABSOLUTE
    ../Core/Src/stm32f3xx_it.c               0x00000000   Number         0  stm32f3xx_it.o ABSOLUTE
    ../Core/Src/system_stm32f3xx.c           0x00000000   Number         0  system_stm32f3xx.o ABSOLUTE
    ../Drivers/STM32F3xx_HAL_Driver/Src/stm32f3xx_hal.c 0x00000000   Number         0  stm32f3xx_hal.o ABSOLUTE
    ../Drivers/STM32F3xx_HAL_Driver/Src/stm32f3xx_hal_cortex.c 0x00000000   Number         0  stm32f3xx_hal_cortex.o ABSOLUTE
    ../Drivers/STM32F3xx_HAL_Driver/Src/stm32f3xx_hal_dma.c 0x00000000   Number         0  stm32f3xx_hal_dma.o ABSOLUTE
    ../Drivers/STM32F3xx_HAL_Driver/Src/stm32f3xx_hal_exti.c 0x00000000   Number         0  stm32f3xx_hal_exti.o ABSOLUTE
    ../Drivers/STM32F3xx_HAL_Driver/Src/stm32f3xx_hal_flash.c 0x00000000   Number         0  stm32f3xx_hal_flash.o ABSOLUTE
    ../Drivers/STM32F3xx_HAL_Driver/Src/stm32f3xx_hal_flash_ex.c 0x00000000   Number         0  stm32f3xx_hal_flash_ex.o ABSOLUTE
    ../Drivers/STM32F3xx_HAL_Driver/Src/stm32f3xx_hal_gpio.c 0x00000000   Number         0  stm32f3xx_hal_gpio.o ABSOLUTE
    ../Drivers/STM32F3xx_HAL_Driver/Src/stm32f3xx_hal_i2c.c 0x00000000   Number         0  stm32f3xx_hal_i2c.o ABSOLUTE
    ../Drivers/STM32F3xx_HAL_Driver/Src/stm32f3xx_hal_i2c_ex.c 0x00000000   Number         0  stm32f3xx_hal_i2c_ex.o ABSOLUTE
    ../Drivers/STM32F3xx_HAL_Driver/Src/stm32f3xx_hal_pcd.c 0x00000000   Number         0  stm32f3xx_hal_pcd.o ABSOLUTE
    ../Drivers/STM32F3xx_HAL_Driver/Src/stm32f3xx_hal_pcd_ex.c 0x00000000   Number         0  stm32f3xx_hal_pcd_ex.o ABSOLUTE
    ../Drivers/STM32F3xx_HAL_Driver/Src/stm32f3xx_hal_pwr.c 0x00000000   Number         0  stm32f3xx_hal_pwr.o ABSOLUTE
    ../Drivers/STM32F3xx_HAL_Driver/Src/stm32f3xx_hal_pwr_ex.c 0x00000000   Number         0  stm32f3xx_hal_pwr_ex.o ABSOLUTE
    ../Drivers/STM32F3xx_HAL_Driver/Src/stm32f3xx_hal_rcc.c 0x00000000   Number         0  stm32f3xx_hal_rcc.o ABSOLUTE
    ../Drivers/STM32F3xx_HAL_Driver/Src/stm32f3xx_hal_rcc_ex.c 0x00000000   Number         0  stm32f3xx_hal_rcc_ex.o ABSOLUTE
    ../Drivers/STM32F3xx_HAL_Driver/Src/stm32f3xx_hal_tim.c 0x00000000   Number         0  stm32f3xx_hal_tim.o ABSOLUTE
    ../Drivers/STM32F3xx_HAL_Driver/Src/stm32f3xx_hal_tim_ex.c 0x00000000   Number         0  stm32f3xx_hal_tim_ex.o ABSOLUTE
    ../Drivers/STM32F3xx_HAL_Driver/Src/stm32f3xx_ll_usb.c 0x00000000   Number         0  stm32f3xx_ll_usb.o ABSOLUTE
    ../Middlewares/ST/STM32_USB_Device_Library/Class/CDC/Src/usbd_cdc.c 0x00000000   Number         0  usbd_cdc.o ABSOLUTE
    ../Middlewares/ST/STM32_USB_Device_Library/Core/Src/usbd_core.c 0x00000000   Number         0  usbd_core.o ABSOLUTE
    ../Middlewares/ST/STM32_USB_Device_Library/Core/Src/usbd_ctlreq.c 0x00000000   Number         0  usbd_ctlreq.o ABSOLUTE
    ../Middlewares/ST/STM32_USB_Device_Library/Core/Src/usbd_ioreq.c 0x00000000   Number         0  usbd_ioreq.o ABSOLUTE
    ../USB_DEVICE/App/usb_device.c           0x00000000   Number         0  usb_device.o ABSOLUTE
    ../USB_DEVICE/App/usbd_cdc_if.c          0x00000000   Number         0  usbd_cdc_if.o ABSOLUTE
    ../USB_DEVICE/App/usbd_desc.c            0x00000000   Number         0  usbd_desc.o ABSOLUTE
    ../USB_DEVICE/Target/usbd_conf.c         0x00000000   Number         0  usbd_conf.o ABSOLUTE
    ../clib/../cmprslib/zerorunl2.c          0x00000000   Number         0  __dczerorl2.o ABSOLUTE
    ../clib/microlib/division.c              0x00000000   Number         0  uldiv.o ABSOLUTE
    ../clib/microlib/division.c              0x00000000   Number         0  uidiv.o ABSOLUTE
    ../clib/microlib/init/entry.s            0x00000000   Number         0  entry7a.o ABSOLUTE
    ../clib/microlib/init/entry.s            0x00000000   Number         0  entry.o ABSOLUTE
    ../clib/microlib/init/entry.s            0x00000000   Number         0  entry10b.o ABSOLUTE
    ../clib/microlib/init/entry.s            0x00000000   Number         0  entry12b.o ABSOLUTE
    ../clib/microlib/init/entry.s            0x00000000   Number         0  entry11a.o ABSOLUTE
    ../clib/microlib/init/entry.s            0x00000000   Number         0  entry10a.o ABSOLUTE
    ../clib/microlib/init/entry.s            0x00000000   Number         0  entry9b.o ABSOLUTE
    ../clib/microlib/init/entry.s            0x00000000   Number         0  entry11b.o ABSOLUTE
    ../clib/microlib/init/entry.s            0x00000000   Number         0  entry12a.o ABSOLUTE
    ../clib/microlib/init/entry.s            0x00000000   Number         0  entry8b.o ABSOLUTE
    ../clib/microlib/init/entry.s            0x00000000   Number         0  entry8a.o ABSOLUTE
    ../clib/microlib/init/entry.s            0x00000000   Number         0  entry7b.o ABSOLUTE
    ../clib/microlib/init/entry.s            0x00000000   Number         0  entry5.o ABSOLUTE
    ../clib/microlib/init/entry.s            0x00000000   Number         0  entry2.o ABSOLUTE
    ../clib/microlib/init/entry.s            0x00000000   Number         0  entry9a.o ABSOLUTE
    ../clib/microlib/longlong.c              0x00000000   Number         0  llshl.o ABSOLUTE
    ../clib/microlib/longlong.c              0x00000000   Number         0  llsshr.o ABSOLUTE
    ../clib/microlib/longlong.c              0x00000000   Number         0  llushr.o ABSOLUTE
    ../clib/microlib/printf/printf.c         0x00000000   Number         0  printf2.o ABSOLUTE
    ../clib/microlib/printf/printf.c         0x00000000   Number         0  printf0.o ABSOLUTE
    ../clib/microlib/printf/printf.c         0x00000000   Number         0  printf1.o ABSOLUTE
    ../clib/microlib/printf/printf.c         0x00000000   Number         0  printf4.o ABSOLUTE
    ../clib/microlib/printf/printf.c         0x00000000   Number         0  printf5.o ABSOLUTE
    ../clib/microlib/printf/printf.c         0x00000000   Number         0  printf6.o ABSOLUTE
    ../clib/microlib/printf/printf.c         0x00000000   Number         0  printfb.o ABSOLUTE
    ../clib/microlib/printf/printf.c         0x00000000   Number         0  printfa.o ABSOLUTE
    ../clib/microlib/printf/printf.c         0x00000000   Number         0  printf8.o ABSOLUTE
    ../clib/microlib/printf/printf.c         0x00000000   Number         0  printf7.o ABSOLUTE
    ../clib/microlib/printf/printf.c         0x00000000   Number         0  printf3.o ABSOLUTE
    ../clib/microlib/printf/stubs.s          0x00000000   Number         0  stubs.o ABSOLUTE
    ../clib/microlib/stdio/fputc.c           0x00000000   Number         0  fputc.o ABSOLUTE
    ../clib/microlib/stdio/semi.s            0x00000000   Number         0  semi.o ABSOLUTE
    ../clib/microlib/stdio/streams.c         0x00000000   Number         0  stdout.o ABSOLUTE
    ../clib/microlib/string/memcpy.c         0x00000000   Number         0  memcpya.o ABSOLUTE
    ../clib/microlib/string/memcpy.c         0x00000000   Number         0  memcpyb.o ABSOLUTE
    ../clib/microlib/string/memset.c         0x00000000   Number         0  memseta.o ABSOLUTE
    ../clib/microlib/string/strcat.c         0x00000000   Number         0  strcat.o ABSOLUTE
    ../clib/microlib/string/strlen.c         0x00000000   Number         0  strlen.o ABSOLUTE
    ../clib/microlib/string/strncpy.c        0x00000000   Number         0  strncpy.o ABSOLUTE
    ../clib/microlib/stubs.s                 0x00000000   Number         0  iusefp.o ABSOLUTE
    ../clib/microlib/stubs.s                 0x00000000   Number         0  iusesemip.o ABSOLUTE
    ../fplib/microlib/fpadd.c                0x00000000   Number         0  dadd.o ABSOLUTE
    ../fplib/microlib/fpdiv.c                0x00000000   Number         0  ddiv.o ABSOLUTE
    ../fplib/microlib/fpepilogue.c           0x00000000   Number         0  depilogue.o ABSOLUTE
    ../fplib/microlib/fpfix.c                0x00000000   Number         0  dfixul.o ABSOLUTE
    ../fplib/microlib/fpmul.c                0x00000000   Number         0  dmul.o ABSOLUTE
    ..\Core\Src\main.c                       0x00000000   Number         0  main.o ABSOLUTE
    ..\Core\Src\stm32f3xx_hal_msp.c          0x00000000   Number         0  stm32f3xx_hal_msp.o ABSOLUTE
    ..\Core\Src\stm32f3xx_it.c               0x00000000   Number         0  stm32f3xx_it.o ABSOLUTE
    ..\Core\Src\system_stm32f3xx.c           0x00000000   Number         0  system_stm32f3xx.o ABSOLUTE
    ..\Drivers\STM32F3xx_HAL_Driver\Src\stm32f3xx_hal.c 0x00000000   Number         0  stm32f3xx_hal.o ABSOLUTE
    ..\Drivers\STM32F3xx_HAL_Driver\Src\stm32f3xx_hal_cortex.c 0x00000000   Number         0  stm32f3xx_hal_cortex.o ABSOLUTE
    ..\Drivers\STM32F3xx_HAL_Driver\Src\stm32f3xx_hal_dma.c 0x00000000   Number         0  stm32f3xx_hal_dma.o ABSOLUTE
    ..\Drivers\STM32F3xx_HAL_Driver\Src\stm32f3xx_hal_exti.c 0x00000000   Number         0  stm32f3xx_hal_exti.o ABSOLUTE
    ..\Drivers\STM32F3xx_HAL_Driver\Src\stm32f3xx_hal_flash.c 0x00000000   Number         0  stm32f3xx_hal_flash.o ABSOLUTE
    ..\Drivers\STM32F3xx_HAL_Driver\Src\stm32f3xx_hal_flash_ex.c 0x00000000   Number         0  stm32f3xx_hal_flash_ex.o ABSOLUTE
    ..\Drivers\STM32F3xx_HAL_Driver\Src\stm32f3xx_hal_gpio.c 0x00000000   Number         0  stm32f3xx_hal_gpio.o ABSOLUTE
    ..\Drivers\STM32F3xx_HAL_Driver\Src\stm32f3xx_hal_i2c.c 0x00000000   Number         0  stm32f3xx_hal_i2c.o ABSOLUTE
    ..\Drivers\STM32F3xx_HAL_Driver\Src\stm32f3xx_hal_i2c_ex.c 0x00000000   Number         0  stm32f3xx_hal_i2c_ex.o ABSOLUTE
    ..\Drivers\STM32F3xx_HAL_Driver\Src\stm32f3xx_hal_pcd.c 0x00000000   Number         0  stm32f3xx_hal_pcd.o ABSOLUTE
    ..\Drivers\STM32F3xx_HAL_Driver\Src\stm32f3xx_hal_pcd_ex.c 0x00000000   Number         0  stm32f3xx_hal_pcd_ex.o ABSOLUTE
    ..\Drivers\STM32F3xx_HAL_Driver\Src\stm32f3xx_hal_pwr.c 0x00000000   Number         0  stm32f3xx_hal_pwr.o ABSOLUTE
    ..\Drivers\STM32F3xx_HAL_Driver\Src\stm32f3xx_hal_pwr_ex.c 0x00000000   Number         0  stm32f3xx_hal_pwr_ex.o ABSOLUTE
    ..\Drivers\STM32F3xx_HAL_Driver\Src\stm32f3xx_hal_rcc.c 0x00000000   Number         0  stm32f3xx_hal_rcc.o ABSOLUTE
    ..\Drivers\STM32F3xx_HAL_Driver\Src\stm32f3xx_hal_rcc_ex.c 0x00000000   Number         0  stm32f3xx_hal_rcc_ex.o ABSOLUTE
    ..\Drivers\STM32F3xx_HAL_Driver\Src\stm32f3xx_hal_tim.c 0x00000000   Number         0  stm32f3xx_hal_tim.o ABSOLUTE
    ..\Drivers\STM32F3xx_HAL_Driver\Src\stm32f3xx_hal_tim_ex.c 0x00000000   Number         0  stm32f3xx_hal_tim_ex.o ABSOLUTE
    ..\Drivers\STM32F3xx_HAL_Driver\Src\stm32f3xx_ll_usb.c 0x00000000   Number         0  stm32f3xx_ll_usb.o ABSOLUTE
    ..\Middlewares\ST\STM32_USB_Device_Library\Class\CDC\Src\usbd_cdc.c 0x00000000   Number         0  usbd_cdc.o ABSOLUTE
    ..\Middlewares\ST\STM32_USB_Device_Library\Core\Src\usbd_core.c 0x00000000   Number         0  usbd_core.o ABSOLUTE
    ..\Middlewares\ST\STM32_USB_Device_Library\Core\Src\usbd_ctlreq.c 0x00000000   Number         0  usbd_ctlreq.o ABSOLUTE
    ..\Middlewares\ST\STM32_USB_Device_Library\Core\Src\usbd_ioreq.c 0x00000000   Number         0  usbd_ioreq.o ABSOLUTE
    ..\USB_DEVICE\App\usb_device.c           0x00000000   Number         0  usb_device.o ABSOLUTE
    ..\USB_DEVICE\App\usbd_cdc_if.c          0x00000000   Number         0  usbd_cdc_if.o ABSOLUTE
    ..\USB_DEVICE\App\usbd_desc.c            0x00000000   Number         0  usbd_desc.o ABSOLUTE
    ..\USB_DEVICE\Target\usbd_conf.c         0x00000000   Number         0  usbd_conf.o ABSOLUTE
    cdrcmple.s                               0x00000000   Number         0  cdrcmple.o ABSOLUTE
    dc.s                                     0x00000000   Number         0  dc.o ABSOLUTE
    handlers.s                               0x00000000   Number         0  handlers.o ABSOLUTE
    init.s                                   0x00000000   Number         0  init.o ABSOLUTE
    startup_stm32f303xc.s                    0x00000000   Number         0  startup_stm32f303xc.o ABSOLUTE
    RESET                                    0x08000000   Section      392  startup_stm32f303xc.o(RESET)
    .ARM.Collect$$$$00000000                 0x08000188   Section        0  entry.o(.ARM.Collect$$$$00000000)
    .ARM.Collect$$$$00000001                 0x08000188   Section        4  entry2.o(.ARM.Collect$$$$00000001)
    .ARM.Collect$$$$00000004                 0x0800018c   Section        4  entry5.o(.ARM.Collect$$$$00000004)
    .ARM.Collect$$$$00000008                 0x08000190   Section        0  entry7b.o(.ARM.Collect$$$$00000008)
    .ARM.Collect$$$$0000000A                 0x08000190   Section        0  entry8b.o(.ARM.Collect$$$$0000000A)
    .ARM.Collect$$$$0000000B                 0x08000190   Section        8  entry9a.o(.ARM.Collect$$$$0000000B)
    .ARM.Collect$$$$0000000E                 0x08000198   Section        4  entry12b.o(.ARM.Collect$$$$0000000E)
    .ARM.Collect$$$$0000000F                 0x0800019c   Section        0  entry10a.o(.ARM.Collect$$$$0000000F)
    .ARM.Collect$$$$00000011                 0x0800019c   Section        0  entry11a.o(.ARM.Collect$$$$00000011)
    .ARM.Collect$$$$00002712                 0x0800019c   Section        4  entry2.o(.ARM.Collect$$$$00002712)
    __lit__00000000                          0x0800019c   Data           4  entry2.o(.ARM.Collect$$$$00002712)
    .text                                    0x080001a0   Section       36  startup_stm32f303xc.o(.text)
    $v0                                      0x080001a0   Number         0  startup_stm32f303xc.o(.text)
    .text                                    0x080001c4   Section        0  uldiv.o(.text)
    .text                                    0x08000226   Section        0  llushr.o(.text)
    .text                                    0x08000246   Section        0  memcpya.o(.text)
    .text                                    0x0800026a   Section        0  memseta.o(.text)
    .text                                    0x0800028e   Section        0  strcat.o(.text)
    .text                                    0x080002a6   Section        0  strncpy.o(.text)
    .text                                    0x080002be   Section        0  strlen.o(.text)
    .text                                    0x080002cc   Section        0  llshl.o(.text)
    .text                                    0x080002ec   Section       36  init.o(.text)
    .text                                    0x08000310   Section        0  __dczerorl2.o(.text)
    i.BusFault_Handler                       0x08000366   Section        0  stm32f3xx_it.o(i.BusFault_Handler)
    i.CDC_Control_FS                         0x08000368   Section        0  usbd_cdc_if.o(i.CDC_Control_FS)
    CDC_Control_FS                           0x08000369   Thumb Code     4  usbd_cdc_if.o(i.CDC_Control_FS)
    i.CDC_DeInit_FS                          0x0800036c   Section        0  usbd_cdc_if.o(i.CDC_DeInit_FS)
    CDC_DeInit_FS                            0x0800036d   Thumb Code     4  usbd_cdc_if.o(i.CDC_DeInit_FS)
    i.CDC_Init_FS                            0x08000370   Section        0  usbd_cdc_if.o(i.CDC_Init_FS)
    CDC_Init_FS                              0x08000371   Thumb Code    24  usbd_cdc_if.o(i.CDC_Init_FS)
    i.CDC_Receive_FS                         0x08000394   Section        0  usbd_cdc_if.o(i.CDC_Receive_FS)
    CDC_Receive_FS                           0x08000395   Thumb Code    32  usbd_cdc_if.o(i.CDC_Receive_FS)
    i.CDC_Transmit_FS                        0x080003bc   Section        0  usbd_cdc_if.o(i.CDC_Transmit_FS)
    i.DebugMon_Handler                       0x080003e8   Section        0  stm32f3xx_it.o(i.DebugMon_Handler)
    i.Error_Handler                          0x080003ea   Section        0  main.o(i.Error_Handler)
    i.HAL_Delay                              0x080003f0   Section        0  stm32f3xx_hal.o(i.HAL_Delay)
    i.HAL_GPIO_Init                          0x08000414   Section        0  stm32f3xx_hal_gpio.o(i.HAL_GPIO_Init)
    i.HAL_GPIO_WritePin                      0x080005cc   Section        0  stm32f3xx_hal_gpio.o(i.HAL_GPIO_WritePin)
    i.HAL_GetTick                            0x080005d8   Section        0  stm32f3xx_hal.o(i.HAL_GetTick)
    i.HAL_IncTick                            0x080005e4   Section        0  stm32f3xx_hal.o(i.HAL_IncTick)
    i.HAL_Init                               0x080005f4   Section        0  stm32f3xx_hal.o(i.HAL_Init)
    i.HAL_InitTick                           0x08000618   Section        0  stm32f3xx_hal.o(i.HAL_InitTick)
    i.HAL_MspInit                            0x08000658   Section        0  stm32f3xx_hal_msp.o(i.HAL_MspInit)
    i.HAL_NVIC_EnableIRQ                     0x08000684   Section        0  stm32f3xx_hal_cortex.o(i.HAL_NVIC_EnableIRQ)
    i.HAL_NVIC_SetPriority                   0x080006a0   Section        0  stm32f3xx_hal_cortex.o(i.HAL_NVIC_SetPriority)
    i.HAL_NVIC_SetPriorityGrouping           0x080006e0   Section        0  stm32f3xx_hal_cortex.o(i.HAL_NVIC_SetPriorityGrouping)
    i.HAL_PCDEx_PMAConfig                    0x08000704   Section        0  stm32f3xx_hal_pcd_ex.o(i.HAL_PCDEx_PMAConfig)
    i.HAL_PCDEx_SetConnectionState           0x08000740   Section        0  usbd_conf.o(i.HAL_PCDEx_SetConnectionState)
    i.HAL_PCD_DataInStageCallback            0x08000742   Section        0  usbd_conf.o(i.HAL_PCD_DataInStageCallback)
    i.HAL_PCD_DataOutStageCallback           0x08000754   Section        0  usbd_conf.o(i.HAL_PCD_DataOutStageCallback)
    i.HAL_PCD_EP_Close                       0x08000768   Section        0  stm32f3xx_hal_pcd.o(i.HAL_PCD_EP_Close)
    i.HAL_PCD_EP_ClrStall                    0x080007b4   Section        0  stm32f3xx_hal_pcd.o(i.HAL_PCD_EP_ClrStall)
    i.HAL_PCD_EP_DB_Receive                  0x08000810   Section        0  stm32f3xx_hal_pcd.o(i.HAL_PCD_EP_DB_Receive)
    HAL_PCD_EP_DB_Receive                    0x08000811   Thumb Code   230  stm32f3xx_hal_pcd.o(i.HAL_PCD_EP_DB_Receive)
    i.HAL_PCD_EP_DB_Transmit                 0x080008f6   Section        0  stm32f3xx_hal_pcd.o(i.HAL_PCD_EP_DB_Transmit)
    HAL_PCD_EP_DB_Transmit                   0x080008f7   Thumb Code   544  stm32f3xx_hal_pcd.o(i.HAL_PCD_EP_DB_Transmit)
    i.HAL_PCD_EP_GetRxCount                  0x08000b16   Section        0  stm32f3xx_hal_pcd.o(i.HAL_PCD_EP_GetRxCount)
    i.HAL_PCD_EP_Open                        0x08000b28   Section        0  stm32f3xx_hal_pcd.o(i.HAL_PCD_EP_Open)
    i.HAL_PCD_EP_Receive                     0x08000b88   Section        0  stm32f3xx_hal_pcd.o(i.HAL_PCD_EP_Receive)
    i.HAL_PCD_EP_SetStall                    0x08000bba   Section        0  stm32f3xx_hal_pcd.o(i.HAL_PCD_EP_SetStall)
    i.HAL_PCD_EP_Transmit                    0x08000c1a   Section        0  stm32f3xx_hal_pcd.o(i.HAL_PCD_EP_Transmit)
    i.HAL_PCD_IRQHandler                     0x08000c4e   Section        0  stm32f3xx_hal_pcd.o(i.HAL_PCD_IRQHandler)
    i.HAL_PCD_Init                           0x08000d4e   Section        0  stm32f3xx_hal_pcd.o(i.HAL_PCD_Init)
    i.HAL_PCD_MspInit                        0x08000df4   Section        0  usbd_conf.o(i.HAL_PCD_MspInit)
    i.HAL_PCD_ResetCallback                  0x08000e68   Section        0  usbd_conf.o(i.HAL_PCD_ResetCallback)
    i.HAL_PCD_ResumeCallback                 0x08000e8e   Section        0  usbd_conf.o(i.HAL_PCD_ResumeCallback)
    i.HAL_PCD_SOFCallback                    0x08000e96   Section        0  usbd_conf.o(i.HAL_PCD_SOFCallback)
    i.HAL_PCD_SetAddress                     0x08000e9e   Section        0  stm32f3xx_hal_pcd.o(i.HAL_PCD_SetAddress)
    i.HAL_PCD_SetupStageCallback             0x08000ec6   Section        0  usbd_conf.o(i.HAL_PCD_SetupStageCallback)
    i.HAL_PCD_Start                          0x08000ed4   Section        0  stm32f3xx_hal_pcd.o(i.HAL_PCD_Start)
    i.HAL_PCD_SuspendCallback                0x08000f08   Section        0  usbd_conf.o(i.HAL_PCD_SuspendCallback)
    i.HAL_RCCEx_PeriphCLKConfig              0x08000f2c   Section        0  stm32f3xx_hal_rcc_ex.o(i.HAL_RCCEx_PeriphCLKConfig)
    i.HAL_RCC_ClockConfig                    0x08001144   Section        0  stm32f3xx_hal_rcc.o(i.HAL_RCC_ClockConfig)
    i.HAL_RCC_GetSysClockFreq                0x0800128c   Section        0  stm32f3xx_hal_rcc.o(i.HAL_RCC_GetSysClockFreq)
    i.HAL_RCC_OscConfig                      0x080012f8   Section        0  stm32f3xx_hal_rcc.o(i.HAL_RCC_OscConfig)
    i.HAL_SYSTICK_Config                     0x080018c0   Section        0  stm32f3xx_hal_cortex.o(i.HAL_SYSTICK_Config)
    i.HardFault_Handler                      0x080018e8   Section        0  stm32f3xx_it.o(i.HardFault_Handler)
    i.IntToUnicode                           0x080018ec   Section        0  usbd_desc.o(i.IntToUnicode)
    IntToUnicode                             0x080018ed   Thumb Code    56  usbd_desc.o(i.IntToUnicode)
    i.MX_GPIO_Init                           0x08001924   Section        0  main.o(i.MX_GPIO_Init)
    MX_GPIO_Init                             0x08001925   Thumb Code   140  main.o(i.MX_GPIO_Init)
    i.MX_USB_DEVICE_Init                     0x080019b8   Section        0  usb_device.o(i.MX_USB_DEVICE_Init)
    i.MemManage_Handler                      0x08001a0c   Section        0  stm32f3xx_it.o(i.MemManage_Handler)
    i.NMI_Handler                            0x08001a0e   Section        0  stm32f3xx_it.o(i.NMI_Handler)
    i.PCD_EP_ISR_Handler                     0x08001a10   Section        0  stm32f3xx_hal_pcd.o(i.PCD_EP_ISR_Handler)
    PCD_EP_ISR_Handler                       0x08001a11   Thumb Code   764  stm32f3xx_hal_pcd.o(i.PCD_EP_ISR_Handler)
    i.PendSV_Handler                         0x08001d0c   Section        0  stm32f3xx_it.o(i.PendSV_Handler)
    i.SVC_Handler                            0x08001d0e   Section        0  stm32f3xx_it.o(i.SVC_Handler)
    i.SysTick_Handler                        0x08001d10   Section        0  stm32f3xx_it.o(i.SysTick_Handler)
    i.SystemClock_Config                     0x08001d14   Section        0  main.o(i.SystemClock_Config)
    i.SystemInit                             0x08001d90   Section        0  system_stm32f3xx.o(i.SystemInit)
    i.USBD_CDC_DataIn                        0x08001da0   Section        0  usbd_cdc.o(i.USBD_CDC_DataIn)
    USBD_CDC_DataIn                          0x08001da1   Thumb Code    70  usbd_cdc.o(i.USBD_CDC_DataIn)
    i.USBD_CDC_DataOut                       0x08001de6   Section        0  usbd_cdc.o(i.USBD_CDC_DataOut)
    USBD_CDC_DataOut                         0x08001de7   Thumb Code    46  usbd_cdc.o(i.USBD_CDC_DataOut)
    i.USBD_CDC_DeInit                        0x08001e14   Section        0  usbd_cdc.o(i.USBD_CDC_DeInit)
    USBD_CDC_DeInit                          0x08001e15   Thumb Code    68  usbd_cdc.o(i.USBD_CDC_DeInit)
    i.USBD_CDC_EP0_RxReady                   0x08001e58   Section        0  usbd_cdc.o(i.USBD_CDC_EP0_RxReady)
    USBD_CDC_EP0_RxReady                     0x08001e59   Thumb Code    36  usbd_cdc.o(i.USBD_CDC_EP0_RxReady)
    i.USBD_CDC_GetDeviceQualifierDescriptor  0x08001e7c   Section        0  usbd_cdc.o(i.USBD_CDC_GetDeviceQualifierDescriptor)
    i.USBD_CDC_GetFSCfgDesc                  0x08001e88   Section        0  usbd_cdc.o(i.USBD_CDC_GetFSCfgDesc)
    USBD_CDC_GetFSCfgDesc                    0x08001e89   Thumb Code     8  usbd_cdc.o(i.USBD_CDC_GetFSCfgDesc)
    i.USBD_CDC_GetHSCfgDesc                  0x08001e94   Section        0  usbd_cdc.o(i.USBD_CDC_GetHSCfgDesc)
    USBD_CDC_GetHSCfgDesc                    0x08001e95   Thumb Code     8  usbd_cdc.o(i.USBD_CDC_GetHSCfgDesc)
    i.USBD_CDC_GetOtherSpeedCfgDesc          0x08001ea0   Section        0  usbd_cdc.o(i.USBD_CDC_GetOtherSpeedCfgDesc)
    USBD_CDC_GetOtherSpeedCfgDesc            0x08001ea1   Thumb Code     8  usbd_cdc.o(i.USBD_CDC_GetOtherSpeedCfgDesc)
    i.USBD_CDC_Init                          0x08001eac   Section        0  usbd_cdc.o(i.USBD_CDC_Init)
    USBD_CDC_Init                            0x08001ead   Thumb Code   148  usbd_cdc.o(i.USBD_CDC_Init)
    i.USBD_CDC_ReceivePacket                 0x08001f40   Section        0  usbd_cdc.o(i.USBD_CDC_ReceivePacket)
    i.USBD_CDC_RegisterInterface             0x08001f68   Section        0  usbd_cdc.o(i.USBD_CDC_RegisterInterface)
    i.USBD_CDC_SetRxBuffer                   0x08001f78   Section        0  usbd_cdc.o(i.USBD_CDC_SetRxBuffer)
    i.USBD_CDC_SetTxBuffer                   0x08001f84   Section        0  usbd_cdc.o(i.USBD_CDC_SetTxBuffer)
    i.USBD_CDC_Setup                         0x08001f94   Section        0  usbd_cdc.o(i.USBD_CDC_Setup)
    USBD_CDC_Setup                           0x08001f95   Thumb Code   172  usbd_cdc.o(i.USBD_CDC_Setup)
    i.USBD_CDC_TransmitPacket                0x08002040   Section        0  usbd_cdc.o(i.USBD_CDC_TransmitPacket)
    i.USBD_ClrClassConfig                    0x08002076   Section        0  usbd_core.o(i.USBD_ClrClassConfig)
    i.USBD_CtlContinueRx                     0x08002084   Section        0  usbd_ioreq.o(i.USBD_CtlContinueRx)
    i.USBD_CtlContinueSendData               0x08002094   Section        0  usbd_ioreq.o(i.USBD_CtlContinueSendData)
    i.USBD_CtlError                          0x080020a4   Section        0  usbd_ctlreq.o(i.USBD_CtlError)
    i.USBD_CtlPrepareRx                      0x080020ba   Section        0  usbd_ioreq.o(i.USBD_CtlPrepareRx)
    i.USBD_CtlReceiveStatus                  0x080020d8   Section        0  usbd_ioreq.o(i.USBD_CtlReceiveStatus)
    i.USBD_CtlSendData                       0x080020ee   Section        0  usbd_ioreq.o(i.USBD_CtlSendData)
    i.USBD_CtlSendStatus                     0x08002108   Section        0  usbd_ioreq.o(i.USBD_CtlSendStatus)
    i.USBD_FS_ConfigStrDescriptor            0x08002120   Section        0  usbd_desc.o(i.USBD_FS_ConfigStrDescriptor)
    i.USBD_FS_DeviceDescriptor               0x08002140   Section        0  usbd_desc.o(i.USBD_FS_DeviceDescriptor)
    i.USBD_FS_InterfaceStrDescriptor         0x0800214c   Section        0  usbd_desc.o(i.USBD_FS_InterfaceStrDescriptor)
    i.USBD_FS_LangIDStrDescriptor            0x08002170   Section        0  usbd_desc.o(i.USBD_FS_LangIDStrDescriptor)
    i.USBD_FS_ManufacturerStrDescriptor      0x0800217c   Section        0  usbd_desc.o(i.USBD_FS_ManufacturerStrDescriptor)
    i.USBD_FS_ProductStrDescriptor           0x080021a4   Section        0  usbd_desc.o(i.USBD_FS_ProductStrDescriptor)
    i.USBD_FS_SerialStrDescriptor            0x080021d0   Section        0  usbd_desc.o(i.USBD_FS_SerialStrDescriptor)
    i.USBD_GetDescriptor                     0x08002208   Section        0  usbd_ctlreq.o(i.USBD_GetDescriptor)
    USBD_GetDescriptor                       0x08002209   Thumb Code   232  usbd_ctlreq.o(i.USBD_GetDescriptor)
    i.USBD_GetString                         0x080022f0   Section        0  usbd_ctlreq.o(i.USBD_GetString)
    i.USBD_Get_USB_Status                    0x08002338   Section        0  usbd_conf.o(i.USBD_Get_USB_Status)
    USBD_Get_USB_Status                      0x08002339   Thumb Code    24  usbd_conf.o(i.USBD_Get_USB_Status)
    i.USBD_Init                              0x08002350   Section        0  usbd_core.o(i.USBD_Init)
    i.USBD_LL_ClearStallEP                   0x0800237a   Section        0  usbd_conf.o(i.USBD_LL_ClearStallEP)
    i.USBD_LL_CloseEP                        0x0800238c   Section        0  usbd_conf.o(i.USBD_LL_CloseEP)
    i.USBD_LL_DataInStage                    0x0800239e   Section        0  usbd_core.o(i.USBD_LL_DataInStage)
    i.USBD_LL_DataOutStage                   0x08002464   Section        0  usbd_core.o(i.USBD_LL_DataOutStage)
    i.USBD_LL_GetRxDataSize                  0x080024e6   Section        0  usbd_conf.o(i.USBD_LL_GetRxDataSize)
    i.USBD_LL_Init                           0x080024f0   Section        0  usbd_conf.o(i.USBD_LL_Init)
    i.USBD_LL_IsStallEP                      0x08002570   Section        0  usbd_conf.o(i.USBD_LL_IsStallEP)
    i.USBD_LL_OpenEP                         0x08002590   Section        0  usbd_conf.o(i.USBD_LL_OpenEP)
    i.USBD_LL_PrepareReceive                 0x080025a8   Section        0  usbd_conf.o(i.USBD_LL_PrepareReceive)
    i.USBD_LL_Reset                          0x080025ba   Section        0  usbd_core.o(i.USBD_LL_Reset)
    i.USBD_LL_Resume                         0x0800260a   Section        0  usbd_core.o(i.USBD_LL_Resume)
    i.USBD_LL_SOF                            0x0800261e   Section        0  usbd_core.o(i.USBD_LL_SOF)
    i.USBD_LL_SetSpeed                       0x08002636   Section        0  usbd_core.o(i.USBD_LL_SetSpeed)
    i.USBD_LL_SetUSBAddress                  0x0800263c   Section        0  usbd_conf.o(i.USBD_LL_SetUSBAddress)
    i.USBD_LL_SetupStage                     0x0800264e   Section        0  usbd_core.o(i.USBD_LL_SetupStage)
    i.USBD_LL_StallEP                        0x080026a8   Section        0  usbd_conf.o(i.USBD_LL_StallEP)
    i.USBD_LL_Start                          0x080026ba   Section        0  usbd_conf.o(i.USBD_LL_Start)
    i.USBD_LL_Suspend                        0x080026cc   Section        0  usbd_core.o(i.USBD_LL_Suspend)
    i.USBD_LL_Transmit                       0x080026de   Section        0  usbd_conf.o(i.USBD_LL_Transmit)
    i.USBD_ParseSetupRequest                 0x080026f0   Section        0  usbd_ctlreq.o(i.USBD_ParseSetupRequest)
    i.USBD_RegisterClass                     0x08002718   Section        0  usbd_core.o(i.USBD_RegisterClass)
    i.USBD_SetClassConfig                    0x08002728   Section        0  usbd_core.o(i.USBD_SetClassConfig)
    i.USBD_SetConfig                         0x08002740   Section        0  usbd_ctlreq.o(i.USBD_SetConfig)
    USBD_SetConfig                           0x08002741   Thumb Code   128  usbd_ctlreq.o(i.USBD_SetConfig)
    i.USBD_Start                             0x080027c4   Section        0  usbd_core.o(i.USBD_Start)
    i.USBD_StdDevReq                         0x080027ce   Section        0  usbd_ctlreq.o(i.USBD_StdDevReq)
    i.USBD_StdEPReq                          0x080028e0   Section        0  usbd_ctlreq.o(i.USBD_StdEPReq)
    i.USBD_StdItfReq                         0x08002a30   Section        0  usbd_ctlreq.o(i.USBD_StdItfReq)
    i.USBD_static_free                       0x08002a7e   Section        0  usbd_conf.o(i.USBD_static_free)
    i.USBD_static_malloc                     0x08002a80   Section        0  usbd_conf.o(i.USBD_static_malloc)
    i.USB_ActivateEndpoint                   0x08002a88   Section        0  stm32f3xx_ll_usb.o(i.USB_ActivateEndpoint)
    i.USB_DeactivateEndpoint                 0x08002ce0   Section        0  stm32f3xx_ll_usb.o(i.USB_DeactivateEndpoint)
    i.USB_DevConnect                         0x08002dee   Section        0  stm32f3xx_ll_usb.o(i.USB_DevConnect)
    i.USB_DevInit                            0x08002df2   Section        0  stm32f3xx_ll_usb.o(i.USB_DevInit)
    i.USB_DisableGlobalInt                   0x08002e04   Section        0  stm32f3xx_ll_usb.o(i.USB_DisableGlobalInt)
    i.USB_EPClearStall                       0x08002e12   Section        0  stm32f3xx_ll_usb.o(i.USB_EPClearStall)
    i.USB_EPSetStall                         0x08002e8a   Section        0  stm32f3xx_ll_usb.o(i.USB_EPSetStall)
    i.USB_EPStartXfer                        0x08002ebc   Section        0  stm32f3xx_ll_usb.o(i.USB_EPStartXfer)
    i.USB_EnableGlobalInt                    0x0800338a   Section        0  stm32f3xx_ll_usb.o(i.USB_EnableGlobalInt)
    i.USB_LP_CAN_RX0_IRQHandler              0x0800339c   Section        0  stm32f3xx_it.o(i.USB_LP_CAN_RX0_IRQHandler)
    i.USB_ReadInterrupts                     0x080033a8   Section        0  stm32f3xx_ll_usb.o(i.USB_ReadInterrupts)
    i.USB_ReadPMA                            0x080033b0   Section        0  stm32f3xx_ll_usb.o(i.USB_ReadPMA)
    i.USB_SetDevAddress                      0x080033dc   Section        0  stm32f3xx_ll_usb.o(i.USB_SetDevAddress)
    i.USB_WritePMA                           0x080033e8   Section        0  stm32f3xx_ll_usb.o(i.USB_WritePMA)
    i.UsageFault_Handler                     0x0800340e   Section        0  stm32f3xx_it.o(i.UsageFault_Handler)
    i.__0sprintf$2                           0x08003410   Section        0  printf2.o(i.__0sprintf$2)
    i.__NVIC_SetPriority                     0x08003438   Section        0  stm32f3xx_hal_cortex.o(i.__NVIC_SetPriority)
    __NVIC_SetPriority                       0x08003439   Thumb Code    32  stm32f3xx_hal_cortex.o(i.__NVIC_SetPriority)
    i.__scatterload_copy                     0x08003458   Section       14  handlers.o(i.__scatterload_copy)
    i.__scatterload_null                     0x08003466   Section        2  handlers.o(i.__scatterload_null)
    i.__scatterload_zeroinit                 0x08003468   Section       14  handlers.o(i.__scatterload_zeroinit)
    i._printf_core                           0x08003476   Section        0  printf2.o(i._printf_core)
    _printf_core                             0x08003477   Thumb Code   214  printf2.o(i._printf_core)
    i._sputc                                 0x0800354c   Section        0  printf2.o(i._sputc)
    _sputc                                   0x0800354d   Thumb Code    10  printf2.o(i._sputc)
    i.main                                   0x08003558   Section        0  main.o(i.main)
    .constdata                               0x080035f0   Section       32  stm32f3xx_hal_rcc.o(.constdata)
    .constdata                               0x08003610   Section       16  system_stm32f3xx.o(.constdata)
    .data                                    0x20000000   Section       28  usbd_desc.o(.data)
    .data                                    0x2000001c   Section       50  usbd_desc.o(.data)
    .data                                    0x20000050   Section       16  usbd_cdc_if.o(.data)
    .data                                    0x20000060   Section       12  stm32f3xx_hal.o(.data)
    .data                                    0x2000006c   Section        4  system_stm32f3xx.o(.data)
    .data                                    0x20000070   Section        1  usbd_ctlreq.o(.data)
    cfgidx                                   0x20000070   Data           1  usbd_ctlreq.o(.data)
    .data                                    0x20000074   Section      215  usbd_cdc.o(.data)
    USBD_CDC_DeviceQualifierDesc             0x20000074   Data          10  usbd_cdc.o(.data)
    .data                                    0x2000014c   Section       56  usbd_cdc.o(.data)
    .bss                                     0x20000184   Section       21  main.o(.bss)
    .bss                                     0x2000019c   Section      708  usb_device.o(.bss)
    .bss                                     0x20000460   Section      256  usbd_desc.o(.bss)
    .bss                                     0x20000560   Section     2000  usbd_cdc_if.o(.bss)
    .bss                                     0x20000d30   Section     1036  usbd_conf.o(.bss)
    mem                                      0x20000d30   Data         288  usbd_conf.o(.bss)
    STACK                                    0x20001140   Section     1024  startup_stm32f303xc.o(STACK)

    Global Symbols

    Symbol Name                              Value     Ov Type        Size  Object(Section)

    BuildAttributes$$THM_ISAv4$E$P$D$K$B$S$7EM$VFPi3$EXTD16$VFPS$VFMA$PE$A:L22UL41UL21$X:L11$S22US41US21$IEEE1$IW$USESV6$~STKCKD$USESV7$~SHL$OSPACE$ROPI$EBA8$MICROLIB$REQ8$PRES8$EABIv2 0x00000000   Number         0  anon$$obj.o ABSOLUTE
    __ARM_use_no_argv                        0x00000000   Number         0  main.o ABSOLUTE
    _printf_a                                0x00000000   Number         0  stubs.o ABSOLUTE
    _printf_c                                0x00000000   Number         0  stubs.o ABSOLUTE
    _printf_charcount                        0x00000000   Number         0  stubs.o ABSOLUTE
    _printf_d                                0x00000000   Number         0  stubs.o ABSOLUTE
    _printf_e                                0x00000000   Number         0  stubs.o ABSOLUTE
    _printf_f                                0x00000000   Number         0  stubs.o ABSOLUTE
    _printf_flags                            0x00000000   Number         0  stubs.o ABSOLUTE
    _printf_fp_dec                           0x00000000   Number         0  stubs.o ABSOLUTE
    _printf_fp_hex                           0x00000000   Number         0  stubs.o ABSOLUTE
    _printf_g                                0x00000000   Number         0  stubs.o ABSOLUTE
    _printf_i                                0x00000000   Number         0  stubs.o ABSOLUTE
    _printf_int_dec                          0x00000000   Number         0  stubs.o ABSOLUTE
    _printf_l                                0x00000000   Number         0  stubs.o ABSOLUTE
    _printf_lc                               0x00000000   Number         0  stubs.o ABSOLUTE
    _printf_ll                               0x00000000   Number         0  stubs.o ABSOLUTE
    _printf_lld                              0x00000000   Number         0  stubs.o ABSOLUTE
    _printf_lli                              0x00000000   Number         0  stubs.o ABSOLUTE
    _printf_llo                              0x00000000   Number         0  stubs.o ABSOLUTE
    _printf_llu                              0x00000000   Number         0  stubs.o ABSOLUTE
    _printf_llx                              0x00000000   Number         0  stubs.o ABSOLUTE
    _printf_longlong_dec                     0x00000000   Number         0  stubs.o ABSOLUTE
    _printf_longlong_hex                     0x00000000   Number         0  stubs.o ABSOLUTE
    _printf_longlong_oct                     0x00000000   Number         0  stubs.o ABSOLUTE
    _printf_ls                               0x00000000   Number         0  stubs.o ABSOLUTE
    _printf_mbtowc                           0x00000000   Number         0  stubs.o ABSOLUTE
    _printf_n                                0x00000000   Number         0  stubs.o ABSOLUTE
    _printf_o                                0x00000000   Number         0  stubs.o ABSOLUTE
    _printf_p                                0x00000000   Number         0  stubs.o ABSOLUTE
    _printf_percent                          0x00000000   Number         0  stubs.o ABSOLUTE
    _printf_pre_padding                      0x00000000   Number         0  stubs.o ABSOLUTE
    _printf_return_value                     0x00000000   Number         0  stubs.o ABSOLUTE
    _printf_s                                0x00000000   Number         0  stubs.o ABSOLUTE
    _printf_sizespec                         0x00000000   Number         0  stubs.o ABSOLUTE
    _printf_str                              0x00000000   Number         0  stubs.o ABSOLUTE
    _printf_truncate_signed                  0x00000000   Number         0  stubs.o ABSOLUTE
    _printf_truncate_unsigned                0x00000000   Number         0  stubs.o ABSOLUTE
    _printf_u                                0x00000000   Number         0  stubs.o ABSOLUTE
    _printf_wc                               0x00000000   Number         0  stubs.o ABSOLUTE
    _printf_wctomb                           0x00000000   Number         0  stubs.o ABSOLUTE
    _printf_widthprec                        0x00000000   Number         0  stubs.o ABSOLUTE
    _printf_x                                0x00000000   Number         0  stubs.o ABSOLUTE
    __arm_fini_                               - Undefined Weak Reference
    __cpp_initialize__aeabi_                  - Undefined Weak Reference
    __cxa_finalize                            - Undefined Weak Reference
    _clock_init                               - Undefined Weak Reference
    _microlib_exit                            - Undefined Weak Reference
    __Vectors_Size                           0x00000188   Number         0  startup_stm32f303xc.o ABSOLUTE
    __Vectors                                0x08000000   Data           4  startup_stm32f303xc.o(RESET)
    __Vectors_End                            0x08000188   Data           0  startup_stm32f303xc.o(RESET)
    __main                                   0x08000189   Thumb Code     0  entry.o(.ARM.Collect$$$$00000000)
    _main_stk                                0x08000189   Thumb Code     0  entry2.o(.ARM.Collect$$$$00000001)
    _main_scatterload                        0x0800018d   Thumb Code     0  entry5.o(.ARM.Collect$$$$00000004)
    __main_after_scatterload                 0x08000191   Thumb Code     0  entry5.o(.ARM.Collect$$$$00000004)
    _main_clock                              0x08000191   Thumb Code     0  entry7b.o(.ARM.Collect$$$$00000008)
    _main_cpp_init                           0x08000191   Thumb Code     0  entry8b.o(.ARM.Collect$$$$0000000A)
    _main_init                               0x08000191   Thumb Code     0  entry9a.o(.ARM.Collect$$$$0000000B)
    __rt_lib_shutdown_fini                   0x08000199   Thumb Code     0  entry12b.o(.ARM.Collect$$$$0000000E)
    __rt_final_cpp                           0x0800019d   Thumb Code     0  entry10a.o(.ARM.Collect$$$$0000000F)
    __rt_final_exit                          0x0800019d   Thumb Code     0  entry11a.o(.ARM.Collect$$$$00000011)
    Reset_Handler                            0x080001a1   Thumb Code     8  startup_stm32f303xc.o(.text)
    ADC1_2_IRQHandler                        0x080001bb   Thumb Code     0  startup_stm32f303xc.o(.text)
    ADC3_IRQHandler                          0x080001bb   Thumb Code     0  startup_stm32f303xc.o(.text)
    ADC4_IRQHandler                          0x080001bb   Thumb Code     0  startup_stm32f303xc.o(.text)
    CAN_RX1_IRQHandler                       0x080001bb   Thumb Code     0  startup_stm32f303xc.o(.text)
    CAN_SCE_IRQHandler                       0x080001bb   Thumb Code     0  startup_stm32f303xc.o(.text)
    COMP1_2_3_IRQHandler                     0x080001bb   Thumb Code     0  startup_stm32f303xc.o(.text)
    COMP4_5_6_IRQHandler                     0x080001bb   Thumb Code     0  startup_stm32f303xc.o(.text)
    COMP7_IRQHandler                         0x080001bb   Thumb Code     0  startup_stm32f303xc.o(.text)
    DMA1_Channel1_IRQHandler                 0x080001bb   Thumb Code     0  startup_stm32f303xc.o(.text)
    DMA1_Channel2_IRQHandler                 0x080001bb   Thumb Code     0  startup_stm32f303xc.o(.text)
    DMA1_Channel3_IRQHandler                 0x080001bb   Thumb Code     0  startup_stm32f303xc.o(.text)
    DMA1_Channel4_IRQHandler                 0x080001bb   Thumb Code     0  startup_stm32f303xc.o(.text)
    DMA1_Channel5_IRQHandler                 0x080001bb   Thumb Code     0  startup_stm32f303xc.o(.text)
    DMA1_Channel6_IRQHandler                 0x080001bb   Thumb Code     0  startup_stm32f303xc.o(.text)
    DMA1_Channel7_IRQHandler                 0x080001bb   Thumb Code     0  startup_stm32f303xc.o(.text)
    DMA2_Channel1_IRQHandler                 0x080001bb   Thumb Code     0  startup_stm32f303xc.o(.text)
    DMA2_Channel2_IRQHandler                 0x080001bb   Thumb Code     0  startup_stm32f303xc.o(.text)
    DMA2_Channel3_IRQHandler                 0x080001bb   Thumb Code     0  startup_stm32f303xc.o(.text)
    DMA2_Channel4_IRQHandler                 0x080001bb   Thumb Code     0  startup_stm32f303xc.o(.text)
    DMA2_Channel5_IRQHandler                 0x080001bb   Thumb Code     0  startup_stm32f303xc.o(.text)
    EXTI0_IRQHandler                         0x080001bb   Thumb Code     0  startup_stm32f303xc.o(.text)
    EXTI15_10_IRQHandler                     0x080001bb   Thumb Code     0  startup_stm32f303xc.o(.text)
    EXTI1_IRQHandler                         0x080001bb   Thumb Code     0  startup_stm32f303xc.o(.text)
    EXTI2_TSC_IRQHandler                     0x080001bb   Thumb Code     0  startup_stm32f303xc.o(.text)
    EXTI3_IRQHandler                         0x080001bb   Thumb Code     0  startup_stm32f303xc.o(.text)
    EXTI4_IRQHandler                         0x080001bb   Thumb Code     0  startup_stm32f303xc.o(.text)
    EXTI9_5_IRQHandler                       0x080001bb   Thumb Code     0  startup_stm32f303xc.o(.text)
    FLASH_IRQHandler                         0x080001bb   Thumb Code     0  startup_stm32f303xc.o(.text)
    FPU_IRQHandler                           0x080001bb   Thumb Code     0  startup_stm32f303xc.o(.text)
    I2C1_ER_IRQHandler                       0x080001bb   Thumb Code     0  startup_stm32f303xc.o(.text)
    I2C1_EV_IRQHandler                       0x080001bb   Thumb Code     0  startup_stm32f303xc.o(.text)
    I2C2_ER_IRQHandler                       0x080001bb   Thumb Code     0  startup_stm32f303xc.o(.text)
    I2C2_EV_IRQHandler                       0x080001bb   Thumb Code     0  startup_stm32f303xc.o(.text)
    PVD_IRQHandler                           0x080001bb   Thumb Code     0  startup_stm32f303xc.o(.text)
    RCC_IRQHandler                           0x080001bb   Thumb Code     0  startup_stm32f303xc.o(.text)
    RTC_Alarm_IRQHandler                     0x080001bb   Thumb Code     0  startup_stm32f303xc.o(.text)
    RTC_WKUP_IRQHandler                      0x080001bb   Thumb Code     0  startup_stm32f303xc.o(.text)
    SPI1_IRQHandler                          0x080001bb   Thumb Code     0  startup_stm32f303xc.o(.text)
    SPI2_IRQHandler                          0x080001bb   Thumb Code     0  startup_stm32f303xc.o(.text)
    SPI3_IRQHandler                          0x080001bb   Thumb Code     0  startup_stm32f303xc.o(.text)
    TAMP_STAMP_IRQHandler                    0x080001bb   Thumb Code     0  startup_stm32f303xc.o(.text)
    TIM1_BRK_TIM15_IRQHandler                0x080001bb   Thumb Code     0  startup_stm32f303xc.o(.text)
    TIM1_CC_IRQHandler                       0x080001bb   Thumb Code     0  startup_stm32f303xc.o(.text)
    TIM1_TRG_COM_TIM17_IRQHandler            0x080001bb   Thumb Code     0  startup_stm32f303xc.o(.text)
    TIM1_UP_TIM16_IRQHandler                 0x080001bb   Thumb Code     0  startup_stm32f303xc.o(.text)
    TIM2_IRQHandler                          0x080001bb   Thumb Code     0  startup_stm32f303xc.o(.text)
    TIM3_IRQHandler                          0x080001bb   Thumb Code     0  startup_stm32f303xc.o(.text)
    TIM4_IRQHandler                          0x080001bb   Thumb Code     0  startup_stm32f303xc.o(.text)
    TIM6_DAC_IRQHandler                      0x080001bb   Thumb Code     0  startup_stm32f303xc.o(.text)
    TIM7_IRQHandler                          0x080001bb   Thumb Code     0  startup_stm32f303xc.o(.text)
    TIM8_BRK_IRQHandler                      0x080001bb   Thumb Code     0  startup_stm32f303xc.o(.text)
    TIM8_CC_IRQHandler                       0x080001bb   Thumb Code     0  startup_stm32f303xc.o(.text)
    TIM8_TRG_COM_IRQHandler                  0x080001bb   Thumb Code     0  startup_stm32f303xc.o(.text)
    TIM8_UP_IRQHandler                       0x080001bb   Thumb Code     0  startup_stm32f303xc.o(.text)
    UART4_IRQHandler                         0x080001bb   Thumb Code     0  startup_stm32f303xc.o(.text)
    UART5_IRQHandler                         0x080001bb   Thumb Code     0  startup_stm32f303xc.o(.text)
    USART1_IRQHandler                        0x080001bb   Thumb Code     0  startup_stm32f303xc.o(.text)
    USART2_IRQHandler                        0x080001bb   Thumb Code     0  startup_stm32f303xc.o(.text)
    USART3_IRQHandler                        0x080001bb   Thumb Code     0  startup_stm32f303xc.o(.text)
    USBWakeUp_IRQHandler                     0x080001bb   Thumb Code     0  startup_stm32f303xc.o(.text)
    USBWakeUp_RMP_IRQHandler                 0x080001bb   Thumb Code     0  startup_stm32f303xc.o(.text)
    USB_HP_CAN_TX_IRQHandler                 0x080001bb   Thumb Code     0  startup_stm32f303xc.o(.text)
    USB_HP_IRQHandler                        0x080001bb   Thumb Code     0  startup_stm32f303xc.o(.text)
    USB_LP_IRQHandler                        0x080001bb   Thumb Code     0  startup_stm32f303xc.o(.text)
    WWDG_IRQHandler                          0x080001bb   Thumb Code     0  startup_stm32f303xc.o(.text)
    __aeabi_uldivmod                         0x080001c5   Thumb Code    98  uldiv.o(.text)
    __aeabi_llsr                             0x08000227   Thumb Code    32  llushr.o(.text)
    _ll_ushift_r                             0x08000227   Thumb Code     0  llushr.o(.text)
    __aeabi_memcpy                           0x08000247   Thumb Code    36  memcpya.o(.text)
    __aeabi_memcpy4                          0x08000247   Thumb Code     0  memcpya.o(.text)
    __aeabi_memcpy8                          0x08000247   Thumb Code     0  memcpya.o(.text)
    __aeabi_memset                           0x0800026b   Thumb Code    14  memseta.o(.text)
    __aeabi_memset4                          0x0800026b   Thumb Code     0  memseta.o(.text)
    __aeabi_memset8                          0x0800026b   Thumb Code     0  memseta.o(.text)
    __aeabi_memclr                           0x08000279   Thumb Code     4  memseta.o(.text)
    __aeabi_memclr4                          0x08000279   Thumb Code     0  memseta.o(.text)
    __aeabi_memclr8                          0x08000279   Thumb Code     0  memseta.o(.text)
    _memset$wrapper                          0x0800027d   Thumb Code    18  memseta.o(.text)
    strcat                                   0x0800028f   Thumb Code    24  strcat.o(.text)
    strncpy                                  0x080002a7   Thumb Code    24  strncpy.o(.text)
    strlen                                   0x080002bf   Thumb Code    14  strlen.o(.text)
    __aeabi_llsl                             0x080002cd   Thumb Code    30  llshl.o(.text)
    _ll_shift_l                              0x080002cd   Thumb Code     0  llshl.o(.text)
    __scatterload                            0x080002ed   Thumb Code    28  init.o(.text)
    __scatterload_rt2                        0x080002ed   Thumb Code     0  init.o(.text)
    __decompress                             0x08000311   Thumb Code     0  __dczerorl2.o(.text)
    __decompress1                            0x08000311   Thumb Code    86  __dczerorl2.o(.text)
    BusFault_Handler                         0x08000367   Thumb Code     2  stm32f3xx_it.o(i.BusFault_Handler)
    CDC_Transmit_FS                          0x080003bd   Thumb Code    38  usbd_cdc_if.o(i.CDC_Transmit_FS)
    DebugMon_Handler                         0x080003e9   Thumb Code     2  stm32f3xx_it.o(i.DebugMon_Handler)
    Error_Handler                            0x080003eb   Thumb Code     4  main.o(i.Error_Handler)
    HAL_Delay                                0x080003f1   Thumb Code    32  stm32f3xx_hal.o(i.HAL_Delay)
    HAL_GPIO_Init                            0x08000415   Thumb Code   412  stm32f3xx_hal_gpio.o(i.HAL_GPIO_Init)
    HAL_GPIO_WritePin                        0x080005cd   Thumb Code    10  stm32f3xx_hal_gpio.o(i.HAL_GPIO_WritePin)
    HAL_GetTick                              0x080005d9   Thumb Code     6  stm32f3xx_hal.o(i.HAL_GetTick)
    HAL_IncTick                              0x080005e5   Thumb Code    12  stm32f3xx_hal.o(i.HAL_IncTick)
    HAL_Init                                 0x080005f5   Thumb Code    32  stm32f3xx_hal.o(i.HAL_Init)
    HAL_InitTick                             0x08000619   Thumb Code    54  stm32f3xx_hal.o(i.HAL_InitTick)
    HAL_MspInit                              0x08000659   Thumb Code    38  stm32f3xx_hal_msp.o(i.HAL_MspInit)
    HAL_NVIC_EnableIRQ                       0x08000685   Thumb Code    26  stm32f3xx_hal_cortex.o(i.HAL_NVIC_EnableIRQ)
    HAL_NVIC_SetPriority                     0x080006a1   Thumb Code    60  stm32f3xx_hal_cortex.o(i.HAL_NVIC_SetPriority)
    HAL_NVIC_SetPriorityGrouping             0x080006e1   Thumb Code    26  stm32f3xx_hal_cortex.o(i.HAL_NVIC_SetPriorityGrouping)
    HAL_PCDEx_PMAConfig                      0x08000705   Thumb Code    60  stm32f3xx_hal_pcd_ex.o(i.HAL_PCDEx_PMAConfig)
    HAL_PCDEx_SetConnectionState             0x08000741   Thumb Code     2  usbd_conf.o(i.HAL_PCDEx_SetConnectionState)
    HAL_PCD_DataInStageCallback              0x08000743   Thumb Code    18  usbd_conf.o(i.HAL_PCD_DataInStageCallback)
    HAL_PCD_DataOutStageCallback             0x08000755   Thumb Code    20  usbd_conf.o(i.HAL_PCD_DataOutStageCallback)
    HAL_PCD_EP_Close                         0x08000769   Thumb Code    76  stm32f3xx_hal_pcd.o(i.HAL_PCD_EP_Close)
    HAL_PCD_EP_ClrStall                      0x080007b5   Thumb Code    92  stm32f3xx_hal_pcd.o(i.HAL_PCD_EP_ClrStall)
    HAL_PCD_EP_GetRxCount                    0x08000b17   Thumb Code    18  stm32f3xx_hal_pcd.o(i.HAL_PCD_EP_GetRxCount)
    HAL_PCD_EP_Open                          0x08000b29   Thumb Code    96  stm32f3xx_hal_pcd.o(i.HAL_PCD_EP_Open)
    HAL_PCD_EP_Receive                       0x08000b89   Thumb Code    50  stm32f3xx_hal_pcd.o(i.HAL_PCD_EP_Receive)
    HAL_PCD_EP_SetStall                      0x08000bbb   Thumb Code    96  stm32f3xx_hal_pcd.o(i.HAL_PCD_EP_SetStall)
    HAL_PCD_EP_Transmit                      0x08000c1b   Thumb Code    52  stm32f3xx_hal_pcd.o(i.HAL_PCD_EP_Transmit)
    HAL_PCD_IRQHandler                       0x08000c4f   Thumb Code   256  stm32f3xx_hal_pcd.o(i.HAL_PCD_IRQHandler)
    HAL_PCD_Init                             0x08000d4f   Thumb Code   166  stm32f3xx_hal_pcd.o(i.HAL_PCD_Init)
    HAL_PCD_MspInit                          0x08000df5   Thumb Code   108  usbd_conf.o(i.HAL_PCD_MspInit)
    HAL_PCD_ResetCallback                    0x08000e69   Thumb Code    38  usbd_conf.o(i.HAL_PCD_ResetCallback)
    HAL_PCD_ResumeCallback                   0x08000e8f   Thumb Code     8  usbd_conf.o(i.HAL_PCD_ResumeCallback)
    HAL_PCD_SOFCallback                      0x08000e97   Thumb Code     8  usbd_conf.o(i.HAL_PCD_SOFCallback)
    HAL_PCD_SetAddress                       0x08000e9f   Thumb Code    40  stm32f3xx_hal_pcd.o(i.HAL_PCD_SetAddress)
    HAL_PCD_SetupStageCallback               0x08000ec7   Thumb Code    14  usbd_conf.o(i.HAL_PCD_SetupStageCallback)
    HAL_PCD_Start                            0x08000ed5   Thumb Code    50  stm32f3xx_hal_pcd.o(i.HAL_PCD_Start)
    HAL_PCD_SuspendCallback                  0x08000f09   Thumb Code    30  usbd_conf.o(i.HAL_PCD_SuspendCallback)
    HAL_RCCEx_PeriphCLKConfig                0x08000f2d   Thumb Code   522  stm32f3xx_hal_rcc_ex.o(i.HAL_RCCEx_PeriphCLKConfig)
    HAL_RCC_ClockConfig                      0x08001145   Thumb Code   308  stm32f3xx_hal_rcc.o(i.HAL_RCC_ClockConfig)
    HAL_RCC_GetSysClockFreq                  0x0800128d   Thumb Code    92  stm32f3xx_hal_rcc.o(i.HAL_RCC_GetSysClockFreq)
    HAL_RCC_OscConfig                        0x080012f9   Thumb Code  1480  stm32f3xx_hal_rcc.o(i.HAL_RCC_OscConfig)
    HAL_SYSTICK_Config                       0x080018c1   Thumb Code    40  stm32f3xx_hal_cortex.o(i.HAL_SYSTICK_Config)
    HardFault_Handler                        0x080018e9   Thumb Code     2  stm32f3xx_it.o(i.HardFault_Handler)
    MX_USB_DEVICE_Init                       0x080019b9   Thumb Code    66  usb_device.o(i.MX_USB_DEVICE_Init)
    MemManage_Handler                        0x08001a0d   Thumb Code     2  stm32f3xx_it.o(i.MemManage_Handler)
    NMI_Handler                              0x08001a0f   Thumb Code     2  stm32f3xx_it.o(i.NMI_Handler)
    PendSV_Handler                           0x08001d0d   Thumb Code     2  stm32f3xx_it.o(i.PendSV_Handler)
    SVC_Handler                              0x08001d0f   Thumb Code     2  stm32f3xx_it.o(i.SVC_Handler)
    SysTick_Handler                          0x08001d11   Thumb Code     4  stm32f3xx_it.o(i.SysTick_Handler)
    SystemClock_Config                       0x08001d15   Thumb Code   122  main.o(i.SystemClock_Config)
    SystemInit                               0x08001d91   Thumb Code    12  system_stm32f3xx.o(i.SystemInit)
    USBD_CDC_GetDeviceQualifierDescriptor    0x08001e7d   Thumb Code     8  usbd_cdc.o(i.USBD_CDC_GetDeviceQualifierDescriptor)
    USBD_CDC_ReceivePacket                   0x08001f41   Thumb Code    40  usbd_cdc.o(i.USBD_CDC_ReceivePacket)
    USBD_CDC_RegisterInterface               0x08001f69   Thumb Code    16  usbd_cdc.o(i.USBD_CDC_RegisterInterface)
    USBD_CDC_SetRxBuffer                     0x08001f79   Thumb Code    12  usbd_cdc.o(i.USBD_CDC_SetRxBuffer)
    USBD_CDC_SetTxBuffer                     0x08001f85   Thumb Code    16  usbd_cdc.o(i.USBD_CDC_SetTxBuffer)
    USBD_CDC_TransmitPacket                  0x08002041   Thumb Code    54  usbd_cdc.o(i.USBD_CDC_TransmitPacket)
    USBD_ClrClassConfig                      0x08002077   Thumb Code    14  usbd_core.o(i.USBD_ClrClassConfig)
    USBD_CtlContinueRx                       0x08002085   Thumb Code    16  usbd_ioreq.o(i.USBD_CtlContinueRx)
    USBD_CtlContinueSendData                 0x08002095   Thumb Code    16  usbd_ioreq.o(i.USBD_CtlContinueSendData)
    USBD_CtlError                            0x080020a5   Thumb Code    22  usbd_ctlreq.o(i.USBD_CtlError)
    USBD_CtlPrepareRx                        0x080020bb   Thumb Code    30  usbd_ioreq.o(i.USBD_CtlPrepareRx)
    USBD_CtlReceiveStatus                    0x080020d9   Thumb Code    22  usbd_ioreq.o(i.USBD_CtlReceiveStatus)
    USBD_CtlSendData                         0x080020ef   Thumb Code    26  usbd_ioreq.o(i.USBD_CtlSendData)
    USBD_CtlSendStatus                       0x08002109   Thumb Code    22  usbd_ioreq.o(i.USBD_CtlSendStatus)
    USBD_FS_ConfigStrDescriptor              0x08002121   Thumb Code    16  usbd_desc.o(i.USBD_FS_ConfigStrDescriptor)
    USBD_FS_DeviceDescriptor                 0x08002141   Thumb Code     8  usbd_desc.o(i.USBD_FS_DeviceDescriptor)
    USBD_FS_InterfaceStrDescriptor           0x0800214d   Thumb Code    16  usbd_desc.o(i.USBD_FS_InterfaceStrDescriptor)
    USBD_FS_LangIDStrDescriptor              0x08002171   Thumb Code     8  usbd_desc.o(i.USBD_FS_LangIDStrDescriptor)
    USBD_FS_ManufacturerStrDescriptor        0x0800217d   Thumb Code    16  usbd_desc.o(i.USBD_FS_ManufacturerStrDescriptor)
    USBD_FS_ProductStrDescriptor             0x080021a5   Thumb Code    16  usbd_desc.o(i.USBD_FS_ProductStrDescriptor)
    USBD_FS_SerialStrDescriptor              0x080021d1   Thumb Code    48  usbd_desc.o(i.USBD_FS_SerialStrDescriptor)
    USBD_GetString                           0x080022f1   Thumb Code    72  usbd_ctlreq.o(i.USBD_GetString)
    USBD_Init                                0x08002351   Thumb Code    42  usbd_core.o(i.USBD_Init)
    USBD_LL_ClearStallEP                     0x0800237b   Thumb Code    18  usbd_conf.o(i.USBD_LL_ClearStallEP)
    USBD_LL_CloseEP                          0x0800238d   Thumb Code    18  usbd_conf.o(i.USBD_LL_CloseEP)
    USBD_LL_DataInStage                      0x0800239f   Thumb Code   198  usbd_core.o(i.USBD_LL_DataInStage)
    USBD_LL_DataOutStage                     0x08002465   Thumb Code   130  usbd_core.o(i.USBD_LL_DataOutStage)
    USBD_LL_GetRxDataSize                    0x080024e7   Thumb Code     8  usbd_conf.o(i.USBD_LL_GetRxDataSize)
    USBD_LL_Init                             0x080024f1   Thumb Code   118  usbd_conf.o(i.USBD_LL_Init)
    USBD_LL_IsStallEP                        0x08002571   Thumb Code    32  usbd_conf.o(i.USBD_LL_IsStallEP)
    USBD_LL_OpenEP                           0x08002591   Thumb Code    24  usbd_conf.o(i.USBD_LL_OpenEP)
    USBD_LL_PrepareReceive                   0x080025a9   Thumb Code    18  usbd_conf.o(i.USBD_LL_PrepareReceive)
    USBD_LL_Reset                            0x080025bb   Thumb Code    80  usbd_core.o(i.USBD_LL_Reset)
    USBD_LL_Resume                           0x0800260b   Thumb Code    20  usbd_core.o(i.USBD_LL_Resume)
    USBD_LL_SOF                              0x0800261f   Thumb Code    24  usbd_core.o(i.USBD_LL_SOF)
    USBD_LL_SetSpeed                         0x08002637   Thumb Code     6  usbd_core.o(i.USBD_LL_SetSpeed)
    USBD_LL_SetUSBAddress                    0x0800263d   Thumb Code    18  usbd_conf.o(i.USBD_LL_SetUSBAddress)
    USBD_LL_SetupStage                       0x0800264f   Thumb Code    90  usbd_core.o(i.USBD_LL_SetupStage)
    USBD_LL_StallEP                          0x080026a9   Thumb Code    18  usbd_conf.o(i.USBD_LL_StallEP)
    USBD_LL_Start                            0x080026bb   Thumb Code    18  usbd_conf.o(i.USBD_LL_Start)
    USBD_LL_Suspend                          0x080026cd   Thumb Code    18  usbd_core.o(i.USBD_LL_Suspend)
    USBD_LL_Transmit                         0x080026df   Thumb Code    18  usbd_conf.o(i.USBD_LL_Transmit)
    USBD_ParseSetupRequest                   0x080026f1   Thumb Code    40  usbd_ctlreq.o(i.USBD_ParseSetupRequest)
    USBD_RegisterClass                       0x08002719   Thumb Code    16  usbd_core.o(i.USBD_RegisterClass)
    USBD_SetClassConfig                      0x08002729   Thumb Code    22  usbd_core.o(i.USBD_SetClassConfig)
    USBD_Start                               0x080027c5   Thumb Code    10  usbd_core.o(i.USBD_Start)
    USBD_StdDevReq                           0x080027cf   Thumb Code   274  usbd_ctlreq.o(i.USBD_StdDevReq)
    USBD_StdEPReq                            0x080028e1   Thumb Code   336  usbd_ctlreq.o(i.USBD_StdEPReq)
    USBD_StdItfReq                           0x08002a31   Thumb Code    78  usbd_ctlreq.o(i.USBD_StdItfReq)
    USBD_static_free                         0x08002a7f   Thumb Code     2  usbd_conf.o(i.USBD_static_free)
    USBD_static_malloc                       0x08002a81   Thumb Code     4  usbd_conf.o(i.USBD_static_malloc)
    USB_ActivateEndpoint                     0x08002a89   Thumb Code   600  stm32f3xx_ll_usb.o(i.USB_ActivateEndpoint)
    USB_DeactivateEndpoint                   0x08002ce1   Thumb Code   270  stm32f3xx_ll_usb.o(i.USB_DeactivateEndpoint)
    USB_DevConnect                           0x08002def   Thumb Code     4  stm32f3xx_ll_usb.o(i.USB_DevConnect)
    USB_DevInit                              0x08002df3   Thumb Code    18  stm32f3xx_ll_usb.o(i.USB_DevInit)
    USB_DisableGlobalInt                     0x08002e05   Thumb Code    14  stm32f3xx_ll_usb.o(i.USB_DisableGlobalInt)
    USB_EPClearStall                         0x08002e13   Thumb Code   120  stm32f3xx_ll_usb.o(i.USB_EPClearStall)
    USB_EPSetStall                           0x08002e8b   Thumb Code    50  stm32f3xx_ll_usb.o(i.USB_EPSetStall)
    USB_EPStartXfer                          0x08002ebd   Thumb Code  1230  stm32f3xx_ll_usb.o(i.USB_EPStartXfer)
    USB_EnableGlobalInt                      0x0800338b   Thumb Code    18  stm32f3xx_ll_usb.o(i.USB_EnableGlobalInt)
    USB_LP_CAN_RX0_IRQHandler                0x0800339d   Thumb Code     6  stm32f3xx_it.o(i.USB_LP_CAN_RX0_IRQHandler)
    USB_ReadInterrupts                       0x080033a9   Thumb Code     6  stm32f3xx_ll_usb.o(i.USB_ReadInterrupts)
    USB_ReadPMA                              0x080033b1   Thumb Code    44  stm32f3xx_ll_usb.o(i.USB_ReadPMA)
    USB_SetDevAddress                        0x080033dd   Thumb Code    12  stm32f3xx_ll_usb.o(i.USB_SetDevAddress)
    USB_WritePMA                             0x080033e9   Thumb Code    38  stm32f3xx_ll_usb.o(i.USB_WritePMA)
    UsageFault_Handler                       0x0800340f   Thumb Code     2  stm32f3xx_it.o(i.UsageFault_Handler)
    __0sprintf$2                             0x08003411   Thumb Code    34  printf2.o(i.__0sprintf$2)
    __1sprintf$2                             0x08003411   Thumb Code     0  printf2.o(i.__0sprintf$2)
    __2sprintf                               0x08003411   Thumb Code     0  printf2.o(i.__0sprintf$2)
    __scatterload_copy                       0x08003459   Thumb Code    14  handlers.o(i.__scatterload_copy)
    __scatterload_null                       0x08003467   Thumb Code     2  handlers.o(i.__scatterload_null)
    __scatterload_zeroinit                   0x08003469   Thumb Code    14  handlers.o(i.__scatterload_zeroinit)
    main                                     0x08003559   Thumb Code   138  main.o(i.main)
    aPLLMULFactorTable                       0x080035f0   Data          16  stm32f3xx_hal_rcc.o(.constdata)
    aPredivFactorTable                       0x08003600   Data          16  stm32f3xx_hal_rcc.o(.constdata)
    AHBPrescTable                            0x08003610   Data          16  system_stm32f3xx.o(.constdata)
    Region$$Table$$Base                      0x08003620   Number         0  anon$$obj.o(Region$$Table)
    Region$$Table$$Limit                     0x08003640   Number         0  anon$$obj.o(Region$$Table)
    FS_Desc                                  0x20000000   Data          28  usbd_desc.o(.data)
    USBD_LangIDDesc                          0x2000001c   Data           4  usbd_desc.o(.data)
    USBD_FS_DeviceDesc                       0x20000020   Data          18  usbd_desc.o(.data)
    USBD_StringSerial                        0x20000034   Data          26  usbd_desc.o(.data)
    USBD_Interface_fops_FS                   0x20000050   Data          16  usbd_cdc_if.o(.data)
    uwTickFreq                               0x20000060   Data           1  stm32f3xx_hal.o(.data)
    uwTickPrio                               0x20000064   Data           4  stm32f3xx_hal.o(.data)
    uwTick                                   0x20000068   Data           4  stm32f3xx_hal.o(.data)
    SystemCoreClock                          0x2000006c   Data           4  system_stm32f3xx.o(.data)
    USBD_CDC_CfgHSDesc                       0x20000080   Data          67  usbd_cdc.o(.data)
    USBD_CDC_CfgFSDesc                       0x200000c4   Data          67  usbd_cdc.o(.data)
    USBD_CDC_OtherSpeedCfgDesc               0x20000108   Data          67  usbd_cdc.o(.data)
    USBD_CDC                                 0x2000014c   Data          56  usbd_cdc.o(.data)
    str_rx                                   0x20000184   Data          21  main.o(.bss)
    hUsbDeviceFS                             0x2000019c   Data         708  usb_device.o(.bss)
    USBD_StrDesc                             0x20000460   Data         256  usbd_desc.o(.bss)
    UserRxBufferFS                           0x20000560   Data        1000  usbd_cdc_if.o(.bss)
    UserTxBufferFS                           0x20000948   Data        1000  usbd_cdc_if.o(.bss)
    hpcd_USB_FS                              0x20000e50   Data         748  usbd_conf.o(.bss)
    __initial_sp                             0x20001540   Data           0  startup_stm32f303xc.o(STACK)



==============================================================================

Memory Map of the image

  Image Entry point : 0x08000189

  Load Region LR_IROM1 (Base: 0x08000000, Size: 0x000037c4, Max: 0x00040000, ABSOLUTE, COMPRESSED[0x00003700])

    Execution Region ER_IROM1 (Exec base: 0x08000000, Load base: 0x08000000, Size: 0x00003640, Max: 0x00040000, ABSOLUTE)

    Exec Addr    Load Addr    Size         Type   Attr      Idx    E Section Name        Object

    0x08000000   0x08000000   0x00000188   Data   RO            3    RESET               startup_stm32f303xc.o
    0x08000188   0x08000188   0x00000000   Code   RO         3062  * .ARM.Collect$$$$00000000  mc_w.l(entry.o)
    0x08000188   0x08000188   0x00000004   Code   RO         3342    .ARM.Collect$$$$00000001  mc_w.l(entry2.o)
    0x0800018c   0x0800018c   0x00000004   Code   RO         3345    .ARM.Collect$$$$00000004  mc_w.l(entry5.o)
    0x08000190   0x08000190   0x00000000   Code   RO         3347    .ARM.Collect$$$$00000008  mc_w.l(entry7b.o)
    0x08000190   0x08000190   0x00000000   Code   RO         3349    .ARM.Collect$$$$0000000A  mc_w.l(entry8b.o)
    0x08000190   0x08000190   0x00000008   Code   RO         3350    .ARM.Collect$$$$0000000B  mc_w.l(entry9a.o)
    0x08000198   0x08000198   0x00000004   Code   RO         3357    .ARM.Collect$$$$0000000E  mc_w.l(entry12b.o)
    0x0800019c   0x0800019c   0x00000000   Code   RO         3352    .ARM.Collect$$$$0000000F  mc_w.l(entry10a.o)
    0x0800019c   0x0800019c   0x00000000   Code   RO         3354    .ARM.Collect$$$$00000011  mc_w.l(entry11a.o)
    0x0800019c   0x0800019c   0x00000004   Code   RO         3343    .ARM.Collect$$$$00002712  mc_w.l(entry2.o)
    0x080001a0   0x080001a0   0x00000024   Code   RO            4    .text               startup_stm32f303xc.o
    0x080001c4   0x080001c4   0x00000062   Code   RO         3065    .text               mc_w.l(uldiv.o)
    0x08000226   0x08000226   0x00000020   Code   RO         3067    .text               mc_w.l(llushr.o)
    0x08000246   0x08000246   0x00000024   Code   RO         3069    .text               mc_w.l(memcpya.o)
    0x0800026a   0x0800026a   0x00000024   Code   RO         3071    .text               mc_w.l(memseta.o)
    0x0800028e   0x0800028e   0x00000018   Code   RO         3073    .text               mc_w.l(strcat.o)
    0x080002a6   0x080002a6   0x00000018   Code   RO         3075    .text               mc_w.l(strncpy.o)
    0x080002be   0x080002be   0x0000000e   Code   RO         3077    .text               mc_w.l(strlen.o)
    0x080002cc   0x080002cc   0x0000001e   Code   RO         3363    .text               mc_w.l(llshl.o)
    0x080002ea   0x080002ea   0x00000002   PAD
    0x080002ec   0x080002ec   0x00000024   Code   RO         3376    .text               mc_w.l(init.o)
    0x08000310   0x08000310   0x00000056   Code   RO         3392    .text               mc_w.l(__dczerorl2.o)
    0x08000366   0x08000366   0x00000002   Code   RO          194    i.BusFault_Handler  stm32f3xx_it.o
    0x08000368   0x08000368   0x00000004   Code   RO          417    i.CDC_Control_FS    usbd_cdc_if.o
    0x0800036c   0x0800036c   0x00000004   Code   RO          418    i.CDC_DeInit_FS     usbd_cdc_if.o
    0x08000370   0x08000370   0x00000024   Code   RO          419    i.CDC_Init_FS       usbd_cdc_if.o
    0x08000394   0x08000394   0x00000028   Code   RO          420    i.CDC_Receive_FS    usbd_cdc_if.o
    0x080003bc   0x080003bc   0x0000002c   Code   RO          421    i.CDC_Transmit_FS   usbd_cdc_if.o
    0x080003e8   0x080003e8   0x00000002   Code   RO          195    i.DebugMon_Handler  stm32f3xx_it.o
    0x080003ea   0x080003ea   0x00000004   Code   RO           13    i.Error_Handler     main.o
    0x080003ee   0x080003ee   0x00000002   PAD
    0x080003f0   0x080003f0   0x00000024   Code   RO         1093    i.HAL_Delay         stm32f3xx_hal.o
    0x08000414   0x08000414   0x000001b8   Code   RO         1410    i.HAL_GPIO_Init     stm32f3xx_hal_gpio.o
    0x080005cc   0x080005cc   0x0000000a   Code   RO         1414    i.HAL_GPIO_WritePin  stm32f3xx_hal_gpio.o
    0x080005d6   0x080005d6   0x00000002   PAD
    0x080005d8   0x080005d8   0x0000000c   Code   RO         1097    i.HAL_GetTick       stm32f3xx_hal.o
    0x080005e4   0x080005e4   0x00000010   Code   RO         1103    i.HAL_IncTick       stm32f3xx_hal.o
    0x080005f4   0x080005f4   0x00000024   Code   RO         1104    i.HAL_Init          stm32f3xx_hal.o
    0x08000618   0x08000618   0x00000040   Code   RO         1105    i.HAL_InitTick      stm32f3xx_hal.o
    0x08000658   0x08000658   0x0000002c   Code   RO          276    i.HAL_MspInit       stm32f3xx_hal_msp.o
    0x08000684   0x08000684   0x0000001a   Code   RO         1578    i.HAL_NVIC_EnableIRQ  stm32f3xx_hal_cortex.o
    0x0800069e   0x0800069e   0x00000002   PAD
    0x080006a0   0x080006a0   0x00000040   Code   RO         1584    i.HAL_NVIC_SetPriority  stm32f3xx_hal_cortex.o
    0x080006e0   0x080006e0   0x00000024   Code   RO         1585    i.HAL_NVIC_SetPriorityGrouping  stm32f3xx_hal_cortex.o
    0x08000704   0x08000704   0x0000003c   Code   RO         1046    i.HAL_PCDEx_PMAConfig  stm32f3xx_hal_pcd_ex.o
    0x08000740   0x08000740   0x00000002   Code   RO          469    i.HAL_PCDEx_SetConnectionState  usbd_conf.o
    0x08000742   0x08000742   0x00000012   Code   RO          471    i.HAL_PCD_DataInStageCallback  usbd_conf.o
    0x08000754   0x08000754   0x00000014   Code   RO          472    i.HAL_PCD_DataOutStageCallback  usbd_conf.o
    0x08000768   0x08000768   0x0000004c   Code   RO          822    i.HAL_PCD_EP_Close  stm32f3xx_hal_pcd.o
    0x080007b4   0x080007b4   0x0000005c   Code   RO          823    i.HAL_PCD_EP_ClrStall  stm32f3xx_hal_pcd.o
    0x08000810   0x08000810   0x000000e6   Code   RO          824    i.HAL_PCD_EP_DB_Receive  stm32f3xx_hal_pcd.o
    0x080008f6   0x080008f6   0x00000220   Code   RO          825    i.HAL_PCD_EP_DB_Transmit  stm32f3xx_hal_pcd.o
    0x08000b16   0x08000b16   0x00000012   Code   RO          827    i.HAL_PCD_EP_GetRxCount  stm32f3xx_hal_pcd.o
    0x08000b28   0x08000b28   0x00000060   Code   RO          828    i.HAL_PCD_EP_Open   stm32f3xx_hal_pcd.o
    0x08000b88   0x08000b88   0x00000032   Code   RO          829    i.HAL_PCD_EP_Receive  stm32f3xx_hal_pcd.o
    0x08000bba   0x08000bba   0x00000060   Code   RO          830    i.HAL_PCD_EP_SetStall  stm32f3xx_hal_pcd.o
    0x08000c1a   0x08000c1a   0x00000034   Code   RO          831    i.HAL_PCD_EP_Transmit  stm32f3xx_hal_pcd.o
    0x08000c4e   0x08000c4e   0x00000100   Code   RO          833    i.HAL_PCD_IRQHandler  stm32f3xx_hal_pcd.o
    0x08000d4e   0x08000d4e   0x000000a6   Code   RO          836    i.HAL_PCD_Init      stm32f3xx_hal_pcd.o
    0x08000df4   0x08000df4   0x00000074   Code   RO          477    i.HAL_PCD_MspInit   usbd_conf.o
    0x08000e68   0x08000e68   0x00000026   Code   RO          478    i.HAL_PCD_ResetCallback  usbd_conf.o
    0x08000e8e   0x08000e8e   0x00000008   Code   RO          479    i.HAL_PCD_ResumeCallback  usbd_conf.o
    0x08000e96   0x08000e96   0x00000008   Code   RO          480    i.HAL_PCD_SOFCallback  usbd_conf.o
    0x08000e9e   0x08000e9e   0x00000028   Code   RO          842    i.HAL_PCD_SetAddress  stm32f3xx_hal_pcd.o
    0x08000ec6   0x08000ec6   0x0000000e   Code   RO          481    i.HAL_PCD_SetupStageCallback  usbd_conf.o
    0x08000ed4   0x08000ed4   0x00000032   Code   RO          844    i.HAL_PCD_Start     stm32f3xx_hal_pcd.o
    0x08000f06   0x08000f06   0x00000002   PAD
    0x08000f08   0x08000f08   0x00000024   Code   RO          482    i.HAL_PCD_SuspendCallback  usbd_conf.o
    0x08000f2c   0x08000f2c   0x00000218   Code   RO         1367    i.HAL_RCCEx_PeriphCLKConfig  stm32f3xx_hal_rcc_ex.o
    0x08001144   0x08001144   0x00000148   Code   RO         1261    i.HAL_RCC_ClockConfig  stm32f3xx_hal_rcc.o
    0x0800128c   0x0800128c   0x0000006c   Code   RO         1270    i.HAL_RCC_GetSysClockFreq  stm32f3xx_hal_rcc.o
    0x080012f8   0x080012f8   0x000005c8   Code   RO         1273    i.HAL_RCC_OscConfig  stm32f3xx_hal_rcc.o
    0x080018c0   0x080018c0   0x00000028   Code   RO         1589    i.HAL_SYSTICK_Config  stm32f3xx_hal_cortex.o
    0x080018e8   0x080018e8   0x00000002   Code   RO          196    i.HardFault_Handler  stm32f3xx_it.o
    0x080018ea   0x080018ea   0x00000002   PAD
    0x080018ec   0x080018ec   0x00000038   Code   RO          331    i.IntToUnicode      usbd_desc.o
    0x08001924   0x08001924   0x00000094   Code   RO           14    i.MX_GPIO_Init      main.o
    0x080019b8   0x080019b8   0x00000054   Code   RO          300    i.MX_USB_DEVICE_Init  usb_device.o
    0x08001a0c   0x08001a0c   0x00000002   Code   RO          197    i.MemManage_Handler  stm32f3xx_it.o
    0x08001a0e   0x08001a0e   0x00000002   Code   RO          198    i.NMI_Handler       stm32f3xx_it.o
    0x08001a10   0x08001a10   0x000002fc   Code   RO          848    i.PCD_EP_ISR_Handler  stm32f3xx_hal_pcd.o
    0x08001d0c   0x08001d0c   0x00000002   Code   RO          199    i.PendSV_Handler    stm32f3xx_it.o
    0x08001d0e   0x08001d0e   0x00000002   Code   RO          200    i.SVC_Handler       stm32f3xx_it.o
    0x08001d10   0x08001d10   0x00000004   Code   RO          201    i.SysTick_Handler   stm32f3xx_it.o
    0x08001d14   0x08001d14   0x0000007a   Code   RO           15    i.SystemClock_Config  main.o
    0x08001d8e   0x08001d8e   0x00000002   PAD
    0x08001d90   0x08001d90   0x00000010   Code   RO         2659    i.SystemInit        system_stm32f3xx.o
    0x08001da0   0x08001da0   0x00000046   Code   RO         2959    i.USBD_CDC_DataIn   usbd_cdc.o
    0x08001de6   0x08001de6   0x0000002e   Code   RO         2960    i.USBD_CDC_DataOut  usbd_cdc.o
    0x08001e14   0x08001e14   0x00000044   Code   RO         2961    i.USBD_CDC_DeInit   usbd_cdc.o
    0x08001e58   0x08001e58   0x00000024   Code   RO         2962    i.USBD_CDC_EP0_RxReady  usbd_cdc.o
    0x08001e7c   0x08001e7c   0x0000000c   Code   RO         2963    i.USBD_CDC_GetDeviceQualifierDescriptor  usbd_cdc.o
    0x08001e88   0x08001e88   0x0000000c   Code   RO         2964    i.USBD_CDC_GetFSCfgDesc  usbd_cdc.o
    0x08001e94   0x08001e94   0x0000000c   Code   RO         2965    i.USBD_CDC_GetHSCfgDesc  usbd_cdc.o
    0x08001ea0   0x08001ea0   0x0000000c   Code   RO         2966    i.USBD_CDC_GetOtherSpeedCfgDesc  usbd_cdc.o
    0x08001eac   0x08001eac   0x00000094   Code   RO         2967    i.USBD_CDC_Init     usbd_cdc.o
    0x08001f40   0x08001f40   0x00000028   Code   RO         2968    i.USBD_CDC_ReceivePacket  usbd_cdc.o
    0x08001f68   0x08001f68   0x00000010   Code   RO         2969    i.USBD_CDC_RegisterInterface  usbd_cdc.o
    0x08001f78   0x08001f78   0x0000000c   Code   RO         2970    i.USBD_CDC_SetRxBuffer  usbd_cdc.o
    0x08001f84   0x08001f84   0x00000010   Code   RO         2971    i.USBD_CDC_SetTxBuffer  usbd_cdc.o
    0x08001f94   0x08001f94   0x000000ac   Code   RO         2972    i.USBD_CDC_Setup    usbd_cdc.o
    0x08002040   0x08002040   0x00000036   Code   RO         2973    i.USBD_CDC_TransmitPacket  usbd_cdc.o
    0x08002076   0x08002076   0x0000000e   Code   RO         2696    i.USBD_ClrClassConfig  usbd_core.o
    0x08002084   0x08002084   0x00000010   Code   RO         2899    i.USBD_CtlContinueRx  usbd_ioreq.o
    0x08002094   0x08002094   0x00000010   Code   RO         2900    i.USBD_CtlContinueSendData  usbd_ioreq.o
    0x080020a4   0x080020a4   0x00000016   Code   RO         2834    i.USBD_CtlError     usbd_ctlreq.o
    0x080020ba   0x080020ba   0x0000001e   Code   RO         2901    i.USBD_CtlPrepareRx  usbd_ioreq.o
    0x080020d8   0x080020d8   0x00000016   Code   RO         2902    i.USBD_CtlReceiveStatus  usbd_ioreq.o
    0x080020ee   0x080020ee   0x0000001a   Code   RO         2903    i.USBD_CtlSendData  usbd_ioreq.o
    0x08002108   0x08002108   0x00000016   Code   RO         2904    i.USBD_CtlSendStatus  usbd_ioreq.o
    0x0800211e   0x0800211e   0x00000002   PAD
    0x08002120   0x08002120   0x00000020   Code   RO          332    i.USBD_FS_ConfigStrDescriptor  usbd_desc.o
    0x08002140   0x08002140   0x0000000c   Code   RO          333    i.USBD_FS_DeviceDescriptor  usbd_desc.o
    0x0800214c   0x0800214c   0x00000024   Code   RO          334    i.USBD_FS_InterfaceStrDescriptor  usbd_desc.o
    0x08002170   0x08002170   0x0000000c   Code   RO          335    i.USBD_FS_LangIDStrDescriptor  usbd_desc.o
    0x0800217c   0x0800217c   0x00000028   Code   RO          336    i.USBD_FS_ManufacturerStrDescriptor  usbd_desc.o
    0x080021a4   0x080021a4   0x0000002c   Code   RO          337    i.USBD_FS_ProductStrDescriptor  usbd_desc.o
    0x080021d0   0x080021d0   0x00000038   Code   RO          338    i.USBD_FS_SerialStrDescriptor  usbd_desc.o
    0x08002208   0x08002208   0x000000e8   Code   RO         2835    i.USBD_GetDescriptor  usbd_ctlreq.o
    0x080022f0   0x080022f0   0x00000048   Code   RO         2836    i.USBD_GetString    usbd_ctlreq.o
    0x08002338   0x08002338   0x00000018   Code   RO          483    i.USBD_Get_USB_Status  usbd_conf.o
    0x08002350   0x08002350   0x0000002a   Code   RO         2698    i.USBD_Init         usbd_core.o
    0x0800237a   0x0800237a   0x00000012   Code   RO          484    i.USBD_LL_ClearStallEP  usbd_conf.o
    0x0800238c   0x0800238c   0x00000012   Code   RO          485    i.USBD_LL_CloseEP   usbd_conf.o
    0x0800239e   0x0800239e   0x000000c6   Code   RO         2699    i.USBD_LL_DataInStage  usbd_core.o
    0x08002464   0x08002464   0x00000082   Code   RO         2700    i.USBD_LL_DataOutStage  usbd_core.o
    0x080024e6   0x080024e6   0x00000008   Code   RO          489    i.USBD_LL_GetRxDataSize  usbd_conf.o
    0x080024ee   0x080024ee   0x00000002   PAD
    0x080024f0   0x080024f0   0x00000080   Code   RO          490    i.USBD_LL_Init      usbd_conf.o
    0x08002570   0x08002570   0x00000020   Code   RO          491    i.USBD_LL_IsStallEP  usbd_conf.o
    0x08002590   0x08002590   0x00000018   Code   RO          492    i.USBD_LL_OpenEP    usbd_conf.o
    0x080025a8   0x080025a8   0x00000012   Code   RO          493    i.USBD_LL_PrepareReceive  usbd_conf.o
    0x080025ba   0x080025ba   0x00000050   Code   RO         2705    i.USBD_LL_Reset     usbd_core.o
    0x0800260a   0x0800260a   0x00000014   Code   RO         2706    i.USBD_LL_Resume    usbd_core.o
    0x0800261e   0x0800261e   0x00000018   Code   RO         2707    i.USBD_LL_SOF       usbd_core.o
    0x08002636   0x08002636   0x00000006   Code   RO         2708    i.USBD_LL_SetSpeed  usbd_core.o
    0x0800263c   0x0800263c   0x00000012   Code   RO          494    i.USBD_LL_SetUSBAddress  usbd_conf.o
    0x0800264e   0x0800264e   0x0000005a   Code   RO         2709    i.USBD_LL_SetupStage  usbd_core.o
    0x080026a8   0x080026a8   0x00000012   Code   RO          495    i.USBD_LL_StallEP   usbd_conf.o
    0x080026ba   0x080026ba   0x00000012   Code   RO          496    i.USBD_LL_Start     usbd_conf.o
    0x080026cc   0x080026cc   0x00000012   Code   RO         2710    i.USBD_LL_Suspend   usbd_core.o
    0x080026de   0x080026de   0x00000012   Code   RO          498    i.USBD_LL_Transmit  usbd_conf.o
    0x080026f0   0x080026f0   0x00000028   Code   RO         2837    i.USBD_ParseSetupRequest  usbd_ctlreq.o
    0x08002718   0x08002718   0x00000010   Code   RO         2711    i.USBD_RegisterClass  usbd_core.o
    0x08002728   0x08002728   0x00000016   Code   RO         2713    i.USBD_SetClassConfig  usbd_core.o
    0x0800273e   0x0800273e   0x00000002   PAD
    0x08002740   0x08002740   0x00000084   Code   RO         2838    i.USBD_SetConfig    usbd_ctlreq.o
    0x080027c4   0x080027c4   0x0000000a   Code   RO         2714    i.USBD_Start        usbd_core.o
    0x080027ce   0x080027ce   0x00000112   Code   RO         2839    i.USBD_StdDevReq    usbd_ctlreq.o
    0x080028e0   0x080028e0   0x00000150   Code   RO         2840    i.USBD_StdEPReq     usbd_ctlreq.o
    0x08002a30   0x08002a30   0x0000004e   Code   RO         2841    i.USBD_StdItfReq    usbd_ctlreq.o
    0x08002a7e   0x08002a7e   0x00000002   Code   RO          499    i.USBD_static_free  usbd_conf.o
    0x08002a80   0x08002a80   0x00000008   Code   RO          500    i.USBD_static_malloc  usbd_conf.o
    0x08002a88   0x08002a88   0x00000258   Code   RO          681    i.USB_ActivateEndpoint  stm32f3xx_ll_usb.o
    0x08002ce0   0x08002ce0   0x0000010e   Code   RO          685    i.USB_DeactivateEndpoint  stm32f3xx_ll_usb.o
    0x08002dee   0x08002dee   0x00000004   Code   RO          686    i.USB_DevConnect    stm32f3xx_ll_usb.o
    0x08002df2   0x08002df2   0x00000012   Code   RO          688    i.USB_DevInit       stm32f3xx_ll_usb.o
    0x08002e04   0x08002e04   0x0000000e   Code   RO          689    i.USB_DisableGlobalInt  stm32f3xx_ll_usb.o
    0x08002e12   0x08002e12   0x00000078   Code   RO          690    i.USB_EPClearStall  stm32f3xx_ll_usb.o
    0x08002e8a   0x08002e8a   0x00000032   Code   RO          691    i.USB_EPSetStall    stm32f3xx_ll_usb.o
    0x08002ebc   0x08002ebc   0x000004ce   Code   RO          692    i.USB_EPStartXfer   stm32f3xx_ll_usb.o
    0x0800338a   0x0800338a   0x00000012   Code   RO          693    i.USB_EnableGlobalInt  stm32f3xx_ll_usb.o
    0x0800339c   0x0800339c   0x0000000c   Code   RO          202    i.USB_LP_CAN_RX0_IRQHandler  stm32f3xx_it.o
    0x080033a8   0x080033a8   0x00000006   Code   RO          694    i.USB_ReadInterrupts  stm32f3xx_ll_usb.o
    0x080033ae   0x080033ae   0x00000002   PAD
    0x080033b0   0x080033b0   0x0000002c   Code   RO          695    i.USB_ReadPMA       stm32f3xx_ll_usb.o
    0x080033dc   0x080033dc   0x0000000c   Code   RO          697    i.USB_SetDevAddress  stm32f3xx_ll_usb.o
    0x080033e8   0x080033e8   0x00000026   Code   RO          699    i.USB_WritePMA      stm32f3xx_ll_usb.o
    0x0800340e   0x0800340e   0x00000002   Code   RO          203    i.UsageFault_Handler  stm32f3xx_it.o
    0x08003410   0x08003410   0x00000028   Code   RO         3150    i.__0sprintf$2      mc_w.l(printf2.o)
    0x08003438   0x08003438   0x00000020   Code   RO         1591    i.__NVIC_SetPriority  stm32f3xx_hal_cortex.o
    0x08003458   0x08003458   0x0000000e   Code   RO         3386    i.__scatterload_copy  mc_w.l(handlers.o)
    0x08003466   0x08003466   0x00000002   Code   RO         3387    i.__scatterload_null  mc_w.l(handlers.o)
    0x08003468   0x08003468   0x0000000e   Code   RO         3388    i.__scatterload_zeroinit  mc_w.l(handlers.o)
    0x08003476   0x08003476   0x000000d6   Code   RO         3155    i._printf_core      mc_w.l(printf2.o)
    0x0800354c   0x0800354c   0x0000000a   Code   RO         3157    i._sputc            mc_w.l(printf2.o)
    0x08003556   0x08003556   0x00000002   PAD
    0x08003558   0x08003558   0x00000098   Code   RO           16    i.main              main.o
    0x080035f0   0x080035f0   0x00000020   Data   RO         1274    .constdata          stm32f3xx_hal_rcc.o
    0x08003610   0x08003610   0x00000010   Data   RO         2660    .constdata          system_stm32f3xx.o
    0x08003620   0x08003620   0x00000020   Data   RO         3384    Region$$Table       anon$$obj.o


    Execution Region RW_IRAM2 (Exec base: 0x10000000, Load base: 0x08003700, Size: 0x00000000, Max: 0x00002000, ABSOLUTE)

    **** No section assigned to this execution region ****


    Execution Region RW_IRAM1 (Exec base: 0x20000000, Load base: 0x08003640, Size: 0x00001540, Max: 0x0000a000, ABSOLUTE, COMPRESSED[0x000000c0])

    Exec Addr    Load Addr    Size         Type   Attr      Idx    E Section Name        Object

    0x20000000   COMPRESSED   0x0000001c   Data   RW          340    .data               usbd_desc.o
    0x2000001c   COMPRESSED   0x00000032   Data   RW          341    .data               usbd_desc.o
    0x2000004e   COMPRESSED   0x00000002   PAD
    0x20000050   COMPRESSED   0x00000010   Data   RW          423    .data               usbd_cdc_if.o
    0x20000060   COMPRESSED   0x0000000c   Data   RW         1111    .data               stm32f3xx_hal.o
    0x2000006c   COMPRESSED   0x00000004   Data   RW         2662    .data               system_stm32f3xx.o
    0x20000070   COMPRESSED   0x00000001   Data   RW         2842    .data               usbd_ctlreq.o
    0x20000071   COMPRESSED   0x00000003   PAD
    0x20000074   COMPRESSED   0x000000d7   Data   RW         2974    .data               usbd_cdc.o
    0x2000014b   COMPRESSED   0x00000001   PAD
    0x2000014c   COMPRESSED   0x00000038   Data   RW         2975    .data               usbd_cdc.o
    0x20000184        -       0x00000015   Zero   RW           17    .bss                main.o
    0x20000199   COMPRESSED   0x00000003   PAD
    0x2000019c        -       0x000002c4   Zero   RW          301    .bss                usb_device.o
    0x20000460        -       0x00000100   Zero   RW          339    .bss                usbd_desc.o
    0x20000560        -       0x000007d0   Zero   RW          422    .bss                usbd_cdc_if.o
    0x20000d30        -       0x0000040c   Zero   RW          501    .bss                usbd_conf.o
    0x2000113c   COMPRESSED   0x00000004   PAD
    0x20001140        -       0x00000400   Zero   RW            1    STACK               startup_stm32f303xc.o


==============================================================================

Image component sizes


      Code (inc. data)   RO Data    RW Data    ZI Data      Debug   Object Name

       426         22          0          0         21     545290   main.o
        36          8        392          0       1024        844   startup_stm32f303xc.o
       164         28          0         12          0      13501   stm32f3xx_hal.o
       198         14          0          0          0      34007   stm32f3xx_hal_cortex.o
       450         28          0          0          0       2464   stm32f3xx_hal_gpio.o
        44          6          0          0          0        870   stm32f3xx_hal_msp.o
      2530          0          0          0          0      13573   stm32f3xx_hal_pcd.o
        60          0          0          0          0       1214   stm32f3xx_hal_pcd_ex.o
      1916         48         32          0          0       4674   stm32f3xx_hal_rcc.o
       536         14          0          0          0       1604   stm32f3xx_hal_rcc_ex.o
        32          6          0          0          0       4754   stm32f3xx_it.o
      2424          0          0          0          0      14436   stm32f3xx_ll_usb.o
        16          4         16          4          0       1159   system_stm32f3xx.o
        84         18          0          0        708        828   usb_device.o
       726         16          0        271          0      13674   usbd_cdc.o
       128         26          0         16       2000       3547   usbd_cdc_if.o
       612         28          0          0       1036      15277   usbd_conf.o
       670          0          0          0          0      10019   usbd_core.o
      1186         28          0          1          0       8252   usbd_ctlreq.o
       288        104          0         78        256       6253   usbd_desc.o
       132          0          0          0          0       4576   usbd_ioreq.o

    ----------------------------------------------------------------------
     12678        398        472        388       5052     700816   Object Totals
         0          0         32          0          0          0   (incl. Generated)
        20          0          0          6          7          0   (incl. Padding)

    ----------------------------------------------------------------------

      Code (inc. data)   RO Data    RW Data    ZI Data      Debug   Library Member Name

        86          0          0          0          0          0   __dczerorl2.o
         0          0          0          0          0          0   entry.o
         0          0          0          0          0          0   entry10a.o
         0          0          0          0          0          0   entry11a.o
         4          0          0          0          0          0   entry12b.o
         8          4          0          0          0          0   entry2.o
         4          0          0          0          0          0   entry5.o
         0          0          0          0          0          0   entry7b.o
         0          0          0          0          0          0   entry8b.o
         8          4          0          0          0          0   entry9a.o
        30          0          0          0          0          0   handlers.o
        36          8          0          0          0         68   init.o
        30          0          0          0          0         68   llshl.o
        32          0          0          0          0         68   llushr.o
        36          0          0          0          0         68   memcpya.o
        36          0          0          0          0        108   memseta.o
       264          6          0          0          0        244   printf2.o
        24          0          0          0          0         68   strcat.o
        14          0          0          0          0         68   strlen.o
        24          0          0          0          0         76   strncpy.o
        98          0          0          0          0         92   uldiv.o

    ----------------------------------------------------------------------
       738         22          0          0          0        928   Library Totals
         4          0          0          0          0          0   (incl. Padding)

    ----------------------------------------------------------------------

      Code (inc. data)   RO Data    RW Data    ZI Data      Debug   Library Name

       734         22          0          0          0        928   mc_w.l

    ----------------------------------------------------------------------
       738         22          0          0          0        928   Library Totals

    ----------------------------------------------------------------------

==============================================================================


      Code (inc. data)   RO Data    RW Data    ZI Data      Debug   

     13416        420        472        388       5052     688512   Grand Totals
     13416        420        472        192       5052     688512   ELF Image Totals (compressed)
     13416        420        472        192          0          0   ROM Totals

==============================================================================

    Total RO  Size (Code + RO Data)                13888 (  13.56kB)
    Total RW  Size (RW Data + ZI Data)              5440 (   5.31kB)
    Total ROM Size (Code + RO Data + RW Data)      14080 (  13.75kB)

==============================================================================

