Component: ARM Compiler 5.06 update 7 (build 960) Tool: armlink [4d3601]

==============================================================================

Section Cross References

    startup_stm32f303xc.o(RESET) refers to startup_stm32f303xc.o(STACK) for __initial_sp
    startup_stm32f303xc.o(RESET) refers to startup_stm32f303xc.o(.text) for Reset_Handler
    startup_stm32f303xc.o(RESET) refers to stm32f3xx_it.o(i.NMI_Handler) for NMI_Handler
    startup_stm32f303xc.o(RESET) refers to stm32f3xx_it.o(i.HardFault_Handler) for HardFault_Handler
    startup_stm32f303xc.o(RESET) refers to stm32f3xx_it.o(i.MemManage_Handler) for MemManage_Handler
    startup_stm32f303xc.o(RESET) refers to stm32f3xx_it.o(i.BusFault_Handler) for BusFault_Handler
    startup_stm32f303xc.o(RESET) refers to stm32f3xx_it.o(i.UsageFault_Handler) for UsageFault_Handler
    startup_stm32f303xc.o(RESET) refers to stm32f3xx_it.o(i.SVC_Handler) for SVC_Handler
    startup_stm32f303xc.o(RESET) refers to stm32f3xx_it.o(i.DebugMon_Handler) for DebugMon_Handler
    startup_stm32f303xc.o(RESET) refers to stm32f3xx_it.o(i.PendSV_Handler) for PendSV_Handler
    startup_stm32f303xc.o(RESET) refers to stm32f3xx_it.o(i.SysTick_Handler) for SysTick_Handler
    startup_stm32f303xc.o(RESET) refers to stm32f3xx_it.o(i.DMA1_Channel1_IRQHandler) for DMA1_Channel1_IRQHandler
    startup_stm32f303xc.o(RESET) refers to stm32f3xx_it.o(i.USB_LP_CAN_RX0_IRQHandler) for USB_LP_CAN_RX0_IRQHandler
    startup_stm32f303xc.o(RESET) refers to stm32f3xx_it.o(i.DMA2_Channel1_IRQHandler) for DMA2_Channel1_IRQHandler
    startup_stm32f303xc.o(RESET) refers to stm32f3xx_it.o(i.DMA2_Channel5_IRQHandler) for DMA2_Channel5_IRQHandler
    startup_stm32f303xc.o(.text) refers to system_stm32f3xx.o(i.SystemInit) for SystemInit
    startup_stm32f303xc.o(.text) refers to entry.o(.ARM.Collect$$$$00000000) for __main
    main.o(i.GPIO_PINS_RESET) refers to stm32f3xx_hal_gpio.o(i.HAL_GPIO_WritePin) for HAL_GPIO_WritePin
    main.o(i.HAL_ADC_ConvCpltCallback) refers to stm32f3xx_hal_adc_ex.o(i.HAL_ADC_Stop) for HAL_ADC_Stop
    main.o(i.HAL_ADC_ConvCpltCallback) refers to main.o(.data) for .data
    main.o(i.HAL_ADC_ConvCpltCallback) refers to main.o(.bss) for .bss
    main.o(i.MX_ADC1_Init) refers to memseta.o(.text) for __aeabi_memclr4
    main.o(i.MX_ADC1_Init) refers to stm32f3xx_hal_adc_ex.o(i.HAL_ADC_Init) for HAL_ADC_Init
    main.o(i.MX_ADC1_Init) refers to stm32f3xx_hal_adc_ex.o(i.HAL_ADCEx_MultiModeConfigChannel) for HAL_ADCEx_MultiModeConfigChannel
    main.o(i.MX_ADC1_Init) refers to stm32f3xx_hal_adc_ex.o(i.HAL_ADC_ConfigChannel) for HAL_ADC_ConfigChannel
    main.o(i.MX_ADC1_Init) refers to main.o(.bss) for .bss
    main.o(i.MX_ADC2_Init) refers to memseta.o(.text) for __aeabi_memclr4
    main.o(i.MX_ADC2_Init) refers to stm32f3xx_hal_adc_ex.o(i.HAL_ADC_Init) for HAL_ADC_Init
    main.o(i.MX_ADC2_Init) refers to stm32f3xx_hal_adc_ex.o(i.HAL_ADC_ConfigChannel) for HAL_ADC_ConfigChannel
    main.o(i.MX_ADC2_Init) refers to main.o(.bss) for .bss
    main.o(i.MX_ADC3_Init) refers to memseta.o(.text) for __aeabi_memclr4
    main.o(i.MX_ADC3_Init) refers to stm32f3xx_hal_adc_ex.o(i.HAL_ADC_Init) for HAL_ADC_Init
    main.o(i.MX_ADC3_Init) refers to stm32f3xx_hal_adc_ex.o(i.HAL_ADCEx_MultiModeConfigChannel) for HAL_ADCEx_MultiModeConfigChannel
    main.o(i.MX_ADC3_Init) refers to stm32f3xx_hal_adc_ex.o(i.HAL_ADC_ConfigChannel) for HAL_ADC_ConfigChannel
    main.o(i.MX_ADC3_Init) refers to main.o(.bss) for .bss
    main.o(i.MX_DMA_Init) refers to stm32f3xx_hal_cortex.o(i.HAL_NVIC_SetPriority) for HAL_NVIC_SetPriority
    main.o(i.MX_DMA_Init) refers to stm32f3xx_hal_cortex.o(i.HAL_NVIC_EnableIRQ) for HAL_NVIC_EnableIRQ
    main.o(i.MX_GPIO_Init) refers to memseta.o(.text) for __aeabi_memclr4
    main.o(i.MX_GPIO_Init) refers to stm32f3xx_hal_gpio.o(i.HAL_GPIO_WritePin) for HAL_GPIO_WritePin
    main.o(i.MX_GPIO_Init) refers to stm32f3xx_hal_gpio.o(i.HAL_GPIO_Init) for HAL_GPIO_Init
    main.o(i.MX_TIM1_Init) refers to memseta.o(.text) for __aeabi_memclr4
    main.o(i.MX_TIM1_Init) refers to stm32f3xx_hal_tim.o(i.HAL_TIM_PWM_Init) for HAL_TIM_PWM_Init
    main.o(i.MX_TIM1_Init) refers to stm32f3xx_hal_tim_ex.o(i.HAL_TIMEx_MasterConfigSynchronization) for HAL_TIMEx_MasterConfigSynchronization
    main.o(i.MX_TIM1_Init) refers to stm32f3xx_hal_tim.o(i.HAL_TIM_PWM_ConfigChannel) for HAL_TIM_PWM_ConfigChannel
    main.o(i.MX_TIM1_Init) refers to stm32f3xx_hal_tim_ex.o(i.HAL_TIMEx_ConfigBreakDeadTime) for HAL_TIMEx_ConfigBreakDeadTime
    main.o(i.MX_TIM1_Init) refers to stm32f3xx_hal_msp.o(i.HAL_TIM_MspPostInit) for HAL_TIM_MspPostInit
    main.o(i.MX_TIM1_Init) refers to main.o(.bss) for .bss
    main.o(i.MX_TIM2_Init) refers to memseta.o(.text) for __aeabi_memclr4
    main.o(i.MX_TIM2_Init) refers to stm32f3xx_hal_tim.o(i.HAL_TIM_PWM_Init) for HAL_TIM_PWM_Init
[...]
    i.HAL_PCD_ResumeCallback                 0x0800229a   Section        0  usbd_conf.o(i.HAL_PCD_ResumeCallback)
    i.HAL_PCD_SOFCallback                    0x080022a2   Section        0  usbd_conf.o(i.HAL_PCD_SOFCallback)
    i.HAL_PCD_SetAddress                     0x080022aa   Section        0  stm32f3xx_hal_pcd.o(i.HAL_PCD_SetAddress)
    i.HAL_PCD_SetupStageCallback             0x080022d2   Section        0  usbd_conf.o(i.HAL_PCD_SetupStageCallback)
    i.HAL_PCD_Start                          0x080022e0   Section        0  stm32f3xx_hal_pcd.o(i.HAL_PCD_Start)
    i.HAL_PCD_SuspendCallback                0x08002314   Section        0  usbd_conf.o(i.HAL_PCD_SuspendCallback)
    i.HAL_RCCEx_PeriphCLKConfig              0x08002338   Section        0  stm32f3xx_hal_rcc_ex.o(i.HAL_RCCEx_PeriphCLKConfig)
    i.HAL_RCC_ClockConfig                    0x08002550   Section        0  stm32f3xx_hal_rcc.o(i.HAL_RCC_ClockConfig)
    i.HAL_RCC_GetSysClockFreq                0x08002698   Section        0  stm32f3xx_hal_rcc.o(i.HAL_RCC_GetSysClockFreq)
    i.HAL_RCC_OscConfig                      0x08002704   Section        0  stm32f3xx_hal_rcc.o(i.HAL_RCC_OscConfig)
    i.HAL_SYSTICK_Config                     0x08002ccc   Section        0  stm32f3xx_hal_cortex.o(i.HAL_SYSTICK_Config)
    i.HAL_TIMEx_ConfigBreakDeadTime          0x08002cf4   Section        0  stm32f3xx_hal_tim_ex.o(i.HAL_TIMEx_ConfigBreakDeadTime)
    i.HAL_TIMEx_MasterConfigSynchronization  0x08002d80   Section        0  stm32f3xx_hal_tim_ex.o(i.HAL_TIMEx_MasterConfigSynchronization)
    i.HAL_TIM_MspPostInit                    0x08002e10   Section        0  stm32f3xx_hal_msp.o(i.HAL_TIM_MspPostInit)
    i.HAL_TIM_PWM_ConfigChannel              0x08002f04   Section        0  stm32f3xx_hal_tim.o(i.HAL_TIM_PWM_ConfigChannel)
    i.HAL_TIM_PWM_Init                       0x08003022   Section        0  stm32f3xx_hal_tim.o(i.HAL_TIM_PWM_Init)
    i.HAL_TIM_PWM_MspInit                    0x08003084   Section        0  stm32f3xx_hal_msp.o(i.HAL_TIM_PWM_MspInit)
    i.HAL_TIM_PWM_Start_IT                   0x08003110   Section        0  stm32f3xx_hal_tim.o(i.HAL_TIM_PWM_Start_IT)
    i.HAL_TIM_PWM_Stop_IT                    0x08003234   Section        0  stm32f3xx_hal_tim.o(i.HAL_TIM_PWM_Stop_IT)
    i.HardFault_Handler                      0x08003314   Section        0  stm32f3xx_it.o(i.HardFault_Handler)
    i.IntToUnicode                           0x08003318   Section        0  usbd_desc.o(i.IntToUnicode)
    IntToUnicode                             0x08003319   Thumb Code    56  usbd_desc.o(i.IntToUnicode)
    i.MX_ADC1_Init                           0x08003350   Section        0  main.o(i.MX_ADC1_Init)
    MX_ADC1_Init                             0x08003351   Thumb Code   140  main.o(i.MX_ADC1_Init)
    i.MX_ADC2_Init                           0x080033e0   Section        0  main.o(i.MX_ADC2_Init)
    MX_ADC2_Init                             0x080033e1   Thumb Code   116  main.o(i.MX_ADC2_Init)
    i.MX_ADC3_Init                           0x0800345c   Section        0  main.o(i.MX_ADC3_Init)
    MX_ADC3_Init                             0x0800345d   Thumb Code   140  main.o(i.MX_ADC3_Init)
    i.MX_DMA_Init                            0x080034f0   Section        0  main.o(i.MX_DMA_Init)
    MX_DMA_Init                              0x080034f1   Thumb Code    88  main.o(i.MX_DMA_Init)
    i.MX_GPIO_Init                           0x0800354c   Section        0  main.o(i.MX_GPIO_Init)
    MX_GPIO_Init                             0x0800354d   Thumb Code   140  main.o(i.MX_GPIO_Init)
    i.MX_TIM1_Init                           0x080035e0   Section        0  main.o(i.MX_TIM1_Init)
    MX_TIM1_Init                             0x080035e1   Thumb Code   164  main.o(i.MX_TIM1_Init)
    i.MX_TIM2_Init                           0x0800368c   Section        0  main.o(i.MX_TIM2_Init)
    MX_TIM2_Init                             0x0800368d   Thumb Code   106  main.o(i.MX_TIM2_Init)
    i.MX_TIM3_Init                           0x080036fc   Section        0  main.o(i.MX_TIM3_Init)
    MX_TIM3_Init                             0x080036fd   Thumb Code   120  main.o(i.MX_TIM3_Init)
    i.MX_TIM4_Init                           0x0800377c   Section        0  main.o(i.MX_TIM4_Init)
    MX_TIM4_Init                             0x0800377d   Thumb Code   104  main.o(i.MX_TIM4_Init)
    i.MX_TIM8_Init                           0x080037ec   Section        0  main.o(i.MX_TIM8_Init)
    MX_TIM8_Init                             0x080037ed   Thumb Code   164  main.o(i.MX_TIM8_Init)
    i.MX_USB_DEVICE_Init                     0x08003898   Section        0  usb_device.o(i.MX_USB_DEVICE_Init)
    i.MemManage_Handler                      0x080038ec   Section        0  stm32f3xx_it.o(i.MemManage_Handler)
    i.NMI_Handler                            0x080038ee   Section        0  stm32f3xx_it.o(i.NMI_Handler)
    i.PCD_EP_ISR_Handler                     0x080038f0   Section        0  stm32f3xx_hal_pcd.o(i.PCD_EP_ISR_Handler)
    PCD_EP_ISR_Handler                       0x080038f1   Thumb Code   764  stm32f3xx_hal_pcd.o(i.PCD_EP_ISR_Handler)
    i.PendSV_Handler                         0x08003bec   Section        0  stm32f3xx_it.o(i.PendSV_Handler)
    i.SVC_Handler                            0x08003bee   Section        0  stm32f3xx_it.o(i.SVC_Handler)
    i.SysTick_Handler                        0x08003bf0   Section        0  stm32f3xx_it.o(i.SysTick_Handler)
    i.SystemClock_Config                     0x08003bf4   Section        0  main.o(i.SystemClock_Config)
    i.SystemInit                             0x08003c80   Section        0  system_stm32f3xx.o(i.SystemInit)
    i.TIMS_ROTATE_RESET                      0x08003c90   Section        0  main.o(i.TIMS_ROTATE_RESET)
    i.TIM_Base_SetConfig                     0x08003cfc   Section        0  stm32f3xx_hal_tim.o(i.TIM_Base_SetConfig)
    i.TIM_CCxChannelCmd                      0x08003dac   Section        0  stm32f3xx_hal_tim.o(i.TIM_CCxChannelCmd)
    i.TIM_OC1_SetConfig                      0x08003dc8   Section        0  stm32f3xx_hal_tim.o(i.TIM_OC1_SetConfig)
    TIM_OC1_SetConfig                        0x08003dc9   Thumb Code   132  stm32f3xx_hal_tim.o(i.TIM_OC1_SetConfig)
    i.TIM_OC2_SetConfig                      0x08003e64   Section        0  stm32f3xx_hal_tim.o(i.TIM_OC2_SetConfig)
    i.TIM_OC3_SetConfig                      0x08003ef4   Section        0  stm32f3xx_hal_tim.o(i.TIM_OC3_SetConfig)
    TIM_OC3_SetConfig                        0x08003ef5   Thumb Code   118  stm32f3xx_hal_tim.o(i.TIM_OC3_SetConfig)
    i.TIM_OC4_SetConfig                      0x08003f84   Section        0  stm32f3xx_hal_tim.o(i.TIM_OC4_SetConfig)
    TIM_OC4_SetConfig                        0x08003f85   Thumb Code    92  stm32f3xx_hal_tim.o(i.TIM_OC4_SetConfig)
    i.TIM_OC5_SetConfig                      0x08003ff8   Section        0  stm32f3xx_hal_tim.o(i.TIM_OC5_SetConfig)
    TIM_OC5_SetConfig                        0x08003ff9   Thumb Code    86  stm32f3xx_hal_tim.o(i.TIM_OC5_SetConfig)
    i.TIM_OC6_SetConfig                      0x08004068   Section        0  stm32f3xx_hal_tim.o(i.TIM_OC6_SetConfig)
    TIM_OC6_SetConfig                        0x08004069   Thumb Code    88  stm32f3xx_hal_tim.o(i.TIM_OC6_SetConfig)
    i.USBD_CDC_DataIn                        0x080040d8   Section        0  usbd_cdc.o(i.USBD_CDC_DataIn)
    USBD_CDC_DataIn                          0x080040d9   Thumb Code    70  usbd_cdc.o(i.USBD_CDC_DataIn)
    i.USBD_CDC_DataOut                       0x0800411e   Section        0  usbd_cdc.o(i.USBD_CDC_DataOut)
    USBD_CDC_DataOut                         0x0800411f   Thumb Code    46  usbd_cdc.o(i.USBD_CDC_DataOut)
    i.USBD_CDC_DeInit                        0x0800414c   Section        0  usbd_cdc.o(i.USBD_CDC_DeInit)
    USBD_CDC_DeInit                          0x0800414d   Thumb Code    68  usbd_cdc.o(i.USBD_CDC_DeInit)
    i.USBD_CDC_EP0_RxReady                   0x08004190   Section        0  usbd_cdc.o(i.USBD_CDC_EP0_RxReady)
    USBD_CDC_EP0_RxReady                     0x08004191   Thumb Code    36  usbd_cdc.o(i.USBD_CDC_EP0_RxReady)
    i.USBD_CDC_GetDeviceQualifierDescriptor  0x080041b4   Section        0  usbd_cdc.o(i.USBD_CDC_GetDeviceQualifierDescriptor)
    i.USBD_CDC_GetFSCfgDesc                  0x080041c0   Section        0  usbd_cdc.o(i.USBD_CDC_GetFSCfgDesc)
    USBD_CDC_GetFSCfgDesc                    0x080041c1   Thumb Code     8  usbd_cdc.o(i.USBD_CDC_GetFSCfgDesc)
    i.USBD_CDC_GetHSCfgDesc                  0x080041cc   Section        0  usbd_cdc.o(i.USBD_CDC_GetHSCfgDesc)
    USBD_CDC_GetHSCfgDesc                    0x080041cd   Thumb Code     8  usbd_cdc.o(i.USBD_CDC_GetHSCfgDesc)
    i.USBD_CDC_GetOtherSpeedCfgDesc          0x080041d8   Section        0  usbd_cdc.o(i.USBD_CDC_GetOtherSpeedCfgDesc)
    USBD_CDC_GetOtherSpeedCfgDesc            0x080041d9   Thumb Code     8  usbd_cdc.o(i.USBD_CDC_GetOtherSpeedCfgDesc)
    i.USBD_CDC_Init                          0x080041e4   Section        0  usbd_cdc.o(i.USBD_CDC_Init)
    USBD_CDC_Init                            0x080041e5   Thumb Code   148  usbd_cdc.o(i.USBD_CDC_Init)
    i.USBD_CDC_ReceivePacket                 0x08004278   Section        0  usbd_cdc.o(i.USBD_CDC_ReceivePacket)
    i.USBD_CDC_RegisterInterface             0x080042a0   Section        0  usbd_cdc.o(i.USBD_CDC_RegisterInterface)
    i.USBD_CDC_SetRxBuffer                   0x080042b0   Section        0  usbd_cdc.o(i.USBD_CDC_SetRxBuffer)
    i.USBD_CDC_SetTxBuffer                   0x080042bc   Section        0  usbd_cdc.o(i.USBD_CDC_SetTxBuffer)
    i.USBD_CDC_Setup                         0x080042cc   Section        0  usbd_cdc.o(i.USBD_CDC_Setup)
    USBD_CDC_Setup                           0x080042cd   Thumb Code   172  usbd_cdc.o(i.USBD_CDC_Setup)
    i.USBD_CDC_TransmitPacket                0x08004378   Section        0  usbd_cdc.o(i.USBD_CDC_TransmitPacket)
    i.USBD_ClrClassConfig                    0x080043ae   Section        0  usbd_core.o(i.USBD_ClrClassConfig)
    i.USBD_CtlContinueRx                     0x080043bc   Section        0  usbd_ioreq.o(i.USBD_CtlContinueRx)
    i.USBD_CtlContinueSendData               0x080043cc   Section        0  usbd_ioreq.o(i.USBD_CtlContinueSendData)
    i.USBD_CtlError                          0x080043dc   Section        0  usbd_ctlreq.o(i.USBD_CtlError)
    i.USBD_CtlPrepareRx                      0x080043f2   Section        0  usbd_ioreq.o(i.USBD_CtlPrepareRx)
    i.USBD_CtlReceiveStatus                  0x08004410   Section        0  usbd_ioreq.o(i.USBD_CtlReceiveStatus)
    i.USBD_CtlSendData                       0x08004426   Section        0  usbd_ioreq.o(i.USBD_CtlSendData)
    i.USBD_CtlSendStatus                     0x08004440   Section        0  usbd_ioreq.o(i.USBD_CtlSendStatus)
    i.USBD_FS_ConfigStrDescriptor            0x08004458   Section        0  usbd_desc.o(i.USBD_FS_ConfigStrDescriptor)
    i.USBD_FS_DeviceDescriptor               0x08004478   Section        0  usbd_desc.o(i.USBD_FS_DeviceDescriptor)
    i.USBD_FS_InterfaceStrDescriptor         0x08004484   Section        0  usbd_desc.o(i.USBD_FS_InterfaceStrDescriptor)
    i.USBD_FS_LangIDStrDescriptor            0x080044a8   Section        0  usbd_desc.o(i.USBD_FS_LangIDStrDescriptor)
    i.USBD_FS_ManufacturerStrDescriptor      0x080044b4   Section        0  usbd_desc.o(i.USBD_FS_ManufacturerStrDescriptor)
    i.USBD_FS_ProductStrDescriptor           0x080044dc   Section        0  usbd_desc.o(i.USBD_FS_ProductStrDescriptor)
    i.USBD_FS_SerialStrDescriptor            0x08004508   Section        0  usbd_desc.o(i.USBD_FS_SerialStrDescriptor)
    i.USBD_GetDescriptor                     0x08004540   Section        0  usbd_ctlreq.o(i.USBD_GetDescriptor)
    USBD_GetDescriptor                       0x08004541   Thumb Code   232  usbd_ctlreq.o(i.USBD_GetDescriptor)
    i.USBD_GetString                         0x08004628   Section        0  usbd_ctlreq.o(i.USBD_GetString)
    i.USBD_Get_USB_Status                    0x08004670   Section        0  usbd_conf.o(i.USBD_Get_USB_Status)
    USBD_Get_USB_Status                      0x08004671   Thumb Code    24  usbd_conf.o(i.USBD_Get_USB_Status)
    i.USBD_Init                              0x08004688   Section        0  usbd_core.o(i.USBD_Init)
    i.USBD_LL_ClearStallEP                   0x080046b2   Section        0  usbd_conf.o(i.USBD_LL_ClearStallEP)
    i.USBD_LL_CloseEP                        0x080046c4   Section        0  usbd_conf.o(i.USBD_LL_CloseEP)
    i.USBD_LL_DataInStage                    0x080046d6   Section        0  usbd_core.o(i.USBD_LL_DataInStage)
    i.USBD_LL_DataOutStage                   0x0800479c   Section        0  usbd_core.o(i.USBD_LL_DataOutStage)
    i.USBD_LL_GetRxDataSize                  0x0800481e   Section        0  usbd_conf.o(i.USBD_LL_GetRxDataSize)
    i.USBD_LL_Init                           0x08004828   Section        0  usbd_conf.o(i.USBD_LL_Init)
    i.USBD_LL_IsStallEP                      0x080048a8   Section        0  usbd_conf.o(i.USBD_LL_IsStallEP)
    i.USBD_LL_OpenEP                         0x080048c8   Section        0  usbd_conf.o(i.USBD_LL_OpenEP)
    i.USBD_LL_PrepareReceive                 0x080048e0   Section        0  usbd_conf.o(i.USBD_LL_PrepareReceive)
    i.USBD_LL_Reset                          0x080048f2   Section        0  usbd_core.o(i.USBD_LL_Reset)
    i.USBD_LL_Resume                         0x08004942   Section        0  usbd_core.o(i.USBD_LL_Resume)
    i.USBD_LL_SOF                            0x08004956   Section        0  usbd_core.o(i.USBD_LL_SOF)
    i.USBD_LL_SetSpeed                       0x0800496e   Section        0  usbd_core.o(i.USBD_LL_SetSpeed)
    i.USBD_LL_SetUSBAddress                  0x08004974   Section        0  usbd_conf.o(i.USBD_LL_SetUSBAddress)
    i.USBD_LL_SetupStage                     0x08004986   Section        0  usbd_core.o(i.USBD_LL_SetupStage)
    i.USBD_LL_StallEP                        0x080049e0   Section        0  usbd_conf.o(i.USBD_LL_StallEP)
    i.USBD_LL_Start                          0x080049f2   Section        0  usbd_conf.o(i.USBD_LL_Start)
    i.USBD_LL_Suspend                        0x08004a04   Section        0  usbd_core.o(i.USBD_LL_Suspend)
    i.USBD_LL_Transmit                       0x08004a16   Section        0  usbd_conf.o(i.USBD_LL_Transmit)
    i.USBD_ParseSetupRequest                 0x08004a28   Section        0  usbd_ctlreq.o(i.USBD_ParseSetupRequest)
    i.USBD_RegisterClass                     0x08004a50   Section        0  usbd_core.o(i.USBD_RegisterClass)
    i.USBD_SetClassConfig                    0x08004a60   Section        0  usbd_core.o(i.USBD_SetClassConfig)
    i.USBD_SetConfig                         0x08004a78   Section        0  usbd_ctlreq.o(i.USBD_SetConfig)
    USBD_SetConfig                           0x08004a79   Thumb Code   128  usbd_ctlreq.o(i.USBD_SetConfig)
    i.USBD_Start                             0x08004afc   Section        0  usbd_core.o(i.USBD_Start)
    i.USBD_StdDevReq                         0x08004b06   Section        0  usbd_ctlreq.o(i.USBD_StdDevReq)
    i.USBD_StdEPReq                          0x08004c18   Section        0  usbd_ctlreq.o(i.USBD_StdEPReq)
    i.USBD_StdItfReq                         0x08004d68   Section        0  usbd_ctlreq.o(i.USBD_StdItfReq)
    i.USBD_static_free                       0x08004db6   Section        0  usbd_conf.o(i.USBD_static_free)
    i.USBD_static_malloc                     0x08004db8   Section        0  usbd_conf.o(i.USBD_static_malloc)
    i.USB_ActivateEndpoint                   0x08004dc0   Section        0  stm32f3xx_ll_usb.o(i.USB_ActivateEndpoint)
    i.USB_DeactivateEndpoint                 0x08005018   Section        0  stm32f3xx_ll_usb.o(i.USB_DeactivateEndpoint)
    i.USB_DevConnect                         0x08005126   Section        0  stm32f3xx_ll_usb.o(i.USB_DevConnect)
    i.USB_DevInit                            0x0800512a   Section        0  stm32f3xx_ll_usb.o(i.USB_DevInit)
    i.USB_DisableGlobalInt                   0x0800513c   Section        0  stm32f3xx_ll_usb.o(i.USB_DisableGlobalInt)
    i.USB_EPClearStall                       0x0800514a   Section        0  stm32f3xx_ll_usb.o(i.USB_EPClearStall)
    i.USB_EPSetStall                         0x080051c2   Section        0  stm32f3xx_ll_usb.o(i.USB_EPSetStall)
    i.USB_EPStartXfer                        0x080051f4   Section        0  stm32f3xx_ll_usb.o(i.USB_EPStartXfer)
    i.USB_EnableGlobalInt                    0x080056c2   Section        0  stm32f3xx_ll_usb.o(i.USB_EnableGlobalInt)
    i.USB_LP_CAN_RX0_IRQHandler              0x080056d4   Section        0  stm32f3xx_it.o(i.USB_LP_CAN_RX0_IRQHandler)
    i.USB_ReadInterrupts                     0x080056e0   Section        0  stm32f3xx_ll_usb.o(i.USB_ReadInterrupts)
    i.USB_ReadPMA                            0x080056e8   Section        0  stm32f3xx_ll_usb.o(i.USB_ReadPMA)
    i.USB_SetDevAddress                      0x08005714   Section        0  stm32f3xx_ll_usb.o(i.USB_SetDevAddress)
    i.USB_WritePMA                           0x08005720   Section        0  stm32f3xx_ll_usb.o(i.USB_WritePMA)
    i.UsageFault_Handler                     0x08005746   Section        0  stm32f3xx_it.o(i.UsageFault_Handler)
    i.__0sprintf                             0x08005748   Section        0  printfa.o(i.__0sprintf)
    i.__NVIC_SetPriority                     0x08005770   Section        0  stm32f3xx_hal_cortex.o(i.__NVIC_SetPriority)
    __NVIC_SetPriority                       0x08005771   Thumb Code    32  stm32f3xx_hal_cortex.o(i.__NVIC_SetPriority)
    i.__scatterload_copy                     0x08005790   Section       14  handlers.o(i.__scatterload_copy)
    i.__scatterload_null                     0x0800579e   Section        2  handlers.o(i.__scatterload_null)
    i.__scatterload_zeroinit                 0x080057a0   Section       14  handlers.o(i.__scatterload_zeroinit)
    i._fp_digits                             0x080057b0   Section        0  printfa.o(i._fp_digits)
    _fp_digits                               0x080057b1   Thumb Code   366  printfa.o(i._fp_digits)
    i._printf_core                           0x08005934   Section        0  printfa.o(i._printf_core)
    _printf_core                             0x08005935   Thumb Code  1704  printfa.o(i._printf_core)
    i._printf_post_padding                   0x08005fe8   Section        0  printfa.o(i._printf_post_padding)
    _printf_post_padding                     0x08005fe9   Thumb Code    36  printfa.o(i._printf_post_padding)
    i._printf_pre_padding                    0x0800600c   Section        0  printfa.o(i._printf_pre_padding)
    _printf_pre_padding                      0x0800600d   Thumb Code    46  printfa.o(i._printf_pre_padding)
    i._sputc                                 0x0800603a   Section        0  printfa.o(i._sputc)
    _sputc                                   0x0800603b   Thumb Code    10  printfa.o(i._sputc)
    i.main                                   0x08006044   Section        0  main.o(i.main)
    .constdata                               0x0800652c   Section       32  stm32f3xx_hal_rcc.o(.constdata)
    .constdata                               0x0800654c   Section       16  system_stm32f3xx.o(.constdata)
    .data                                    0x20000000   Section        3  main.o(.data)
    .data                                    0x20000004   Section        4  stm32f3xx_hal_msp.o(.data)
    HAL_RCC_ADC12_CLK_ENABLED                0x20000004   Data           4  stm32f3xx_hal_msp.o(.data)
    .data                                    0x20000008   Section       28  usbd_desc.o(.data)
    .data                                    0x20000024   Section       50  usbd_desc.o(.data)
    .data                                    0x20000058   Section       16  usbd_cdc_if.o(.data)
    .data                                    0x20000068   Section       12  stm32f3xx_hal.o(.data)
    .data                                    0x20000074   Section        4  system_stm32f3xx.o(.data)
    .data                                    0x20000078   Section        1  usbd_ctlreq.o(.data)
    cfgidx                                   0x20000078   Data           1  usbd_ctlreq.o(.data)
    .data                                    0x2000007c   Section      215  usbd_cdc.o(.data)
    USBD_CDC_DeviceQualifierDesc             0x2000007c   Data          10  usbd_cdc.o(.data)
    .data                                    0x20000154   Section       56  usbd_cdc.o(.data)
    .bss                                     0x2000018c   Section      748  main.o(.bss)
    .bss                                     0x20000478   Section       68  main.o(.bss)
    .bss                                     0x200004bc   Section       68  main.o(.bss)
    .bss                                     0x20000500   Section       68  main.o(.bss)
    .bss                                     0x20000544   Section      708  usb_device.o(.bss)
    .bss                                     0x20000808   Section      256  usbd_desc.o(.bss)
    .bss                                     0x20000908   Section     2000  usbd_cdc_if.o(.bss)
    .bss                                     0x200010d8   Section     1036  usbd_conf.o(.bss)
    mem                                      0x200010d8   Data         288  usbd_conf.o(.bss)
    STACK                                    0x200014e8   Section     1024  startup_stm32f303xc.o(STACK)

    Global Symbols

    Symbol Name                              Value     Ov Type        Size  Object(Section)

    BuildAttributes$$THM_ISAv4$E$P$D$K$B$S$7EM$VFPi3$EXTD16$VFPS$VFMA$PE$A:L22UL41UL21$X:L11$S22US41US21$IEEE1$IW$USESV6$~STKCKD$USESV7$~SHL$OSPACE$ROPI$EBA8$MICROLIB$REQ8$PRES8$EABIv2 0x00000000   Number         0  anon$$obj.o ABSOLUTE
    __ARM_use_no_argv                        0x00000000   Number         0  main.o ABSOLUTE
    _printf_a                                0x00000000   Number         0  stubs.o ABSOLUTE
    _printf_c                                0x00000000   Number         0  stubs.o ABSOLUTE
    _printf_charcount                        0x00000000   Number         0  stubs.o ABSOLUTE
    _printf_d                                0x00000000   Number         0  stubs.o ABSOLUTE
    _printf_e                                0x00000000   Number         0  stubs.o ABSOLUTE
    _printf_f                                0x00000000   Number         0  stubs.o ABSOLUTE
    _printf_flags                            0x00000000   Number         0  stubs.o ABSOLUTE
    _printf_fp_dec                           0x00000000   Number         0  stubs.o ABSOLUTE
    _printf_fp_hex                           0x00000000   Number         0  stubs.o ABSOLUTE
    _printf_g                                0x00000000   Number         0  stubs.o ABSOLUTE
    _printf_i                                0x00000000   Number         0  stubs.o ABSOLUTE
    _printf_int_dec                          0x00000000   Number         0  stubs.o ABSOLUTE
    _printf_l                                0x00000000   Number         0  stubs.o ABSOLUTE
    _printf_lc                               0x00000000   Number         0  stubs.o ABSOLUTE
    _printf_ll                               0x00000000   Number         0  stubs.o ABSOLUTE
    _printf_lld                              0x00000000   Number         0  stubs.o ABSOLUTE
    _printf_lli                              0x00000000   Number         0  stubs.o ABSOLUTE
    _printf_llo                              0x00000000   Number         0  stubs.o ABSOLUTE
    _printf_llu                              0x00000000   Number         0  stubs.o ABSOLUTE
    _printf_llx                              0x00000000   Number         0  stubs.o ABSOLUTE
    _printf_longlong_dec                     0x00000000   Number         0  stubs.o ABSOLUTE
    _printf_longlong_hex                     0x00000000   Number         0  stubs.o ABSOLUTE
    _printf_longlong_oct                     0x00000000   Number         0  stubs.o ABSOLUTE
    _printf_ls                               0x00000000   Number         0  stubs.o ABSOLUTE
    _printf_mbtowc                           0x00000000   Number         0  stubs.o ABSOLUTE
    _printf_n                                0x00000000   Number         0  stubs.o ABSOLUTE
    _printf_o                                0x00000000   Number         0  stubs.o ABSOLUTE
    _printf_p                                0x00000000   Number         0  stubs.o ABSOLUTE
    _printf_percent                          0x00000000   Number         0  stubs.o ABSOLUTE
    _printf_pre_padding                      0x00000000   Number         0  stubs.o ABSOLUTE
    _printf_return_value                     0x00000000   Number         0  stubs.o ABSOLUTE
    _printf_s                                0x00000000   Number         0  stubs.o ABSOLUTE
    _printf_sizespec                         0x00000000   Number         0  stubs.o ABSOLUTE
    _printf_str                              0x00000000   Number         0  stubs.o ABSOLUTE
    _printf_truncate_signed                  0x00000000   Number         0  stubs.o ABSOLUTE
    _printf_truncate_unsigned                0x00000000   Number         0  stubs.o ABSOLUTE
    _printf_u                                0x00000000   Number         0  stubs.o ABSOLUTE
    _printf_wc                               0x00000000   Number         0  stubs.o ABSOLUTE
    _printf_wctomb                           0x00000000   Number         0  stubs.o ABSOLUTE
    _printf_widthprec                        0x00000000   Number         0  stubs.o ABSOLUTE
    _printf_x                                0x00000000   Number         0  stubs.o ABSOLUTE
    __arm_fini_                               - Undefined Weak Reference
    __cpp_initialize__aeabi_                  - Undefined Weak Reference
    __cxa_finalize                            - Undefined Weak Reference
    _clock_init                               - Undefined Weak Reference
    _microlib_exit                            - Undefined Weak Reference
    __Vectors_Size                           0x00000188   Number         0  startup_stm32f303xc.o ABSOLUTE
    __Vectors                                0x08000000   Data           4  startup_stm32f303xc.o(RESET)
    __Vectors_End                            0x08000188   Data           0  startup_stm32f303xc.o(RESET)
    __main                                   0x08000189   Thumb Code     0  entry.o(.ARM.Collect$$$$00000000)
    _main_stk                                0x08000189   Thumb Code     0  entry2.o(.ARM.Collect$$$$00000001)
    _main_scatterload                        0x0800018d   Thumb Code     0  entry5.o(.ARM.Collect$$$$00000004)
    __main_after_scatterload                 0x08000191   Thumb Code     0  entry5.o(.ARM.Collect$$$$00000004)
    _main_clock                              0x08000191   Thumb Code     0  entry7b.o(.ARM.Collect$$$$00000008)
    _main_cpp_init                           0x08000191   Thumb Code     0  entry8b.o(.ARM.Collect$$$$0000000A)
    _main_init                               0x08000191   Thumb Code     0  entry9a.o(.ARM.Collect$$$$0000000B)
    __rt_lib_shutdown_fini                   0x08000199   Thumb Code     0  entry12b.o(.ARM.Collect$$$$0000000E)
    __rt_final_cpp                           0x0800019d   Thumb Code     0  entry10a.o(.ARM.Collect$$$$0000000F)
    __rt_final_exit                          0x0800019d   Thumb Code     0  entry11a.o(.ARM.Collect$$$$00000011)
    Reset_Handler                            0x080001a1   Thumb Code     8  startup_stm32f303xc.o(.text)
    ADC1_2_IRQHandler                        0x080001bb   Thumb Code     0  startup_stm32f303xc.o(.text)
    ADC3_IRQHandler                          0x080001bb   Thumb Code     0  startup_stm32f303xc.o(.text)
    ADC4_IRQHandler                          0x080001bb   Thumb Code     0  startup_stm32f303xc.o(.text)
    CAN_RX1_IRQHandler                       0x080001bb   Thumb Code     0  startup_stm32f303xc.o(.text)
    CAN_SCE_IRQHandler                       0x080001bb   Thumb Code     0  startup_stm32f303xc.o(.text)
    COMP1_2_3_IRQHandler                     0x080001bb   Thumb Code     0  startup_stm32f303xc.o(.text)
    COMP4_5_6_IRQHandler                     0x080001bb   Thumb Code     0  startup_stm32f303xc.o(.text)
    COMP7_IRQHandler                         0x080001bb   Thumb Code     0  startup_stm32f303xc.o(.text)
    DMA1_Channel2_IRQHandler                 0x080001bb   Thumb Code     0  startup_stm32f303xc.o(.text)
    DMA1_Channel3_IRQHandler                 0x080001bb   Thumb Code     0  startup_stm32f303xc.o(.text)
    DMA1_Channel4_IRQHandler                 0x080001bb   Thumb Code     0  startup_stm32f303xc.o(.text)
    DMA1_Channel5_IRQHandler                 0x080001bb   Thumb Code     0  startup_stm32f303xc.o(.text)
    DMA1_Channel6_IRQHandler                 0x080001bb   Thumb Code     0  startup_stm32f303xc.o(.text)
    DMA1_Channel7_IRQHandler                 0x080001bb   Thumb Code     0  startup_stm32f303xc.o(.text)
    DMA2_Channel2_IRQHandler                 0x080001bb   Thumb Code     0  startup_stm32f303xc.o(.text)
    DMA2_Channel3_IRQHandler                 0x080001bb   Thumb Code     0  startup_stm32f303xc.o(.text)
    DMA2_Channel4_IRQHandler                 0x080001bb   Thumb Code     0  startup_stm32f303xc.o(.text)
    EXTI0_IRQHandler                         0x080001bb   Thumb Code     0  startup_stm32f303xc.o(.text)
    EXTI15_10_IRQHandler                     0x080001bb   Thumb Code     0  startup_stm32f303xc.o(.text)
    EXTI1_IRQHandler                         0x080001bb   Thumb Code     0  startup_stm32f303xc.o(.text)
    EXTI2_TSC_IRQHandler                     0x080001bb   Thumb Code     0  startup_stm32f303xc.o(.text)
    EXTI3_IRQHandler                         0x080001bb   Thumb Code     0  startup_stm32f303xc.o(.text)
    EXTI4_IRQHandler                         0x080001bb   Thumb Code     0  startup_stm32f303xc.o(.text)
    EXTI9_5_IRQHandler                       0x080001bb   Thumb Code     0  startup_stm32f303xc.o(.text)
    FLASH_IRQHandler                         0x080001bb   Thumb Code     0  startup_stm32f303xc.o(.text)
    FPU_IRQHandler                           0x080001bb   Thumb Code     0  startup_stm32f303xc.o(.text)
    I2C1_ER_IRQHandler                       0x080001bb   Thumb Code     0  startup_stm32f303xc.o(.text)
    I2C1_EV_IRQHandler                       0x080001bb   Thumb Code     0  startup_stm32f303xc.o(.text)
    I2C2_ER_IRQHandler                       0x080001bb   Thumb Code     0  startup_stm32f303xc.o(.text)
    I2C2_EV_IRQHandler                       0x080001bb   Thumb Code     0  startup_stm32f303xc.o(.text)
    PVD_IRQHandler                           0x080001bb   Thumb Code     0  startup_stm32f303xc.o(.text)
    RCC_IRQHandler                           0x080001bb   Thumb Code     0  startup_stm32f303xc.o(.text)
    RTC_Alarm_IRQHandler                     0x080001bb   Thumb Code     0  startup_stm32f303xc.o(.text)
    RTC_WKUP_IRQHandler                      0x080001bb   Thumb Code     0  startup_stm32f303xc.o(.text)
    SPI1_IRQHandler                          0x080001bb   Thumb Code     0  startup_stm32f303xc.o(.text)
    SPI2_IRQHandler                          0x080001bb   Thumb Code     0  startup_stm32f303xc.o(.text)
    SPI3_IRQHandler                          0x080001bb   Thumb Code     0  startup_stm32f303xc.o(.text)
    TAMP_STAMP_IRQHandler                    0x080001bb   Thumb Code     0  startup_stm32f303xc.o(.text)
    TIM1_BRK_TIM15_IRQHandler                0x080001bb   Thumb Code     0  startup_stm32f303xc.o(.text)
    TIM1_CC_IRQHandler                       0x080001bb   Thumb Code     0  startup_stm32f303xc.o(.text)
    TIM1_TRG_COM_TIM17_IRQHandler            0x080001bb   Thumb Code     0  startup_stm32f303xc.o(.text)
    TIM1_UP_TIM16_IRQHandler                 0x080001bb   Thumb Code     0  startup_stm32f303xc.o(.text)
    TIM2_IRQHandler                          0x080001bb   Thumb Code     0  startup_stm32f303xc.o(.text)
    TIM3_IRQHandler                          0x080001bb   Thumb Code     0  startup_stm32f303xc.o(.text)
    TIM4_IRQHandler                          0x080001bb   Thumb Code     0  startup_stm32f303xc.o(.text)
    TIM6_DAC_IRQHandler                      0x080001bb   Thumb Code     0  startup_stm32f303xc.o(.text)
    TIM7_IRQHandler                          0x080001bb   Thumb Code     0  startup_stm32f303xc.o(.text)
    TIM8_BRK_IRQHandler                      0x080001bb   Thumb Code     0  startup_stm32f303xc.o(.text)
    TIM8_CC_IRQHandler                       0x080001bb   Thumb Code     0  startup_stm32f303xc.o(.text)
    TIM8_TRG_COM_IRQHandler                  0x080001bb   Thumb Code     0  startup_stm32f303xc.o(.text)
    TIM8_UP_IRQHandler                       0x080001bb   Thumb Code     0  startup_stm32f303xc.o(.text)
    UART4_IRQHandler                         0x080001bb   Thumb Code     0  startup_stm32f303xc.o(.text)
    UART5_IRQHandler                         0x080001bb   Thumb Code     0  startup_stm32f303xc.o(.text)
    USART1_IRQHandler                        0x080001bb   Thumb Code     0  startup_stm32f303xc.o(.text)
    USART2_IRQHandler                        0x080001bb   Thumb Code     0  startup_stm32f303xc.o(.text)
    USART3_IRQHandler                        0x080001bb   Thumb Code     0  startup_stm32f303xc.o(.text)
    USBWakeUp_IRQHandler                     0x080001bb   Thumb Code     0  startup_stm32f303xc.o(.text)
    USBWakeUp_RMP_IRQHandler                 0x080001bb   Thumb Code     0  startup_stm32f303xc.o(.text)
    USB_HP_CAN_TX_IRQHandler                 0x080001bb   Thumb Code     0  startup_stm32f303xc.o(.text)
    USB_HP_IRQHandler                        0x080001bb   Thumb Code     0  startup_stm32f303xc.o(.text)
    USB_LP_IRQHandler                        0x080001bb   Thumb Code     0  startup_stm32f303xc.o(.text)
    WWDG_IRQHandler                          0x080001bb   Thumb Code     0  startup_stm32f303xc.o(.text)
    __aeabi_uldivmod                         0x080001c5   Thumb Code    98  uldiv.o(.text)
    __aeabi_llsr                             0x08000227   Thumb Code    32  llushr.o(.text)
    _ll_ushift_r                             0x08000227   Thumb Code     0  llushr.o(.text)
    __aeabi_memcpy                           0x08000247   Thumb Code    36  memcpya.o(.text)
    __aeabi_memcpy4                          0x08000247   Thumb Code     0  memcpya.o(.text)
    __aeabi_memcpy8                          0x08000247   Thumb Code     0  memcpya.o(.text)
    __aeabi_memset                           0x0800026b   Thumb Code    14  memseta.o(.text)
    __aeabi_memset4                          0x0800026b   Thumb Code     0  memseta.o(.text)
    __aeabi_memset8                          0x0800026b   Thumb Code     0  memseta.o(.text)
    __aeabi_memclr                           0x08000279   Thumb Code     4  memseta.o(.text)
    __aeabi_memclr4                          0x08000279   Thumb Code     0  memseta.o(.text)
    __aeabi_memclr8                          0x08000279   Thumb Code     0  memseta.o(.text)
    _memset$wrapper                          0x0800027d   Thumb Code    18  memseta.o(.text)
    strncpy                                  0x0800028f   Thumb Code    24  strncpy.o(.text)
    strlen                                   0x080002a7   Thumb Code    14  strlen.o(.text)
    __aeabi_dmul                             0x080002b5   Thumb Code   228  dmul.o(.text)
    __aeabi_ddiv                             0x08000399   Thumb Code   222  ddiv.o(.text)
    __aeabi_ui2d                             0x08000477   Thumb Code    26  dfltui.o(.text)
    __aeabi_uidiv                            0x08000491   Thumb Code     0  uidiv.o(.text)
    __aeabi_uidivmod                         0x08000491   Thumb Code    44  uidiv.o(.text)
    __aeabi_llsl                             0x080004bd   Thumb Code    30  llshl.o(.text)
    _ll_shift_l                              0x080004bd   Thumb Code     0  llshl.o(.text)
    __I$use$fp                               0x080004db   Thumb Code     0  iusefp.o(.text)
    _double_round                            0x080004db   Thumb Code    30  depilogue.o(.text)
    _double_epilogue                         0x080004f9   Thumb Code   156  depilogue.o(.text)
    __aeabi_dadd                             0x08000595   Thumb Code   322  dadd.o(.text)
    __aeabi_dsub                             0x080006d7   Thumb Code     6  dadd.o(.text)
    __aeabi_drsub                            0x080006dd   Thumb Code     6  dadd.o(.text)
    __aeabi_d2ulz                            0x080006e3   Thumb Code    48  dfixul.o(.text)
    __aeabi_cdrcmple                         0x08000715   Thumb Code    48  cdrcmple.o(.text)
    __scatterload                            0x08000745   Thumb Code    28  init.o(.text)
    __scatterload_rt2                        0x08000745   Thumb Code     0  init.o(.text)
    __aeabi_lasr                             0x08000769   Thumb Code    36  llsshr.o(.text)
    _ll_sshift_r                             0x08000769   Thumb Code     0  llsshr.o(.text)
    __decompress                             0x0800078d   Thumb Code     0  __dczerorl2.o(.text)
    __decompress1                            0x0800078d   Thumb Code    86  __dczerorl2.o(.text)
    BusFault_Handler                         0x080009c5   Thumb Code     2  stm32f3xx_it.o(i.BusFault_Handler)
    CDC_Transmit_FS                          0x08000a1d   Thumb Code    38  usbd_cdc_if.o(i.CDC_Transmit_FS)
    DMA1_Channel1_IRQHandler                 0x08000a49   Thumb Code     6  stm32f3xx_it.o(i.DMA1_Channel1_IRQHandler)
    DMA2_Channel1_IRQHandler                 0x08000a55   Thumb Code     6  stm32f3xx_it.o(i.DMA2_Channel1_IRQHandler)
    DMA2_Channel5_IRQHandler                 0x08000a61   Thumb Code     6  stm32f3xx_it.o(i.DMA2_Channel5_IRQHandler)
    DebugMon_Handler                         0x08000ad3   Thumb Code     2  stm32f3xx_it.o(i.DebugMon_Handler)
    Error_Handler                            0x08000ad5   Thumb Code     4  main.o(i.Error_Handler)
    GPIO_PINS_RESET                          0x08000ad9   Thumb Code    30  main.o(i.GPIO_PINS_RESET)
    HAL_ADCEx_Calibration_Start              0x08000afd   Thumb Code   150  stm32f3xx_hal_adc_ex.o(i.HAL_ADCEx_Calibration_Start)
    HAL_ADCEx_MultiModeConfigChannel         0x08000b95   Thumb Code   258  stm32f3xx_hal_adc_ex.o(i.HAL_ADCEx_MultiModeConfigChannel)
    HAL_ADC_ConfigChannel                    0x08000cad   Thumb Code   884  stm32f3xx_hal_adc_ex.o(i.HAL_ADC_ConfigChannel)
    HAL_ADC_ConvCpltCallback                 0x08001041   Thumb Code    62  main.o(i.HAL_ADC_ConvCpltCallback)
    HAL_ADC_ConvHalfCpltCallback             0x08001091   Thumb Code     2  stm32f3xx_hal_adc.o(i.HAL_ADC_ConvHalfCpltCallback)
    HAL_ADC_ErrorCallback                    0x08001093   Thumb Code     2  stm32f3xx_hal_adc.o(i.HAL_ADC_ErrorCallback)
    HAL_ADC_Init                             0x08001095   Thumb Code   550  stm32f3xx_hal_adc_ex.o(i.HAL_ADC_Init)
    HAL_ADC_MspInit                          0x080012e1   Thumb Code   322  stm32f3xx_hal_msp.o(i.HAL_ADC_MspInit)
    HAL_ADC_Start_DMA                        0x0800144d   Thumb Code   306  stm32f3xx_hal_adc_ex.o(i.HAL_ADC_Start_DMA)
    HAL_ADC_Stop                             0x08001599   Thumb Code    62  stm32f3xx_hal_adc_ex.o(i.HAL_ADC_Stop)
    HAL_ADC_Stop_DMA                         0x080015d7   Thumb Code   122  stm32f3xx_hal_adc_ex.o(i.HAL_ADC_Stop_DMA)
    HAL_DMA_Abort                            0x08001651   Thumb Code    70  stm32f3xx_hal_dma.o(i.HAL_DMA_Abort)
    HAL_DMA_IRQHandler                       0x08001697   Thumb Code   168  stm32f3xx_hal_dma.o(i.HAL_DMA_IRQHandler)
    HAL_DMA_Init                             0x0800173f   Thumb Code    78  stm32f3xx_hal_dma.o(i.HAL_DMA_Init)
    HAL_DMA_Start_IT                         0x0800178d   Thumb Code   112  stm32f3xx_hal_dma.o(i.HAL_DMA_Start_IT)
    HAL_Delay                                0x080017fd   Thumb Code    32  stm32f3xx_hal.o(i.HAL_Delay)
    HAL_GPIO_Init                            0x08001821   Thumb Code   412  stm32f3xx_hal_gpio.o(i.HAL_GPIO_Init)
    HAL_GPIO_WritePin                        0x080019d9   Thumb Code    10  stm32f3xx_hal_gpio.o(i.HAL_GPIO_WritePin)
    HAL_GetTick                              0x080019e5   Thumb Code     6  stm32f3xx_hal.o(i.HAL_GetTick)
    HAL_IncTick                              0x080019f1   Thumb Code    12  stm32f3xx_hal.o(i.HAL_IncTick)
    HAL_Init                                 0x08001a01   Thumb Code    32  stm32f3xx_hal.o(i.HAL_Init)
    HAL_InitTick                             0x08001a25   Thumb Code    54  stm32f3xx_hal.o(i.HAL_InitTick)
    HAL_MspInit                              0x08001a65   Thumb Code    38  stm32f3xx_hal_msp.o(i.HAL_MspInit)
    HAL_NVIC_EnableIRQ                       0x08001a91   Thumb Code    26  stm32f3xx_hal_cortex.o(i.HAL_NVIC_EnableIRQ)
    HAL_NVIC_SetPriority                     0x08001aad   Thumb Code    60  stm32f3xx_hal_cortex.o(i.HAL_NVIC_SetPriority)
    HAL_NVIC_SetPriorityGrouping             0x08001aed   Thumb Code    26  stm32f3xx_hal_cortex.o(i.HAL_NVIC_SetPriorityGrouping)
    HAL_PCDEx_PMAConfig                      0x08001b11   Thumb Code    60  stm32f3xx_hal_pcd_ex.o(i.HAL_PCDEx_PMAConfig)
    HAL_PCDEx_SetConnectionState             0x08001b4d   Thumb Code     2  usbd_conf.o(i.HAL_PCDEx_SetConnectionState)
    HAL_PCD_DataInStageCallback              0x08001b4f   Thumb Code    18  usbd_conf.o(i.HAL_PCD_DataInStageCallback)
    HAL_PCD_DataOutStageCallback             0x08001b61   Thumb Code    20  usbd_conf.o(i.HAL_PCD_DataOutStageCallback)
    HAL_PCD_EP_Close                         0x08001b75   Thumb Code    76  stm32f3xx_hal_pcd.o(i.HAL_PCD_EP_Close)
    HAL_PCD_EP_ClrStall                      0x08001bc1   Thumb Code    92  stm32f3xx_hal_pcd.o(i.HAL_PCD_EP_ClrStall)
    HAL_PCD_EP_GetRxCount                    0x08001f23   Thumb Code    18  stm32f3xx_hal_pcd.o(i.HAL_PCD_EP_GetRxCount)
    HAL_PCD_EP_Open                          0x08001f35   Thumb Code    96  stm32f3xx_hal_pcd.o(i.HAL_PCD_EP_Open)
    HAL_PCD_EP_Receive                       0x08001f95   Thumb Code    50  stm32f3xx_hal_pcd.o(i.HAL_PCD_EP_Receive)
    HAL_PCD_EP_SetStall                      0x08001fc7   Thumb Code    96  stm32f3xx_hal_pcd.o(i.HAL_PCD_EP_SetStall)
    HAL_PCD_EP_Transmit                      0x08002027   Thumb Code    52  stm32f3xx_hal_pcd.o(i.HAL_PCD_EP_Transmit)
    HAL_PCD_IRQHandler                       0x0800205b   Thumb Code   256  stm32f3xx_hal_pcd.o(i.HAL_PCD_IRQHandler)
    HAL_PCD_Init                             0x0800215b   Thumb Code   166  stm32f3xx_hal_pcd.o(i.HAL_PCD_Init)
    HAL_PCD_MspInit                          0x08002201   Thumb Code   108  usbd_conf.o(i.HAL_PCD_MspInit)
    HAL_PCD_ResetCallback                    0x08002275   Thumb Code    38  usbd_conf.o(i.HAL_PCD_ResetCallback)
    HAL_PCD_ResumeCallback                   0x0800229b   Thumb Code     8  usbd_conf.o(i.HAL_PCD_ResumeCallback)
    HAL_PCD_SOFCallback                      0x080022a3   Thumb Code     8  usbd_conf.o(i.HAL_PCD_SOFCallback)
    HAL_PCD_SetAddress                       0x080022ab   Thumb Code    40  stm32f3xx_hal_pcd.o(i.HAL_PCD_SetAddress)
    HAL_PCD_SetupStageCallback               0x080022d3   Thumb Code    14  usbd_conf.o(i.HAL_PCD_SetupStageCallback)
    HAL_PCD_Start                            0x080022e1   Thumb Code    50  stm32f3xx_hal_pcd.o(i.HAL_PCD_Start)
    HAL_PCD_SuspendCallback                  0x08002315   Thumb Code    30  usbd_conf.o(i.HAL_PCD_SuspendCallback)
    HAL_RCCEx_PeriphCLKConfig                0x08002339   Thumb Code   522  stm32f3xx_hal_rcc_ex.o(i.HAL_RCCEx_PeriphCLKConfig)
    HAL_RCC_ClockConfig                      0x08002551   Thumb Code   308  stm32f3xx_hal_rcc.o(i.HAL_RCC_ClockConfig)
    HAL_RCC_GetSysClockFreq                  0x08002699   Thumb Code    92  stm32f3xx_hal_rcc.o(i.HAL_RCC_GetSysClockFreq)
    HAL_RCC_OscConfig                        0x08002705   Thumb Code  1480  stm32f3xx_hal_rcc.o(i.HAL_RCC_OscConfig)
    HAL_SYSTICK_Config                       0x08002ccd   Thumb Code    40  stm32f3xx_hal_cortex.o(i.HAL_SYSTICK_Config)
    HAL_TIMEx_ConfigBreakDeadTime            0x08002cf5   Thumb Code   132  stm32f3xx_hal_tim_ex.o(i.HAL_TIMEx_ConfigBreakDeadTime)
    HAL_TIMEx_MasterConfigSynchronization    0x08002d81   Thumb Code   124  stm32f3xx_hal_tim_ex.o(i.HAL_TIMEx_MasterConfigSynchronization)
    HAL_TIM_MspPostInit                      0x08002e11   Thumb Code   218  stm32f3xx_hal_msp.o(i.HAL_TIM_MspPostInit)
    HAL_TIM_PWM_ConfigChannel                0x08002f05   Thumb Code   286  stm32f3xx_hal_tim.o(i.HAL_TIM_PWM_ConfigChannel)
    HAL_TIM_PWM_Init                         0x08003023   Thumb Code    98  stm32f3xx_hal_tim.o(i.HAL_TIM_PWM_Init)
    HAL_TIM_PWM_MspInit                      0x08003085   Thumb Code   118  stm32f3xx_hal_msp.o(i.HAL_TIM_PWM_MspInit)
    HAL_TIM_PWM_Start_IT                     0x08003111   Thumb Code   258  stm32f3xx_hal_tim.o(i.HAL_TIM_PWM_Start_IT)
    HAL_TIM_PWM_Stop_IT                      0x08003235   Thumb Code   204  stm32f3xx_hal_tim.o(i.HAL_TIM_PWM_Stop_IT)
    HardFault_Handler                        0x08003315   Thumb Code     2  stm32f3xx_it.o(i.HardFault_Handler)
    MX_USB_DEVICE_Init                       0x08003899   Thumb Code    66  usb_device.o(i.MX_USB_DEVICE_Init)
    MemManage_Handler                        0x080038ed   Thumb Code     2  stm32f3xx_it.o(i.MemManage_Handler)
    NMI_Handler                              0x080038ef   Thumb Code     2  stm32f3xx_it.o(i.NMI_Handler)
    PendSV_Handler                           0x08003bed   Thumb Code     2  stm32f3xx_it.o(i.PendSV_Handler)
    SVC_Handler                              0x08003bef   Thumb Code     2  stm32f3xx_it.o(i.SVC_Handler)
    SysTick_Handler                          0x08003bf1   Thumb Code     4  stm32f3xx_it.o(i.SysTick_Handler)
    SystemClock_Config                       0x08003bf5   Thumb Code   134  main.o(i.SystemClock_Config)
    SystemInit                               0x08003c81   Thumb Code    12  system_stm32f3xx.o(i.SystemInit)
    TIMS_ROTATE_RESET                        0x08003c91   Thumb Code    88  main.o(i.TIMS_ROTATE_RESET)
    TIM_Base_SetConfig                       0x08003cfd   Thumb Code   146  stm32f3xx_hal_tim.o(i.TIM_Base_SetConfig)
    TIM_CCxChannelCmd                        0x08003dad   Thumb Code    26  stm32f3xx_hal_tim.o(i.TIM_CCxChannelCmd)
    TIM_OC2_SetConfig                        0x08003e65   Thumb Code   120  stm32f3xx_hal_tim.o(i.TIM_OC2_SetConfig)
    USBD_CDC_GetDeviceQualifierDescriptor    0x080041b5   Thumb Code     8  usbd_cdc.o(i.USBD_CDC_GetDeviceQualifierDescriptor)
    USBD_CDC_ReceivePacket                   0x08004279   Thumb Code    40  usbd_cdc.o(i.USBD_CDC_ReceivePacket)
    USBD_CDC_RegisterInterface               0x080042a1   Thumb Code    16  usbd_cdc.o(i.USBD_CDC_RegisterInterface)
    USBD_CDC_SetRxBuffer                     0x080042b1   Thumb Code    12  usbd_cdc.o(i.USBD_CDC_SetRxBuffer)
    USBD_CDC_SetTxBuffer                     0x080042bd   Thumb Code    16  usbd_cdc.o(i.USBD_CDC_SetTxBuffer)
    USBD_CDC_TransmitPacket                  0x08004379   Thumb Code    54  usbd_cdc.o(i.USBD_CDC_TransmitPacket)
    USBD_ClrClassConfig                      0x080043af   Thumb Code    14  usbd_core.o(i.USBD_ClrClassConfig)
    USBD_CtlContinueRx                       0x080043bd   Thumb Code    16  usbd_ioreq.o(i.USBD_CtlContinueRx)
    USBD_CtlContinueSendData                 0x080043cd   Thumb Code    16  usbd_ioreq.o(i.USBD_CtlContinueSendData)
    USBD_CtlError                            0x080043dd   Thumb Code    22  usbd_ctlreq.o(i.USBD_CtlError)
    USBD_CtlPrepareRx                        0x080043f3   Thumb Code    30  usbd_ioreq.o(i.USBD_CtlPrepareRx)
    USBD_CtlReceiveStatus                    0x08004411   Thumb Code    22  usbd_ioreq.o(i.USBD_CtlReceiveStatus)
    USBD_CtlSendData                         0x08004427   Thumb Code    26  usbd_ioreq.o(i.USBD_CtlSendData)
    USBD_CtlSendStatus                       0x08004441   Thumb Code    22  usbd_ioreq.o(i.USBD_CtlSendStatus)
    USBD_FS_ConfigStrDescriptor              0x08004459   Thumb Code    16  usbd_desc.o(i.USBD_FS_ConfigStrDescriptor)
    USBD_FS_DeviceDescriptor                 0x08004479   Thumb Code     8  usbd_desc.o(i.USBD_FS_DeviceDescriptor)
    USBD_FS_InterfaceStrDescriptor           0x08004485   Thumb Code    16  usbd_desc.o(i.USBD_FS_InterfaceStrDescriptor)
    USBD_FS_LangIDStrDescriptor              0x080044a9   Thumb Code     8  usbd_desc.o(i.USBD_FS_LangIDStrDescriptor)
    USBD_FS_ManufacturerStrDescriptor        0x080044b5   Thumb Code    16  usbd_desc.o(i.USBD_FS_ManufacturerStrDescriptor)
    USBD_FS_ProductStrDescriptor             0x080044dd   Thumb Code    16  usbd_desc.o(i.USBD_FS_ProductStrDescriptor)
    USBD_FS_SerialStrDescriptor              0x08004509   Thumb Code    48  usbd_desc.o(i.USBD_FS_SerialStrDescriptor)
    USBD_GetString                           0x08004629   Thumb Code    72  usbd_ctlreq.o(i.USBD_GetString)
    USBD_Init                                0x08004689   Thumb Code    42  usbd_core.o(i.USBD_Init)
    USBD_LL_ClearStallEP                     0x080046b3   Thumb Code    18  usbd_conf.o(i.USBD_LL_ClearStallEP)
    USBD_LL_CloseEP                          0x080046c5   Thumb Code    18  usbd_conf.o(i.USBD_LL_CloseEP)
    USBD_LL_DataInStage                      0x080046d7   Thumb Code   198  usbd_core.o(i.USBD_LL_DataInStage)
    USBD_LL_DataOutStage                     0x0800479d   Thumb Code   130  usbd_core.o(i.USBD_LL_DataOutStage)
    USBD_LL_GetRxDataSize                    0x0800481f   Thumb Code     8  usbd_conf.o(i.USBD_LL_GetRxDataSize)
    USBD_LL_Init                             0x08004829   Thumb Code   118  usbd_conf.o(i.USBD_LL_Init)
    USBD_LL_IsStallEP                        0x080048a9   Thumb Code    32  usbd_conf.o(i.USBD_LL_IsStallEP)
    USBD_LL_OpenEP                           0x080048c9   Thumb Code    24  usbd_conf.o(i.USBD_LL_OpenEP)
    USBD_LL_PrepareReceive                   0x080048e1   Thumb Code    18  usbd_conf.o(i.USBD_LL_PrepareReceive)
    USBD_LL_Reset                            0x080048f3   Thumb Code    80  usbd_core.o(i.USBD_LL_Reset)
    USBD_LL_Resume                           0x08004943   Thumb Code    20  usbd_core.o(i.USBD_LL_Resume)
    USBD_LL_SOF                              0x08004957   Thumb Code    24  usbd_core.o(i.USBD_LL_SOF)
    USBD_LL_SetSpeed                         0x0800496f   Thumb Code     6  usbd_core.o(i.USBD_LL_SetSpeed)
    USBD_LL_SetUSBAddress                    0x08004975   Thumb Code    18  usbd_conf.o(i.USBD_LL_SetUSBAddress)
    USBD_LL_SetupStage                       0x08004987   Thumb Code    90  usbd_core.o(i.USBD_LL_SetupStage)
    USBD_LL_StallEP                          0x080049e1   Thumb Code    18  usbd_conf.o(i.USBD_LL_StallEP)
    USBD_LL_Start                            0x080049f3   Thumb Code    18  usbd_conf.o(i.USBD_LL_Start)
    USBD_LL_Suspend                          0x08004a05   Thumb Code    18  usbd_core.o(i.USBD_LL_Suspend)
    USBD_LL_Transmit                         0x08004a17   Thumb Code    18  usbd_conf.o(i.USBD_LL_Transmit)
    USBD_ParseSetupRequest                   0x08004a29   Thumb Code    40  usbd_ctlreq.o(i.USBD_ParseSetupRequest)
    USBD_RegisterClass                       0x08004a51   Thumb Code    16  usbd_core.o(i.USBD_RegisterClass)
    USBD_SetClassConfig                      0x08004a61   Thumb Code    22  usbd_core.o(i.USBD_SetClassConfig)
    USBD_Start                               0x08004afd   Thumb Code    10  usbd_core.o(i.USBD_Start)
    USBD_StdDevReq                           0x08004b07   Thumb Code   274  usbd_ctlreq.o(i.USBD_StdDevReq)
    USBD_StdEPReq                            0x08004c19   Thumb Code   336  usbd_ctlreq.o(i.USBD_StdEPReq)
    USBD_StdItfReq                           0x08004d69   Thumb Code    78  usbd_ctlreq.o(i.USBD_StdItfReq)
    USBD_static_free                         0x08004db7   Thumb Code     2  usbd_conf.o(i.USBD_static_free)
    USBD_static_malloc                       0x08004db9   Thumb Code     4  usbd_conf.o(i.USBD_static_malloc)
    USB_ActivateEndpoint                     0x08004dc1   Thumb Code   600  stm32f3xx_ll_usb.o(i.USB_ActivateEndpoint)
    USB_DeactivateEndpoint                   0x08005019   Thumb Code   270  stm32f3xx_ll_usb.o(i.USB_DeactivateEndpoint)
    USB_DevConnect                           0x08005127   Thumb Code     4  stm32f3xx_ll_usb.o(i.USB_DevConnect)
    USB_DevInit                              0x0800512b   Thumb Code    18  stm32f3xx_ll_usb.o(i.USB_DevInit)
    USB_DisableGlobalInt                     0x0800513d   Thumb Code    14  stm32f3xx_ll_usb.o(i.USB_DisableGlobalInt)
    USB_EPClearStall                         0x0800514b   Thumb Code   120  stm32f3xx_ll_usb.o(i.USB_EPClearStall)
    USB_EPSetStall                           0x080051c3   Thumb Code    50  stm32f3xx_ll_usb.o(i.USB_EPSetStall)
    USB_EPStartXfer                          0x080051f5   Thumb Code  1230  stm32f3xx_ll_usb.o(i.USB_EPStartXfer)
    USB_EnableGlobalInt                      0x080056c3   Thumb Code    18  stm32f3xx_ll_usb.o(i.USB_EnableGlobalInt)
    USB_LP_CAN_RX0_IRQHandler                0x080056d5   Thumb Code     6  stm32f3xx_it.o(i.USB_LP_CAN_RX0_IRQHandler)
    USB_ReadInterrupts                       0x080056e1   Thumb Code     6  stm32f3xx_ll_usb.o(i.USB_ReadInterrupts)
    USB_ReadPMA                              0x080056e9   Thumb Code    44  stm32f3xx_ll_usb.o(i.USB_ReadPMA)
    USB_SetDevAddress                        0x08005715   Thumb Code    12  stm32f3xx_ll_usb.o(i.USB_SetDevAddress)
    USB_WritePMA                             0x08005721   Thumb Code    38  stm32f3xx_ll_usb.o(i.USB_WritePMA)
    UsageFault_Handler                       0x08005747   Thumb Code     2  stm32f3xx_it.o(i.UsageFault_Handler)
    __0sprintf                               0x08005749   Thumb Code    34  printfa.o(i.__0sprintf)
    __1sprintf                               0x08005749   Thumb Code     0  printfa.o(i.__0sprintf)
    __2sprintf                               0x08005749   Thumb Code     0  printfa.o(i.__0sprintf)
    __c89sprintf                             0x08005749   Thumb Code     0  printfa.o(i.__0sprintf)
    sprintf                                  0x08005749   Thumb Code     0  printfa.o(i.__0sprintf)
    __scatterload_copy                       0x08005791   Thumb Code    14  handlers.o(i.__scatterload_copy)
    __scatterload_null                       0x0800579f   Thumb Code     2  handlers.o(i.__scatterload_null)
    __scatterload_zeroinit                   0x080057a1   Thumb Code    14  handlers.o(i.__scatterload_zeroinit)
    main                                     0x08006045   Thumb Code  1256  main.o(i.main)
    aPLLMULFactorTable                       0x0800652c   Data          16  stm32f3xx_hal_rcc.o(.constdata)
    aPredivFactorTable                       0x0800653c   Data          16  stm32f3xx_hal_rcc.o(.constdata)
    AHBPrescTable                            0x0800654c   Data          16  system_stm32f3xx.o(.constdata)
    Region$$Table$$Base                      0x0800655c   Number         0  anon$$obj.o(Region$$Table)
    Region$$Table$$Limit                     0x0800657c   Number         0  anon$$obj.o(Region$$Table)
    flag1                                    0x20000000   Data           1  main.o(.data)
    flag2                                    0x20000001   Data           1  main.o(.data)
    flag3                                    0x20000002   Data           1  main.o(.data)
    FS_Desc                                  0x20000008   Data          28  usbd_desc.o(.data)
    USBD_LangIDDesc                          0x20000024   Data           4  usbd_desc.o(.data)
    USBD_FS_DeviceDesc                       0x20000028   Data          18  usbd_desc.o(.data)
    USBD_StringSerial                        0x2000003c   Data          26  usbd_desc.o(.data)
    USBD_Interface_fops_FS                   0x20000058   Data          16  usbd_cdc_if.o(.data)
    uwTickFreq                               0x20000068   Data           1  stm32f3xx_hal.o(.data)
    uwTickPrio                               0x2000006c   Data           4  stm32f3xx_hal.o(.data)
    uwTick                                   0x20000070   Data           4  stm32f3xx_hal.o(.data)
    SystemCoreClock                          0x20000074   Data           4  system_stm32f3xx.o(.data)
    USBD_CDC_CfgHSDesc                       0x20000088   Data          67  usbd_cdc.o(.data)
    USBD_CDC_CfgFSDesc                       0x200000cc   Data          67  usbd_cdc.o(.data)
    USBD_CDC_OtherSpeedCfgDesc               0x20000110   Data          67  usbd_cdc.o(.data)
    USBD_CDC                                 0x20000154   Data          56  usbd_cdc.o(.data)
    trans_str                                0x2000018c   Data          64  main.o(.bss)
    str_rx                                   0x200001cc   Data          64  main.o(.bss)
    hadc1                                    0x2000020c   Data          80  main.o(.bss)
    hadc2                                    0x2000025c   Data          80  main.o(.bss)
    hadc3                                    0x200002ac   Data          80  main.o(.bss)
    htim1                                    0x200002fc   Data          76  main.o(.bss)
    htim2                                    0x20000348   Data          76  main.o(.bss)
    htim3                                    0x20000394   Data          76  main.o(.bss)
    htim4                                    0x200003e0   Data          76  main.o(.bss)
    htim8                                    0x2000042c   Data          76  main.o(.bss)
    hdma_adc1                                0x20000478   Data          68  main.o(.bss)
    hdma_adc2                                0x200004bc   Data          68  main.o(.bss)
    hdma_adc3                                0x20000500   Data          68  main.o(.bss)
    hUsbDeviceFS                             0x20000544   Data         708  usb_device.o(.bss)
    USBD_StrDesc                             0x20000808   Data         256  usbd_desc.o(.bss)
    UserRxBufferFS                           0x20000908   Data        1000  usbd_cdc_if.o(.bss)
    UserTxBufferFS                           0x20000cf0   Data        1000  usbd_cdc_if.o(.bss)
    hpcd_USB_FS                              0x200011f8   Data         748  usbd_conf.o(.bss)
    __initial_sp                             0x200018e8   Data           0  startup_stm32f303xc.o(STACK)



==============================================================================

Memory Map of the image

  Image Entry point : 0x08000189

  Load Region LR_IROM1 (Base: 0x08000000, Size: 0x00006708, Max: 0x00040000, ABSOLUTE, COMPRESSED[0x0000663c])

    Execution Region ER_IROM1 (Exec base: 0x08000000, Load base: 0x08000000, Size: 0x0000657c, Max: 0x00040000, ABSOLUTE)

    Exec Addr    Load Addr    Size         Type   Attr      Idx    E Section Name        Object

    0x08000000   0x08000000   0x00000188   Data   RO            3    RESET               startup_stm32f303xc.o
    0x08000188   0x08000188   0x00000000   Code   RO         4563  * .ARM.Collect$$$$00000000  mc_w.l(entry.o)
    0x08000188   0x08000188   0x00000004   Code   RO         4847    .ARM.Collect$$$$00000001  mc_w.l(entry2.o)
    0x0800018c   0x0800018c   0x00000004   Code   RO         4850    .ARM.Collect$$$$00000004  mc_w.l(entry5.o)
    0x08000190   0x08000190   0x00000000   Code   RO         4852    .ARM.Collect$$$$00000008  mc_w.l(entry7b.o)
    0x08000190   0x08000190   0x00000000   Code   RO         4854    .ARM.Collect$$$$0000000A  mc_w.l(entry8b.o)
    0x08000190   0x08000190   0x00000008   Code   RO         4855    .ARM.Collect$$$$0000000B  mc_w.l(entry9a.o)
    0x08000198   0x08000198   0x00000004   Code   RO         4862    .ARM.Collect$$$$0000000E  mc_w.l(entry12b.o)
    0x0800019c   0x0800019c   0x00000000   Code   RO         4857    .ARM.Collect$$$$0000000F  mc_w.l(entry10a.o)
    0x0800019c   0x0800019c   0x00000000   Code   RO         4859    .ARM.Collect$$$$00000011  mc_w.l(entry11a.o)
    0x0800019c   0x0800019c   0x00000004   Code   RO         4848    .ARM.Collect$$$$00002712  mc_w.l(entry2.o)
    0x080001a0   0x080001a0   0x00000024   Code   RO            4    .text               startup_stm32f303xc.o
    0x080001c4   0x080001c4   0x00000062   Code   RO         4566    .text               mc_w.l(uldiv.o)
    0x08000226   0x08000226   0x00000020   Code   RO         4568    .text               mc_w.l(llushr.o)
    0x08000246   0x08000246   0x00000024   Code   RO         4570    .text               mc_w.l(memcpya.o)
    0x0800026a   0x0800026a   0x00000024   Code   RO         4572    .text               mc_w.l(memseta.o)
    0x0800028e   0x0800028e   0x00000018   Code   RO         4574    .text               mc_w.l(strncpy.o)
    0x080002a6   0x080002a6   0x0000000e   Code   RO         4576    .text               mc_w.l(strlen.o)
    0x080002b4   0x080002b4   0x000000e4   Code   RO         4841    .text               mf_w.l(dmul.o)
    0x08000398   0x08000398   0x000000de   Code   RO         4843    .text               mf_w.l(ddiv.o)
    0x08000476   0x08000476   0x0000001a   Code   RO         4845    .text               mf_w.l(dfltui.o)
    0x08000490   0x08000490   0x0000002c   Code   RO         4866    .text               mc_w.l(uidiv.o)
    0x080004bc   0x080004bc   0x0000001e   Code   RO         4868    .text               mc_w.l(llshl.o)
    0x080004da   0x080004da   0x00000000   Code   RO         4870    .text               mc_w.l(iusefp.o)
    0x080004da   0x080004da   0x000000ba   Code   RO         4871    .text               mf_w.l(depilogue.o)
    0x08000594   0x08000594   0x0000014e   Code   RO         4873    .text               mf_w.l(dadd.o)
    0x080006e2   0x080006e2   0x00000030   Code   RO         4875    .text               mf_w.l(dfixul.o)
    0x08000712   0x08000712   0x00000002   PAD
    0x08000714   0x08000714   0x00000030   Code   RO         4877    .text               mf_w.l(cdrcmple.o)
    0x08000744   0x08000744   0x00000024   Code   RO         4879    .text               mc_w.l(init.o)
    0x08000768   0x08000768   0x00000024   Code   RO         4882    .text               mc_w.l(llsshr.o)
    0x0800078c   0x0800078c   0x00000056   Code   RO         4893    .text               mc_w.l(__dczerorl2.o)
    0x080007e2   0x080007e2   0x00000002   PAD
    0x080007e4   0x080007e4   0x000000bc   Code   RO         2900    i.ADC_ConversionStop  stm32f3xx_hal_adc_ex.o
    0x080008a0   0x080008a0   0x00000044   Code   RO         2901    i.ADC_DMAConvCplt   stm32f3xx_hal_adc_ex.o
    0x080008e4   0x080008e4   0x00000016   Code   RO         2902    i.ADC_DMAError      stm32f3xx_hal_adc_ex.o
    0x080008fa   0x080008fa   0x00000006   Code   RO         2903    i.ADC_DMAHalfConvCplt  stm32f3xx_hal_adc_ex.o
    0x08000900   0x08000900   0x00000062   Code   RO         2904    i.ADC_Disable       stm32f3xx_hal_adc_ex.o
    0x08000962   0x08000962   0x00000002   PAD
    0x08000964   0x08000964   0x00000060   Code   RO         2905    i.ADC_Enable        stm32f3xx_hal_adc_ex.o
    0x080009c4   0x080009c4   0x00000002   Code   RO          271    i.BusFault_Handler  stm32f3xx_it.o
    0x080009c6   0x080009c6   0x00000004   Code   RO          545    i.CDC_Control_FS    usbd_cdc_if.o
    0x080009ca   0x080009ca   0x00000004   Code   RO          546    i.CDC_DeInit_FS     usbd_cdc_if.o
    0x080009ce   0x080009ce   0x00000002   PAD
    0x080009d0   0x080009d0   0x00000024   Code   RO          547    i.CDC_Init_FS       usbd_cdc_if.o
    0x080009f4   0x080009f4   0x00000028   Code   RO          548    i.CDC_Receive_FS    usbd_cdc_if.o
    0x08000a1c   0x08000a1c   0x0000002c   Code   RO          549    i.CDC_Transmit_FS   usbd_cdc_if.o
    0x08000a48   0x08000a48   0x0000000c   Code   RO          272    i.DMA1_Channel1_IRQHandler  stm32f3xx_it.o
    0x08000a54   0x08000a54   0x0000000c   Code   RO          273    i.DMA2_Channel1_IRQHandler  stm32f3xx_it.o
    0x08000a60   0x08000a60   0x0000000c   Code   RO          274    i.DMA2_Channel5_IRQHandler  stm32f3xx_it.o
    0x08000a6c   0x08000a6c   0x0000003c   Code   RO         1601    i.DMA_CalcBaseAndBitshift  stm32f3xx_hal_dma.o
    0x08000aa8   0x08000aa8   0x0000002a   Code   RO         1602    i.DMA_SetConfig     stm32f3xx_hal_dma.o
    0x08000ad2   0x08000ad2   0x00000002   Code   RO          275    i.DebugMon_Handler  stm32f3xx_it.o
    0x08000ad4   0x08000ad4   0x00000004   Code   RO           13    i.Error_Handler     main.o
    0x08000ad8   0x08000ad8   0x00000024   Code   RO           14    i.GPIO_PINS_RESET   main.o
    0x08000afc   0x08000afc   0x00000096   Code   RO         2908    i.HAL_ADCEx_Calibration_Start  stm32f3xx_hal_adc_ex.o
    0x08000b92   0x08000b92   0x00000002   PAD
    0x08000b94   0x08000b94   0x00000118   Code   RO         2920    i.HAL_ADCEx_MultiModeConfigChannel  stm32f3xx_hal_adc_ex.o
    0x08000cac   0x08000cac   0x00000394   Code   RO         2929    i.HAL_ADC_ConfigChannel  stm32f3xx_hal_adc_ex.o
    0x08001040   0x08001040   0x00000050   Code   RO           15    i.HAL_ADC_ConvCpltCallback  main.o
    0x08001090   0x08001090   0x00000002   Code   RO         2753    i.HAL_ADC_ConvHalfCpltCallback  stm32f3xx_hal_adc.o
    0x08001092   0x08001092   0x00000002   Code   RO         2755    i.HAL_ADC_ErrorCallback  stm32f3xx_hal_adc.o
    0x08001094   0x08001094   0x0000024c   Code   RO         2933    i.HAL_ADC_Init      stm32f3xx_hal_adc_ex.o
    0x080012e0   0x080012e0   0x0000016c   Code   RO          372    i.HAL_ADC_MspInit   stm32f3xx_hal_msp.o
    0x0800144c   0x0800144c   0x0000014c   Code   RO         2937    i.HAL_ADC_Start_DMA  stm32f3xx_hal_adc_ex.o
    0x08001598   0x08001598   0x0000003e   Code   RO         2939    i.HAL_ADC_Stop      stm32f3xx_hal_adc_ex.o
    0x080015d6   0x080015d6   0x0000007a   Code   RO         2940    i.HAL_ADC_Stop_DMA  stm32f3xx_hal_adc_ex.o
    0x08001650   0x08001650   0x00000046   Code   RO         1603    i.HAL_DMA_Abort     stm32f3xx_hal_dma.o
    0x08001696   0x08001696   0x000000a8   Code   RO         1608    i.HAL_DMA_IRQHandler  stm32f3xx_hal_dma.o
    0x0800173e   0x0800173e   0x0000004e   Code   RO         1609    i.HAL_DMA_Init      stm32f3xx_hal_dma.o
    0x0800178c   0x0800178c   0x00000070   Code   RO         1613    i.HAL_DMA_Start_IT  stm32f3xx_hal_dma.o
    0x080017fc   0x080017fc   0x00000024   Code   RO         1221    i.HAL_Delay         stm32f3xx_hal.o
    0x08001820   0x08001820   0x000001b8   Code   RO         1538    i.HAL_GPIO_Init     stm32f3xx_hal_gpio.o
    0x080019d8   0x080019d8   0x0000000a   Code   RO         1542    i.HAL_GPIO_WritePin  stm32f3xx_hal_gpio.o
    0x080019e2   0x080019e2   0x00000002   PAD
    0x080019e4   0x080019e4   0x0000000c   Code   RO         1225    i.HAL_GetTick       stm32f3xx_hal.o
    0x080019f0   0x080019f0   0x00000010   Code   RO         1231    i.HAL_IncTick       stm32f3xx_hal.o
    0x08001a00   0x08001a00   0x00000024   Code   RO         1232    i.HAL_Init          stm32f3xx_hal.o
    0x08001a24   0x08001a24   0x00000040   Code   RO         1233    i.HAL_InitTick      stm32f3xx_hal.o
    0x08001a64   0x08001a64   0x0000002c   Code   RO          373    i.HAL_MspInit       stm32f3xx_hal_msp.o
    0x08001a90   0x08001a90   0x0000001a   Code   RO         1706    i.HAL_NVIC_EnableIRQ  stm32f3xx_hal_cortex.o
    0x08001aaa   0x08001aaa   0x00000002   PAD
    0x08001aac   0x08001aac   0x00000040   Code   RO         1712    i.HAL_NVIC_SetPriority  stm32f3xx_hal_cortex.o
    0x08001aec   0x08001aec   0x00000024   Code   RO         1713    i.HAL_NVIC_SetPriorityGrouping  stm32f3xx_hal_cortex.o
    0x08001b10   0x08001b10   0x0000003c   Code   RO         1174    i.HAL_PCDEx_PMAConfig  stm32f3xx_hal_pcd_ex.o
    0x08001b4c   0x08001b4c   0x00000002   Code   RO          597    i.HAL_PCDEx_SetConnectionState  usbd_conf.o
    0x08001b4e   0x08001b4e   0x00000012   Code   RO          599    i.HAL_PCD_DataInStageCallback  usbd_conf.o
    0x08001b60   0x08001b60   0x00000014   Code   RO          600    i.HAL_PCD_DataOutStageCallback  usbd_conf.o
    0x08001b74   0x08001b74   0x0000004c   Code   RO          950    i.HAL_PCD_EP_Close  stm32f3xx_hal_pcd.o
    0x08001bc0   0x08001bc0   0x0000005c   Code   RO          951    i.HAL_PCD_EP_ClrStall  stm32f3xx_hal_pcd.o
    0x08001c1c   0x08001c1c   0x000000e6   Code   RO          952    i.HAL_PCD_EP_DB_Receive  stm32f3xx_hal_pcd.o
    0x08001d02   0x08001d02   0x00000220   Code   RO          953    i.HAL_PCD_EP_DB_Transmit  stm32f3xx_hal_pcd.o
    0x08001f22   0x08001f22   0x00000012   Code   RO          955    i.HAL_PCD_EP_GetRxCount  stm32f3xx_hal_pcd.o
    0x08001f34   0x08001f34   0x00000060   Code   RO          956    i.HAL_PCD_EP_Open   stm32f3xx_hal_pcd.o
    0x08001f94   0x08001f94   0x00000032   Code   RO          957    i.HAL_PCD_EP_Receive  stm32f3xx_hal_pcd.o
    0x08001fc6   0x08001fc6   0x00000060   Code   RO          958    i.HAL_PCD_EP_SetStall  stm32f3xx_hal_pcd.o
    0x08002026   0x08002026   0x00000034   Code   RO          959    i.HAL_PCD_EP_Transmit  stm32f3xx_hal_pcd.o
    0x0800205a   0x0800205a   0x00000100   Code   RO          961    i.HAL_PCD_IRQHandler  stm32f3xx_hal_pcd.o
    0x0800215a   0x0800215a   0x000000a6   Code   RO          964    i.HAL_PCD_Init      stm32f3xx_hal_pcd.o
    0x08002200   0x08002200   0x00000074   Code   RO          605    i.HAL_PCD_MspInit   usbd_conf.o
    0x08002274   0x08002274   0x00000026   Code   RO          606    i.HAL_PCD_ResetCallback  usbd_conf.o
    0x0800229a   0x0800229a   0x00000008   Code   RO          607    i.HAL_PCD_ResumeCallback  usbd_conf.o
    0x080022a2   0x080022a2   0x00000008   Code   RO          608    i.HAL_PCD_SOFCallback  usbd_conf.o
    0x080022aa   0x080022aa   0x00000028   Code   RO          970    i.HAL_PCD_SetAddress  stm32f3xx_hal_pcd.o
    0x080022d2   0x080022d2   0x0000000e   Code   RO          609    i.HAL_PCD_SetupStageCallback  usbd_conf.o
    0x080022e0   0x080022e0   0x00000032   Code   RO          972    i.HAL_PCD_Start     stm32f3xx_hal_pcd.o
    0x08002312   0x08002312   0x00000002   PAD
    0x08002314   0x08002314   0x00000024   Code   RO          610    i.HAL_PCD_SuspendCallback  usbd_conf.o
    0x08002338   0x08002338   0x00000218   Code   RO         1495    i.HAL_RCCEx_PeriphCLKConfig  stm32f3xx_hal_rcc_ex.o
    0x08002550   0x08002550   0x00000148   Code   RO         1389    i.HAL_RCC_ClockConfig  stm32f3xx_hal_rcc.o
    0x08002698   0x08002698   0x0000006c   Code   RO         1398    i.HAL_RCC_GetSysClockFreq  stm32f3xx_hal_rcc.o
    0x08002704   0x08002704   0x000005c8   Code   RO         1401    i.HAL_RCC_OscConfig  stm32f3xx_hal_rcc.o
    0x08002ccc   0x08002ccc   0x00000028   Code   RO         1717    i.HAL_SYSTICK_Config  stm32f3xx_hal_cortex.o
    0x08002cf4   0x08002cf4   0x0000008c   Code   RO         3884    i.HAL_TIMEx_ConfigBreakDeadTime  stm32f3xx_hal_tim_ex.o
    0x08002d80   0x08002d80   0x00000090   Code   RO         3901    i.HAL_TIMEx_MasterConfigSynchronization  stm32f3xx_hal_tim_ex.o
    0x08002e10   0x08002e10   0x000000f4   Code   RO          374    i.HAL_TIM_MspPostInit  stm32f3xx_hal_msp.o
    0x08002f04   0x08002f04   0x0000011e   Code   RO         3238    i.HAL_TIM_PWM_ConfigChannel  stm32f3xx_hal_tim.o
    0x08003022   0x08003022   0x00000062   Code   RO         3241    i.HAL_TIM_PWM_Init  stm32f3xx_hal_tim.o
    0x08003084   0x08003084   0x0000008c   Code   RO          376    i.HAL_TIM_PWM_MspInit  stm32f3xx_hal_msp.o
    0x08003110   0x08003110   0x00000124   Code   RO         3248    i.HAL_TIM_PWM_Start_IT  stm32f3xx_hal_tim.o
    0x08003234   0x08003234   0x000000e0   Code   RO         3251    i.HAL_TIM_PWM_Stop_IT  stm32f3xx_hal_tim.o
    0x08003314   0x08003314   0x00000002   Code   RO          276    i.HardFault_Handler  stm32f3xx_it.o
    0x08003316   0x08003316   0x00000002   PAD
    0x08003318   0x08003318   0x00000038   Code   RO          459    i.IntToUnicode      usbd_desc.o
    0x08003350   0x08003350   0x00000090   Code   RO           16    i.MX_ADC1_Init      main.o
    0x080033e0   0x080033e0   0x0000007c   Code   RO           17    i.MX_ADC2_Init      main.o
    0x0800345c   0x0800345c   0x00000094   Code   RO           18    i.MX_ADC3_Init      main.o
    0x080034f0   0x080034f0   0x0000005c   Code   RO           19    i.MX_DMA_Init       main.o
    0x0800354c   0x0800354c   0x00000094   Code   RO           20    i.MX_GPIO_Init      main.o
    0x080035e0   0x080035e0   0x000000ac   Code   RO           21    i.MX_TIM1_Init      main.o
    0x0800368c   0x0800368c   0x00000070   Code   RO           22    i.MX_TIM2_Init      main.o
    0x080036fc   0x080036fc   0x00000080   Code   RO           23    i.MX_TIM3_Init      main.o
    0x0800377c   0x0800377c   0x00000070   Code   RO           24    i.MX_TIM4_Init      main.o
    0x080037ec   0x080037ec   0x000000ac   Code   RO           25    i.MX_TIM8_Init      main.o
    0x08003898   0x08003898   0x00000054   Code   RO          428    i.MX_USB_DEVICE_Init  usb_device.o
    0x080038ec   0x080038ec   0x00000002   Code   RO          277    i.MemManage_Handler  stm32f3xx_it.o
    0x080038ee   0x080038ee   0x00000002   Code   RO          278    i.NMI_Handler       stm32f3xx_it.o
    0x080038f0   0x080038f0   0x000002fc   Code   RO          976    i.PCD_EP_ISR_Handler  stm32f3xx_hal_pcd.o
    0x08003bec   0x08003bec   0x00000002   Code   RO          279    i.PendSV_Handler    stm32f3xx_it.o
    0x08003bee   0x08003bee   0x00000002   Code   RO          280    i.SVC_Handler       stm32f3xx_it.o
    0x08003bf0   0x08003bf0   0x00000004   Code   RO          281    i.SysTick_Handler   stm32f3xx_it.o
    0x08003bf4   0x08003bf4   0x0000008c   Code   RO           26    i.SystemClock_Config  main.o
    0x08003c80   0x08003c80   0x00000010   Code   RO         4160    i.SystemInit        system_stm32f3xx.o
    0x08003c90   0x08003c90   0x0000006c   Code   RO           27    i.TIMS_ROTATE_RESET  main.o
    0x08003cfc   0x08003cfc   0x000000b0   Code   RO         3259    i.TIM_Base_SetConfig  stm32f3xx_hal_tim.o
    0x08003dac   0x08003dac   0x0000001a   Code   RO         3260    i.TIM_CCxChannelCmd  stm32f3xx_hal_tim.o
    0x08003dc6   0x08003dc6   0x00000002   PAD
    0x08003dc8   0x08003dc8   0x0000009c   Code   RO         3272    i.TIM_OC1_SetConfig  stm32f3xx_hal_tim.o
    0x08003e64   0x08003e64   0x00000090   Code   RO         3273    i.TIM_OC2_SetConfig  stm32f3xx_hal_tim.o
    0x08003ef4   0x08003ef4   0x00000090   Code   RO         3274    i.TIM_OC3_SetConfig  stm32f3xx_hal_tim.o
    0x08003f84   0x08003f84   0x00000074   Code   RO         3275    i.TIM_OC4_SetConfig  stm32f3xx_hal_tim.o
    0x08003ff8   0x08003ff8   0x00000070   Code   RO         3276    i.TIM_OC5_SetConfig  stm32f3xx_hal_tim.o
    0x08004068   0x08004068   0x00000070   Code   RO         3277    i.TIM_OC6_SetConfig  stm32f3xx_hal_tim.o
    0x080040d8   0x080040d8   0x00000046   Code   RO         4460    i.USBD_CDC_DataIn   usbd_cdc.o
    0x0800411e   0x0800411e   0x0000002e   Code   RO         4461    i.USBD_CDC_DataOut  usbd_cdc.o
    0x0800414c   0x0800414c   0x00000044   Code   RO         4462    i.USBD_CDC_DeInit   usbd_cdc.o
    0x08004190   0x08004190   0x00000024   Code   RO         4463    i.USBD_CDC_EP0_RxReady  usbd_cdc.o
    0x080041b4   0x080041b4   0x0000000c   Code   RO         4464    i.USBD_CDC_GetDeviceQualifierDescriptor  usbd_cdc.o
    0x080041c0   0x080041c0   0x0000000c   Code   RO         4465    i.USBD_CDC_GetFSCfgDesc  usbd_cdc.o
    0x080041cc   0x080041cc   0x0000000c   Code   RO         4466    i.USBD_CDC_GetHSCfgDesc  usbd_cdc.o
    0x080041d8   0x080041d8   0x0000000c   Code   RO         4467    i.USBD_CDC_GetOtherSpeedCfgDesc  usbd_cdc.o
    0x080041e4   0x080041e4   0x00000094   Code   RO         4468    i.USBD_CDC_Init     usbd_cdc.o
    0x08004278   0x08004278   0x00000028   Code   RO         4469    i.USBD_CDC_ReceivePacket  usbd_cdc.o
    0x080042a0   0x080042a0   0x00000010   Code   RO         4470    i.USBD_CDC_RegisterInterface  usbd_cdc.o
    0x080042b0   0x080042b0   0x0000000c   Code   RO         4471    i.USBD_CDC_SetRxBuffer  usbd_cdc.o
    0x080042bc   0x080042bc   0x00000010   Code   RO         4472    i.USBD_CDC_SetTxBuffer  usbd_cdc.o
    0x080042cc   0x080042cc   0x000000ac   Code   RO         4473    i.USBD_CDC_Setup    usbd_cdc.o
    0x08004378   0x08004378   0x00000036   Code   RO         4474    i.USBD_CDC_TransmitPacket  usbd_cdc.o
    0x080043ae   0x080043ae   0x0000000e   Code   RO         4197    i.USBD_ClrClassConfig  usbd_core.o
    0x080043bc   0x080043bc   0x00000010   Code   RO         4400    i.USBD_CtlContinueRx  usbd_ioreq.o
    0x080043cc   0x080043cc   0x00000010   Code   RO         4401    i.USBD_CtlContinueSendData  usbd_ioreq.o
    0x080043dc   0x080043dc   0x00000016   Code   RO         4335    i.USBD_CtlError     usbd_ctlreq.o
    0x080043f2   0x080043f2   0x0000001e   Code   RO         4402    i.USBD_CtlPrepareRx  usbd_ioreq.o
    0x08004410   0x08004410   0x00000016   Code   RO         4403    i.USBD_CtlReceiveStatus  usbd_ioreq.o
    0x08004426   0x08004426   0x0000001a   Code   RO         4404    i.USBD_CtlSendData  usbd_ioreq.o
    0x08004440   0x08004440   0x00000016   Code   RO         4405    i.USBD_CtlSendStatus  usbd_ioreq.o
    0x08004456   0x08004456   0x00000002   PAD
    0x08004458   0x08004458   0x00000020   Code   RO          460    i.USBD_FS_ConfigStrDescriptor  usbd_desc.o
    0x08004478   0x08004478   0x0000000c   Code   RO          461    i.USBD_FS_DeviceDescriptor  usbd_desc.o
    0x08004484   0x08004484   0x00000024   Code   RO          462    i.USBD_FS_InterfaceStrDescriptor  usbd_desc.o
    0x080044a8   0x080044a8   0x0000000c   Code   RO          463    i.USBD_FS_LangIDStrDescriptor  usbd_desc.o
    0x080044b4   0x080044b4   0x00000028   Code   RO          464    i.USBD_FS_ManufacturerStrDescriptor  usbd_desc.o
    0x080044dc   0x080044dc   0x0000002c   Code   RO          465    i.USBD_FS_ProductStrDescriptor  usbd_desc.o
    0x08004508   0x08004508   0x00000038   Code   RO          466    i.USBD_FS_SerialStrDescriptor  usbd_desc.o
    0x08004540   0x08004540   0x000000e8   Code   RO         4336    i.USBD_GetDescriptor  usbd_ctlreq.o
    0x08004628   0x08004628   0x00000048   Code   RO         4337    i.USBD_GetString    usbd_ctlreq.o
    0x08004670   0x08004670   0x00000018   Code   RO          611    i.USBD_Get_USB_Status  usbd_conf.o
    0x08004688   0x08004688   0x0000002a   Code   RO         4199    i.USBD_Init         usbd_core.o
    0x080046b2   0x080046b2   0x00000012   Code   RO          612    i.USBD_LL_ClearStallEP  usbd_conf.o
    0x080046c4   0x080046c4   0x00000012   Code   RO          613    i.USBD_LL_CloseEP   usbd_conf.o
    0x080046d6   0x080046d6   0x000000c6   Code   RO         4200    i.USBD_LL_DataInStage  usbd_core.o
    0x0800479c   0x0800479c   0x00000082   Code   RO         4201    i.USBD_LL_DataOutStage  usbd_core.o
    0x0800481e   0x0800481e   0x00000008   Code   RO          617    i.USBD_LL_GetRxDataSize  usbd_conf.o
    0x08004826   0x08004826   0x00000002   PAD
    0x08004828   0x08004828   0x00000080   Code   RO          618    i.USBD_LL_Init      usbd_conf.o
    0x080048a8   0x080048a8   0x00000020   Code   RO          619    i.USBD_LL_IsStallEP  usbd_conf.o
    0x080048c8   0x080048c8   0x00000018   Code   RO          620    i.USBD_LL_OpenEP    usbd_conf.o
    0x080048e0   0x080048e0   0x00000012   Code   RO          621    i.USBD_LL_PrepareReceive  usbd_conf.o
    0x080048f2   0x080048f2   0x00000050   Code   RO         4206    i.USBD_LL_Reset     usbd_core.o
    0x08004942   0x08004942   0x00000014   Code   RO         4207    i.USBD_LL_Resume    usbd_core.o
    0x08004956   0x08004956   0x00000018   Code   RO         4208    i.USBD_LL_SOF       usbd_core.o
    0x0800496e   0x0800496e   0x00000006   Code   RO         4209    i.USBD_LL_SetSpeed  usbd_core.o
    0x08004974   0x08004974   0x00000012   Code   RO          622    i.USBD_LL_SetUSBAddress  usbd_conf.o
    0x08004986   0x08004986   0x0000005a   Code   RO         4210    i.USBD_LL_SetupStage  usbd_core.o
    0x080049e0   0x080049e0   0x00000012   Code   RO          623    i.USBD_LL_StallEP   usbd_conf.o
    0x080049f2   0x080049f2   0x00000012   Code   RO          624    i.USBD_LL_Start     usbd_conf.o
    0x08004a04   0x08004a04   0x00000012   Code   RO         4211    i.USBD_LL_Suspend   usbd_core.o
    0x08004a16   0x08004a16   0x00000012   Code   RO          626    i.USBD_LL_Transmit  usbd_conf.o
    0x08004a28   0x08004a28   0x00000028   Code   RO         4338    i.USBD_ParseSetupRequest  usbd_ctlreq.o
    0x08004a50   0x08004a50   0x00000010   Code   RO         4212    i.USBD_RegisterClass  usbd_core.o
    0x08004a60   0x08004a60   0x00000016   Code   RO         4214    i.USBD_SetClassConfig  usbd_core.o
    0x08004a76   0x08004a76   0x00000002   PAD
    0x08004a78   0x08004a78   0x00000084   Code   RO         4339    i.USBD_SetConfig    usbd_ctlreq.o
    0x08004afc   0x08004afc   0x0000000a   Code   RO         4215    i.USBD_Start        usbd_core.o
    0x08004b06   0x08004b06   0x00000112   Code   RO         4340    i.USBD_StdDevReq    usbd_ctlreq.o
    0x08004c18   0x08004c18   0x00000150   Code   RO         4341    i.USBD_StdEPReq     usbd_ctlreq.o
    0x08004d68   0x08004d68   0x0000004e   Code   RO         4342    i.USBD_StdItfReq    usbd_ctlreq.o
    0x08004db6   0x08004db6   0x00000002   Code   RO          627    i.USBD_static_free  usbd_conf.o
    0x08004db8   0x08004db8   0x00000008   Code   RO          628    i.USBD_static_malloc  usbd_conf.o
    0x08004dc0   0x08004dc0   0x00000258   Code   RO          809    i.USB_ActivateEndpoint  stm32f3xx_ll_usb.o
    0x08005018   0x08005018   0x0000010e   Code   RO          813    i.USB_DeactivateEndpoint  stm32f3xx_ll_usb.o
    0x08005126   0x08005126   0x00000004   Code   RO          814    i.USB_DevConnect    stm32f3xx_ll_usb.o
    0x0800512a   0x0800512a   0x00000012   Code   RO          816    i.USB_DevInit       stm32f3xx_ll_usb.o
    0x0800513c   0x0800513c   0x0000000e   Code   RO          817    i.USB_DisableGlobalInt  stm32f3xx_ll_usb.o
    0x0800514a   0x0800514a   0x00000078   Code   RO          818    i.USB_EPClearStall  stm32f3xx_ll_usb.o
    0x080051c2   0x080051c2   0x00000032   Code   RO          819    i.USB_EPSetStall    stm32f3xx_ll_usb.o
    0x080051f4   0x080051f4   0x000004ce   Code   RO          820    i.USB_EPStartXfer   stm32f3xx_ll_usb.o
    0x080056c2   0x080056c2   0x00000012   Code   RO          821    i.USB_EnableGlobalInt  stm32f3xx_ll_usb.o
    0x080056d4   0x080056d4   0x0000000c   Code   RO          282    i.USB_LP_CAN_RX0_IRQHandler  stm32f3xx_it.o
    0x080056e0   0x080056e0   0x00000006   Code   RO          822    i.USB_ReadInterrupts  stm32f3xx_ll_usb.o
    0x080056e6   0x080056e6   0x00000002   PAD
    0x080056e8   0x080056e8   0x0000002c   Code   RO          823    i.USB_ReadPMA       stm32f3xx_ll_usb.o
    0x08005714   0x08005714   0x0000000c   Code   RO          825    i.USB_SetDevAddress  stm32f3xx_ll_usb.o
    0x08005720   0x08005720   0x00000026   Code   RO          827    i.USB_WritePMA      stm32f3xx_ll_usb.o
    0x08005746   0x08005746   0x00000002   Code   RO          283    i.UsageFault_Handler  stm32f3xx_it.o
    0x08005748   0x08005748   0x00000028   Code   RO         4815    i.__0sprintf        mc_w.l(printfa.o)
    0x08005770   0x08005770   0x00000020   Code   RO         1719    i.__NVIC_SetPriority  stm32f3xx_hal_cortex.o
    0x08005790   0x08005790   0x0000000e   Code   RO         4887    i.__scatterload_copy  mc_w.l(handlers.o)
    0x0800579e   0x0800579e   0x00000002   Code   RO         4888    i.__scatterload_null  mc_w.l(handlers.o)
    0x080057a0   0x080057a0   0x0000000e   Code   RO         4889    i.__scatterload_zeroinit  mc_w.l(handlers.o)
    0x080057ae   0x080057ae   0x00000002   PAD
    0x080057b0   0x080057b0   0x00000184   Code   RO         4820    i._fp_digits        mc_w.l(printfa.o)
    0x08005934   0x08005934   0x000006b4   Code   RO         4821    i._printf_core      mc_w.l(printfa.o)
    0x08005fe8   0x08005fe8   0x00000024   Code   RO         4822    i._printf_post_padding  mc_w.l(printfa.o)
    0x0800600c   0x0800600c   0x0000002e   Code   RO         4823    i._printf_pre_padding  mc_w.l(printfa.o)
    0x0800603a   0x0800603a   0x0000000a   Code   RO         4825    i._sputc            mc_w.l(printfa.o)
    0x08006044   0x08006044   0x000004e8   Code   RO           28    i.main              main.o
    0x0800652c   0x0800652c   0x00000020   Data   RO         1402    .constdata          stm32f3xx_hal_rcc.o
    0x0800654c   0x0800654c   0x00000010   Data   RO         4161    .constdata          system_stm32f3xx.o
    0x0800655c   0x0800655c   0x00000020   Data   RO         4885    Region$$Table       anon$$obj.o


    Execution Region RW_IRAM2 (Exec base: 0x10000000, Load base: 0x0800663c, Size: 0x00000000, Max: 0x00002000, ABSOLUTE)

    **** No section assigned to this execution region ****


    Execution Region RW_IRAM1 (Exec base: 0x20000000, Load base: 0x0800657c, Size: 0x000018e8, Max: 0x0000a000, ABSOLUTE, COMPRESSED[0x000000c0])

    Exec Addr    Load Addr    Size         Type   Attr      Idx    E Section Name        Object

    0x20000000   COMPRESSED   0x00000003   Data   RW           33    .data               main.o
    0x20000003   COMPRESSED   0x00000001   PAD
    0x20000004   COMPRESSED   0x00000004   Data   RW          377    .data               stm32f3xx_hal_msp.o
    0x20000008   COMPRESSED   0x0000001c   Data   RW          468    .data               usbd_desc.o
    0x20000024   COMPRESSED   0x00000032   Data   RW          469    .data               usbd_desc.o
    0x20000056   COMPRESSED   0x00000002   PAD
    0x20000058   COMPRESSED   0x00000010   Data   RW          551    .data               usbd_cdc_if.o
    0x20000068   COMPRESSED   0x0000000c   Data   RW         1239    .data               stm32f3xx_hal.o
    0x20000074   COMPRESSED   0x00000004   Data   RW         4163    .data               system_stm32f3xx.o
    0x20000078   COMPRESSED   0x00000001   Data   RW         4343    .data               usbd_ctlreq.o
    0x20000079   COMPRESSED   0x00000003   PAD
    0x2000007c   COMPRESSED   0x000000d7   Data   RW         4475    .data               usbd_cdc.o
    0x20000153   COMPRESSED   0x00000001   PAD
    0x20000154   COMPRESSED   0x00000038   Data   RW         4476    .data               usbd_cdc.o
    0x2000018c        -       0x000002ec   Zero   RW           29    .bss                main.o
    0x20000478        -       0x00000044   Zero   RW           30    .bss                main.o
    0x200004bc        -       0x00000044   Zero   RW           31    .bss                main.o
    0x20000500        -       0x00000044   Zero   RW           32    .bss                main.o
    0x20000544        -       0x000002c4   Zero   RW          429    .bss                usb_device.o
    0x20000808        -       0x00000100   Zero   RW          467    .bss                usbd_desc.o
    0x20000908        -       0x000007d0   Zero   RW          550    .bss                usbd_cdc_if.o
    0x200010d8        -       0x0000040c   Zero   RW          629    .bss                usbd_conf.o
    0x200014e4   COMPRESSED   0x00000004   PAD
    0x200014e8        -       0x00000400   Zero   RW            1    STACK               startup_stm32f303xc.o


==============================================================================

Image component sizes


      Code (inc. data)   RO Data    RW Data    ZI Data      Debug   Object Name

      2976        252          0          3        952     635445   main.o
        36          8        392          0       1024        848   startup_stm32f303xc.o
       164         28          0         12          0      13521   stm32f3xx_hal.o
         4          0          0          0          0       1519   stm32f3xx_hal_adc.o
      2928        128          0          0          0      12802   stm32f3xx_hal_adc_ex.o
       198         14          0          0          0      34019   stm32f3xx_hal_cortex.o
       530         12          0          0          0       5011   stm32f3xx_hal_dma.o
       450         28          0          0          0       2472   stm32f3xx_hal_gpio.o
       792         96          0          4          0       4048   stm32f3xx_hal_msp.o
      2530          0          0          0          0      13601   stm32f3xx_hal_pcd.o
        60          0          0          0          0       1214   stm32f3xx_hal_pcd_ex.o
      1916         48         32          0          0       4682   stm32f3xx_hal_rcc.o
       536         14          0          0          0       1608   stm32f3xx_hal_rcc_ex.o
      1886        232          0          0          0      11039   stm32f3xx_hal_tim.o
       284         28          0          0          0       2312   stm32f3xx_hal_tim_ex.o
        68         24          0          0          0       6255   stm32f3xx_it.o
      2424          0          0          0          0      14452   stm32f3xx_ll_usb.o
        16          4         16          4          0       1163   system_stm32f3xx.o
        84         18          0          0        708        836   usb_device.o
       726         16          0        271          0      13698   usbd_cdc.o
       128         26          0         16       2000       3559   usbd_cdc_if.o
       612         28          0          0       1036      15337   usbd_conf.o
       670          0          0          0          0      10043   usbd_core.o
      1186         28          0          1          0       8272   usbd_ctlreq.o
       288        104          0         78        256       6277   usbd_desc.o
       132          0          0          0          0       4592   usbd_ioreq.o

    ----------------------------------------------------------------------
     21648       1136        472        396       5980     828625   Object Totals
         0          0         32          0          0          0   (incl. Generated)
        24          0          0          7          4          0   (incl. Padding)

    ----------------------------------------------------------------------

      Code (inc. data)   RO Data    RW Data    ZI Data      Debug   Library Member Name

        86          0          0          0          0          0   __dczerorl2.o
         0          0          0          0          0          0   entry.o
         0          0          0          0          0          0   entry10a.o
         0          0          0          0          0          0   entry11a.o
         4          0          0          0          0          0   entry12b.o
         8          4          0          0          0          0   entry2.o
         4          0          0          0          0          0   entry5.o
         0          0          0          0          0          0   entry7b.o
         0          0          0          0          0          0   entry8b.o
         8          4          0          0          0          0   entry9a.o
        30          0          0          0          0          0   handlers.o
        36          8          0          0          0         68   init.o
         0          0          0          0          0          0   iusefp.o
        30          0          0          0          0         68   llshl.o
        36          0          0          0          0         68   llsshr.o
        32          0          0          0          0         68   llushr.o
        36          0          0          0          0         68   memcpya.o
        36          0          0          0          0        108   memseta.o
      2236         86          0          0          0        532   printfa.o
        14          0          0          0          0         68   strlen.o
        24          0          0          0          0         76   strncpy.o
        44          0          0          0          0         80   uidiv.o
        98          0          0          0          0         92   uldiv.o
        48          0          0          0          0         68   cdrcmple.o
       334          0          0          0          0        148   dadd.o
       222          0          0          0          0        100   ddiv.o
       186          0          0          0          0        176   depilogue.o
        48          0          0          0          0         68   dfixul.o
        26          0          0          0          0         76   dfltui.o
       228          0          0          0          0         96   dmul.o

    ----------------------------------------------------------------------
      3860        102          0          0          0       2028   Library Totals
         6          0          0          0          0          0   (incl. Padding)

    ----------------------------------------------------------------------

      Code (inc. data)   RO Data    RW Data    ZI Data      Debug   Library Name

      2762        102          0          0          0       1296   mc_w.l
      1092          0          0          0          0        732   mf_w.l

    ----------------------------------------------------------------------
      3860        102          0          0          0       2028   Library Totals

    ----------------------------------------------------------------------

==============================================================================


      Code (inc. data)   RO Data    RW Data    ZI Data      Debug   

     25508       1238        472        396       5980     811497   Grand Totals
     25508       1238        472        192       5980     811497   ELF Image Totals (compressed)
     25508       1238        472        192          0          0   ROM Totals

==============================================================================

    Total RO  Size (Code + RO Data)                25980 (  25.37kB)
    Total RW  Size (RW Data + ZI Data)              6376 (   6.23kB)
    Total ROM Size (Code + RO Data + RW Data)      26172 (  25.56kB)

==============================================================================

